Archive member included to satisfy reference by file (symbol)

E:/ST/STM32CubeIDE_2.2.0/STM32CubeIDE/plugins/com.st.stm32cube.ide.mcu.externaltools.gnu-tools-for-stm32.14.3.rel1.win32_1.0.100.202602081740/tools/bin/../lib/gcc/arm-none-eabi/14.3.1/../../../../arm-none-eabi/lib/thumb/v7e-m+dp/hard\libc_nano.a(libc_a-exit.o)
                              E:/ST/STM32CubeIDE_2.2.0/STM32CubeIDE/plugins/com.st.stm32cube.ide.mcu.externaltools.gnu-tools-for-stm32.14.3.rel1.win32_1.0.100.202602081740/tools/bin/../lib/gcc/arm-none-eabi/14.3.1/../../../../arm-none-eabi/lib/thumb/v7e-m+dp/hard/crt0.o (exit)
E:/ST/STM32CubeIDE_2.2.0/STM32CubeIDE/plugins/com.st.stm32cube.ide.mcu.externaltools.gnu-tools-for-stm32.14.3.rel1.win32_1.0.100.202602081740/tools/bin/../lib/gcc/arm-none-eabi/14.3.1/../../../../arm-none-eabi/lib/thumb/v7e-m+dp/hard\libc_nano.a(libc_a-nano-vfprintf_float.o)
                              (_printf_float)
E:/ST/STM32CubeIDE_2.2.0/STM32CubeIDE/plugins/com.st.stm32cube.ide.mcu.externaltools.gnu-tools-for-stm32.14.3.rel1.win32_1.0.100.202602081740/tools/bin/../lib/gcc/arm-none-eabi/14.3.1/../../../../arm-none-eabi/lib/thumb/v7e-m+dp/hard\libc_nano.a(libc_a-nano-vfprintf_i.o)
                              E:/ST/STM32CubeIDE_2.2.0/STM32CubeIDE/plugins/com.st.stm32cube.ide.mcu.externaltools.gnu-tools-for-stm32.14.3.rel1.win32_1.0.100.202602081740/tools/bin/../lib/gcc/arm-none-eabi/14.3.1/../../../../arm-none-eabi/lib/thumb/v7e-m+dp/hard\libc_nano.a(libc_a-nano-vfprintf_float.o) (_printf_common)
E:/ST/STM32CubeIDE_2.2.0/STM32CubeIDE/plugins/com.st.stm32cube.ide.mcu.externaltools.gnu-tools-for-stm32.14.3.rel1.win32_1.0.100.202602081740/tools/bin/../lib/gcc/arm-none-eabi/14.3.1/../../../../arm-none-eabi/lib/thumb/v7e-m+dp/hard\libc_nano.a(libc_a-findfp.o)
                              E:/ST/STM32CubeIDE_2.2.0/STM32CubeIDE/plugins/com.st.stm32cube.ide.mcu.externaltools.gnu-tools-for-stm32.14.3.rel1.win32_1.0.100.202602081740/tools/bin/../lib/gcc/arm-none-eabi/14.3.1/../../../../arm-none-eabi/lib/thumb/v7e-m+dp/hard\libc_nano.a(libc_a-exit.o) (__stdio_exit_handler)
E:/ST/STM32CubeIDE_2.2.0/STM32CubeIDE/plugins/com.st.stm32cube.ide.mcu.externaltools.gnu-tools-for-stm32.14.3.rel1.win32_1.0.100.202602081740/tools/bin/../lib/gcc/arm-none-eabi/14.3.1/../../../../arm-none-eabi/lib/thumb/v7e-m+dp/hard\libc_nano.a(libc_a-fwalk.o)
                              E:/ST/STM32CubeIDE_2.2.0/STM32CubeIDE/plugins/com.st.stm32cube.ide.mcu.externaltools.gnu-tools-for-stm32.14.3.rel1.win32_1.0.100.202602081740/tools/bin/../lib/gcc/arm-none-eabi/14.3.1/../../../../arm-none-eabi/lib/thumb/v7e-m+dp/hard\libc_nano.a(libc_a-findfp.o) (_fwalk_sglue)
E:/ST/STM32CubeIDE_2.2.0/STM32CubeIDE/plugins/com.st.stm32cube.ide.mcu.externaltools.gnu-tools-for-stm32.14.3.rel1.win32_1.0.100.202602081740/tools/bin/../lib/gcc/arm-none-eabi/14.3.1/../../../../arm-none-eabi/lib/thumb/v7e-m+dp/hard\libc_nano.a(libc_a-sprintf.o)
                              ./Drivers/BSP/ST7735/lcd.o (sprintf)
E:/ST/STM32CubeIDE_2.2.0/STM32CubeIDE/plugins/com.st.stm32cube.ide.mcu.externaltools.gnu-tools-for-stm32.14.3.rel1.win32_1.0.100.202602081740/tools/bin/../lib/gcc/arm-none-eabi/14.3.1/../../../../arm-none-eabi/lib/thumb/v7e-m+dp/hard\libc_nano.a(libc_a-stdio.o)
                              E:/ST/STM32CubeIDE_2.2.0/STM32CubeIDE/plugins/com.st.stm32cube.ide.mcu.externaltools.gnu-tools-for-stm32.14.3.rel1.win32_1.0.100.202602081740/tools/bin/../lib/gcc/arm-none-eabi/14.3.1/../../../../arm-none-eabi/lib/thumb/v7e-m+dp/hard\libc_nano.a(libc_a-findfp.o) (__sread)
E:/ST/STM32CubeIDE_2.2.0/STM32CubeIDE/plugins/com.st.stm32cube.ide.mcu.externaltools.gnu-tools-for-stm32.14.3.rel1.win32_1.0.100.202602081740/tools/bin/../lib/gcc/arm-none-eabi/14.3.1/../../../../arm-none-eabi/lib/thumb/v7e-m+dp/hard\libc_nano.a(libc_a-memset.o)
                              E:/ST/STM32CubeIDE_2.2.0/STM32CubeIDE/plugins/com.st.stm32cube.ide.mcu.externaltools.gnu-tools-for-stm32.14.3.rel1.win32_1.0.100.202602081740/tools/bin/../lib/gcc/arm-none-eabi/14.3.1/../../../../arm-none-eabi/lib/thumb/v7e-m+dp/hard/crt0.o (memset)
E:/ST/STM32CubeIDE_2.2.0/STM32CubeIDE/plugins/com.st.stm32cube.ide.mcu.externaltools.gnu-tools-for-stm32.14.3.rel1.win32_1.0.100.202602081740/tools/bin/../lib/gcc/arm-none-eabi/14.3.1/../../../../arm-none-eabi/lib/thumb/v7e-m+dp/hard\libc_nano.a(libc_a-localeconv.o)
                              E:/ST/STM32CubeIDE_2.2.0/STM32CubeIDE/plugins/com.st.stm32cube.ide.mcu.externaltools.gnu-tools-for-stm32.14.3.rel1.win32_1.0.100.202602081740/tools/bin/../lib/gcc/arm-none-eabi/14.3.1/../../../../arm-none-eabi/lib/thumb/v7e-m+dp/hard\libc_nano.a(libc_a-nano-vfprintf_float.o) (_localeconv_r)
E:/ST/STM32CubeIDE_2.2.0/STM32CubeIDE/plugins/com.st.stm32cube.ide.mcu.externaltools.gnu-tools-for-stm32.14.3.rel1.win32_1.0.100.202602081740/tools/bin/../lib/gcc/arm-none-eabi/14.3.1/../../../../arm-none-eabi/lib/thumb/v7e-m+dp/hard\libc_nano.a(libc_a-closer.o)
[...]
Memory Configuration

Name             Origin             Length             Attributes
FLASH            0x08000000         0x00200000         xr
DTCMRAM          0x20000000         0x00020000         xrw
RAM_D1           0x24000000         0x00080000         xrw
RAM_D2           0x30000000         0x00048000         xrw
RAM_D3           0x38000000         0x00010000         xrw
ITCMRAM          0x00000000         0x00010000         xrw
*default*        0x00000000         0xffffffff

Linker script and memory map

LOAD E:/ST/STM32CubeIDE_2.2.0/STM32CubeIDE/plugins/com.st.stm32cube.ide.mcu.externaltools.gnu-tools-for-stm32.14.3.rel1.win32_1.0.100.202602081740/tools/bin/../lib/gcc/arm-none-eabi/14.3.1/thumb/v7e-m+dp/hard/crti.o
LOAD E:/ST/STM32CubeIDE_2.2.0/STM32CubeIDE/plugins/com.st.stm32cube.ide.mcu.externaltools.gnu-tools-for-stm32.14.3.rel1.win32_1.0.100.202602081740/tools/bin/../lib/gcc/arm-none-eabi/14.3.1/thumb/v7e-m+dp/hard/crtbegin.o
LOAD E:/ST/STM32CubeIDE_2.2.0/STM32CubeIDE/plugins/com.st.stm32cube.ide.mcu.externaltools.gnu-tools-for-stm32.14.3.rel1.win32_1.0.100.202602081740/tools/bin/../lib/gcc/arm-none-eabi/14.3.1/../../../../arm-none-eabi/lib/thumb/v7e-m+dp/hard/crt0.o
LOAD ./Drivers/BSP/LSM6DS/lsm6ds3tr_c.o
LOAD ./Drivers/BSP/MCF8316C/mcf8316c.o
LOAD ./Drivers/BSP/ST7735/lcd.o
LOAD ./Drivers/BSP/ST7735/logo_128_160.o
LOAD ./Drivers/BSP/ST7735/logo_160_80.o
LOAD ./Drivers/BSP/ST7735/st7735.o
LOAD ./Drivers/BSP/ST7735/st7735_reg.o
LOAD ./Drivers/STM32H7xx_HAL_Driver/Src/stm32h7xx_hal.o
LOAD ./Drivers/STM32H7xx_HAL_Driver/Src/stm32h7xx_hal_cortex.o
LOAD ./Drivers/STM32H7xx_HAL_Driver/Src/stm32h7xx_hal_dma.o
LOAD ./Drivers/STM32H7xx_HAL_Driver/Src/stm32h7xx_hal_dma_ex.o
LOAD ./Drivers/STM32H7xx_HAL_Driver/Src/stm32h7xx_hal_exti.o
LOAD ./Drivers/STM32H7xx_HAL_Driver/Src/stm32h7xx_hal_flash.o
LOAD ./Drivers/STM32H7xx_HAL_Driver/Src/stm32h7xx_hal_flash_ex.o
LOAD ./Drivers/STM32H7xx_HAL_Driver/Src/stm32h7xx_hal_gpio.o
LOAD ./Drivers/STM32H7xx_HAL_Driver/Src/stm32h7xx_hal_hsem.o
LOAD ./Drivers/STM32H7xx_HAL_Driver/Src/stm32h7xx_hal_i2c.o
LOAD ./Drivers/STM32H7xx_HAL_Driver/Src/stm32h7xx_hal_i2c_ex.o
LOAD ./Drivers/STM32H7xx_HAL_Driver/Src/stm32h7xx_hal_mdma.o
LOAD ./Drivers/STM32H7xx_HAL_Driver/Src/stm32h7xx_hal_pwr.o
LOAD ./Drivers/STM32H7xx_HAL_Driver/Src/stm32h7xx_hal_pwr_ex.o
LOAD ./Drivers/STM32H7xx_HAL_Driver/Src/stm32h7xx_hal_rcc.o
LOAD ./Drivers/STM32H7xx_HAL_Driver/Src/stm32h7xx_hal_rcc_ex.o
LOAD ./Drivers/STM32H7xx_HAL_Driver/Src/stm32h7xx_hal_spi.o
LOAD ./Drivers/STM32H7xx_HAL_Driver/Src/stm32h7xx_hal_spi_ex.o
LOAD ./Drivers/STM32H7xx_HAL_Driver/Src/stm32h7xx_hal_tim.o
LOAD ./Drivers/STM32H7xx_HAL_Driver/Src/stm32h7xx_hal_tim_ex.o
LOAD ./Src/debug.o
LOAD ./Src/gpio.o
LOAD ./Src/i2c.o
LOAD ./Src/init.o
LOAD ./Src/main.o
LOAD ./Src/spi.o
LOAD ./Src/stm32h7xx_hal_msp.o
LOAD ./Src/stm32h7xx_it.o
LOAD ./Src/syscalls.o
LOAD ./Src/sysmem.o
LOAD ./Src/system_stm32h7xx.o
LOAD ./Src/tim.o
LOAD ./Startup/startup_stm32h743vitx.o
START GROUP
LOAD E:/ST/STM32CubeIDE_2.2.0/STM32CubeIDE/plugins/com.st.stm32cube.ide.mcu.externaltools.gnu-tools-for-stm32.14.3.rel1.win32_1.0.100.202602081740/tools/bin/../lib/gcc/arm-none-eabi/14.3.1/../../../../arm-none-eabi/lib/thumb/v7e-m+dp/hard\libc_nano.a
LOAD E:/ST/STM32CubeIDE_2.2.0/STM32CubeIDE/plugins/com.st.stm32cube.ide.mcu.externaltools.gnu-tools-for-stm32.14.3.rel1.win32_1.0.100.202602081740/tools/bin/../lib/gcc/arm-none-eabi/14.3.1/../../../../arm-none-eabi/lib/thumb/v7e-m+dp/hard\libm.a
END GROUP
START GROUP
LOAD E:/ST/STM32CubeIDE_2.2.0/STM32CubeIDE/plugins/com.st.stm32cube.ide.mcu.externaltools.gnu-tools-for-stm32.14.3.rel1.win32_1.0.100.202602081740/tools/bin/../lib/gcc/arm-none-eabi/14.3.1/thumb/v7e-m+dp/hard\libgcc.a
LOAD E:/ST/STM32CubeIDE_2.2.0/STM32CubeIDE/plugins/com.st.stm32cube.ide.mcu.externaltools.gnu-tools-for-stm32.14.3.rel1.win32_1.0.100.202602081740/tools/bin/../lib/gcc/arm-none-eabi/14.3.1/../../../../arm-none-eabi/lib/thumb/v7e-m+dp/hard\libc_nano.a
END GROUP
START GROUP
LOAD E:/ST/STM32CubeIDE_2.2.0/STM32CubeIDE/plugins/com.st.stm32cube.ide.mcu.externaltools.gnu-tools-for-stm32.14.3.rel1.win32_1.0.100.202602081740/tools/bin/../lib/gcc/arm-none-eabi/14.3.1/thumb/v7e-m+dp/hard\libgcc.a
LOAD E:/ST/STM32CubeIDE_2.2.0/STM32CubeIDE/plugins/com.st.stm32cube.ide.mcu.externaltools.gnu-tools-for-stm32.14.3.rel1.win32_1.0.100.202602081740/tools/bin/../lib/gcc/arm-none-eabi/14.3.1/../../../../arm-none-eabi/lib/thumb/v7e-m+dp/hard\libc_nano.a
LOAD E:/ST/STM32CubeIDE_2.2.0/STM32CubeIDE/plugins/com.st.stm32cube.ide.mcu.externaltools.gnu-tools-for-stm32.14.3.rel1.win32_1.0.100.202602081740/tools/bin/../lib/gcc/arm-none-eabi/14.3.1/../../../../arm-none-eabi/lib/thumb/v7e-m+dp/hard\libnosys.a
END GROUP
START GROUP
LOAD E:/ST/STM32CubeIDE_2.2.0/STM32CubeIDE/plugins/com.st.stm32cube.ide.mcu.externaltools.gnu-tools-for-stm32.14.3.rel1.win32_1.0.100.202602081740/tools/bin/../lib/gcc/arm-none-eabi/14.3.1/thumb/v7e-m+dp/hard\libgcc.a
LOAD E:/ST/STM32CubeIDE_2.2.0/STM32CubeIDE/plugins/com.st.stm32cube.ide.mcu.externaltools.gnu-tools-for-stm32.14.3.rel1.win32_1.0.100.202602081740/tools/bin/../lib/gcc/arm-none-eabi/14.3.1/../../../../arm-none-eabi/lib/thumb/v7e-m+dp/hard\libc_nano.a
LOAD E:/ST/STM32CubeIDE_2.2.0/STM32CubeIDE/plugins/com.st.stm32cube.ide.mcu.externaltools.gnu-tools-for-stm32.14.3.rel1.win32_1.0.100.202602081740/tools/bin/../lib/gcc/arm-none-eabi/14.3.1/../../../../arm-none-eabi/lib/thumb/v7e-m+dp/hard\libnosys.a
END GROUP
LOAD E:/ST/STM32CubeIDE_2.2.0/STM32CubeIDE/plugins/com.st.stm32cube.ide.mcu.externaltools.gnu-tools-for-stm32.14.3.rel1.win32_1.0.100.202602081740/tools/bin/../lib/gcc/arm-none-eabi/14.3.1/thumb/v7e-m+dp/hard/crtend.o
LOAD E:/ST/STM32CubeIDE_2.2.0/STM32CubeIDE/plugins/com.st.stm32cube.ide.mcu.externaltools.gnu-tools-for-stm32.14.3.rel1.win32_1.0.100.202602081740/tools/bin/../lib/gcc/arm-none-eabi/14.3.1/thumb/v7e-m+dp/hard/crtn.o
                0x24080000                        _estack = (ORIGIN (RAM_D1) + LENGTH (RAM_D1))
                0x00000200                        _Min_Heap_Size = 0x200
                0x00000400                        _Min_Stack_Size = 0x400

.isr_vector     0x08000000      0x298
                0x08000000                        . = ALIGN (0x4)
 *(.isr_vector)
 .isr_vector    0x08000000      0x298 ./Startup/startup_stm32h743vitx.o
                0x08000000                g_pfnVectors
                0x08000298                        . = ALIGN (0x4)

.text           0x080002a0     0xc09c
                0x080002a0                        . = ALIGN (0x4)
 *(.text)
 .text          0x080002a0       0x40 E:/ST/STM32CubeIDE_2.2.0/STM32CubeIDE/plugins/com.st.stm32cube.ide.mcu.externaltools.gnu-tools-for-stm32.14.3.rel1.win32_1.0.100.202602081740/tools/bin/../lib/gcc/arm-none-eabi/14.3.1/thumb/v7e-m+dp/hard/crtbegin.o
 .text          0x080002e0       0xa0 E:/ST/STM32CubeIDE_2.2.0/STM32CubeIDE/plugins/com.st.stm32cube.ide.mcu.externaltools.gnu-tools-for-stm32.14.3.rel1.win32_1.0.100.202602081740/tools/bin/../lib/gcc/arm-none-eabi/14.3.1/../../../../arm-none-eabi/lib/thumb/v7e-m+dp/hard\libc_nano.a(libc_a-memchr.o)
                0x080002e0                memchr
 .text          0x08000380       0x10 E:/ST/STM32CubeIDE_2.2.0/STM32CubeIDE/plugins/com.st.stm32cube.ide.mcu.externaltools.gnu-tools-for-stm32.14.3.rel1.win32_1.0.100.202602081740/tools/bin/../lib/gcc/arm-none-eabi/14.3.1/../../../../arm-none-eabi/lib/thumb/v7e-m+dp/hard\libc_nano.a(libc_a-strlen.o)
                0x08000380                strlen
 *(.text*)
 .text.LSM6DS3TR_C_CS_Low
                0x08000390       0x18 ./Drivers/BSP/LSM6DS/lsm6ds3tr_c.o
 .text.LSM6DS3TR_C_CS_High
                0x080003a8       0x18 ./Drivers/BSP/LSM6DS/lsm6ds3tr_c.o
 .text.LSM6DS3TR_C_WriteReg
                0x080003c0       0x40 ./Drivers/BSP/LSM6DS/lsm6ds3tr_c.o
 .text.LSM6DS3TR_C_ReadReg
                0x08000400       0x4c ./Drivers/BSP/LSM6DS/lsm6ds3tr_c.o
 .text.LSM6DS3TR_C_Init
                0x0800044c       0x34 ./Drivers/BSP/LSM6DS/lsm6ds3tr_c.o
                0x0800044c                LSM6DS3TR_C_Init
 .text.LSM6DS3TR_C_Read_Accel
                0x08000480       0x7c ./Drivers/BSP/LSM6DS/lsm6ds3tr_c.o
                0x08000480                LSM6DS3TR_C_Read_Accel
 .text.LSM6DS3TR_C_Read_Gyro
                0x080004fc       0x7c ./Drivers/BSP/LSM6DS/lsm6ds3tr_c.o
                0x080004fc                LSM6DS3TR_C_Read_Gyro
 .text.LSM6DS3TR_C_Check_WhoAmI
                0x08000578       0x50 ./Drivers/BSP/LSM6DS/lsm6ds3tr_c.o
                0x08000578                LSM6DS3TR_C_Check_WhoAmI
 .text.LSM6DS3TR_C_Get_RPY
                0x080005c8      0x144 ./Drivers/BSP/LSM6DS/lsm6ds3tr_c.o
                0x080005c8                LSM6DS3TR_C_Get_RPY
 .text.MCF8316C_Read_Faults
                0x0800070c       0x28 ./Drivers/BSP/MCF8316C/mcf8316c.o
                0x0800070c                MCF8316C_Read_Faults
 .text.MCF8316C_WriteReg32
                0x08000734       0x68 ./Drivers/BSP/MCF8316C/mcf8316c.o
                0x08000734                MCF8316C_WriteReg32
 .text.MCF8316C_ReadReg32
                0x0800079c       0x70 ./Drivers/BSP/MCF8316C/mcf8316c.o
                0x0800079c                MCF8316C_ReadReg32
 .text.MCF8316C_Config_MPET
                0x0800080c       0xdc ./Drivers/BSP/MCF8316C/mcf8316c.o
                0x0800080c                MCF8316C_Config_MPET
 .text.MCF8316C_Start_MPET
                0x080008e8       0x1a ./Drivers/BSP/MCF8316C/mcf8316c.o
                0x080008e8                MCF8316C_Start_MPET
 .text.MCF8316C_Read_MPET_Results
                0x08000902       0x82 ./Drivers/BSP/MCF8316C/mcf8316c.o
                0x08000902                MCF8316C_Read_MPET_Results
 .text.MCF8316C_Check_Connection
                0x08000984       0x24 ./Drivers/BSP/MCF8316C/mcf8316c.o
                0x08000984                MCF8316C_Check_Connection
 .text.MCF8316C_Save_To_EEPROM
                0x080009a8       0x1c ./Drivers/BSP/MCF8316C/mcf8316c.o
                0x080009a8                MCF8316C_Save_To_EEPROM
 .text.MCF8316C_Emergency_Recovery
                0x080009c4       0xfc ./Drivers/BSP/MCF8316C/mcf8316c.o
                0x080009c4                MCF8316C_Emergency_Recovery
 .text.MCF8316C_Clear_Faults
                0x08000ac0       0x18 ./Drivers/BSP/MCF8316C/mcf8316c.o
                0x08000ac0                MCF8316C_Clear_Faults
 .text.MCF8316C_Set_Speed
                0x08000ad8       0x78 ./Drivers/BSP/MCF8316C/mcf8316c.o
                0x08000ad8                MCF8316C_Set_Speed
 .text.MCF8316C_Wait_SysEnable
                0x08000b50       0x40 ./Drivers/BSP/MCF8316C/mcf8316c.o
                0x08000b50                MCF8316C_Wait_SysEnable
 .text.MCF8316C_Is_NFAULT_Active
                0x08000b90       0x24 ./Drivers/BSP/MCF8316C/mcf8316c.o
                0x08000b90                MCF8316C_Is_NFAULT_Active
 .text.MCF8316C_WriteAndVerifyReg32
                0x08000bb4       0x52 ./Drivers/BSP/MCF8316C/mcf8316c.o
                0x08000bb4                MCF8316C_WriteAndVerifyReg32
 *fill*         0x08000c06        0x2 
 .text.LCD_Test
                0x08000c08      0x230 ./Drivers/BSP/ST7735/lcd.o
                0x08000c08                LCD_Test
 .text.LCD_SetBrightness
                0x08000e38       0x20 ./Drivers/BSP/ST7735/lcd.o
                0x08000e38                LCD_SetBrightness
 .text.LCD_GetBrightness
                0x08000e58       0x18 ./Drivers/BSP/ST7735/lcd.o
                0x08000e58                LCD_GetBrightness
 .text.LCD_Light
                0x08000e70       0xea ./Drivers/BSP/ST7735/lcd.o
                0x08000e70                LCD_Light
 *fill*         0x08000f5a        0x2 
 .text.LCD_ShowChar
                0x08000f5c      0x42c ./Drivers/BSP/ST7735/lcd.o
                0x08000f5c                LCD_ShowChar
 .text.LCD_ShowString
                0x08001388       0x9e ./Drivers/BSP/ST7735/lcd.o
                0x08001388                LCD_ShowString
 *fill*         0x08001426        0x2 
 .text.lcd_init
                0x08001428       0x20 ./Drivers/BSP/ST7735/lcd.o
 .text.lcd_gettick
                0x08001448        0xe ./Drivers/BSP/ST7735/lcd.o
 *fill*         0x08001456        0x2 
 .text.lcd_writereg
                0x08001458       0x94 ./Drivers/BSP/ST7735/lcd.o
 .text.lcd_readreg
                0x080014ec       0x88 ./Drivers/BSP/ST7735/lcd.o
 .text.lcd_senddata
                0x08001574       0x58 ./Drivers/BSP/ST7735/lcd.o
 .text.lcd_recvdata
                0x080015cc       0x5c ./Drivers/BSP/ST7735/lcd.o
 .text.ST7735_RegisterBusIO
                0x08001628       0xa8 ./Drivers/BSP/ST7735/st7735.o
                0x08001628                ST7735_RegisterBusIO
 .text.ST7735_Init
                0x080016d0      0x77e ./Drivers/BSP/ST7735/st7735.o
                0x080016d0                ST7735_Init
 .text.ST7735_DeInit
                0x08001e4e       0x16 ./Drivers/BSP/ST7735/st7735.o
                0x08001e4e                ST7735_DeInit
 .text.ST7735_ReadID
                0x08001e64       0x8e ./Drivers/BSP/ST7735/st7735.o
                0x08001e64                ST7735_ReadID
 *fill*         0x08001ef2        0x2 
 .text.ST7735_DisplayOn
                0x08001ef4       0xc8 ./Drivers/BSP/ST7735/st7735.o
                0x08001ef4                ST7735_DisplayOn
 .text.ST7735_DisplayOff
                0x08001fbc       0xc8 ./Drivers/BSP/ST7735/st7735.o
                0x08001fbc                ST7735_DisplayOff
 .text.ST7735_SetBrightness
                0x08002084       0x1a ./Drivers/BSP/ST7735/st7735.o
                0x08002084                ST7735_SetBrightness
 .text.ST7735_GetBrightness
                0x0800209e       0x1a ./Drivers/BSP/ST7735/st7735.o
                0x0800209e                ST7735_GetBrightness
 .text.ST7735_SetOrientation
                0x080020b8      0x11c ./Drivers/BSP/ST7735/st7735.o
                0x080020b8                ST7735_SetOrientation
 .text.ST7735_GetOrientation
                0x080021d4       0x24 ./Drivers/BSP/ST7735/st7735.o
                0x080021d4                ST7735_GetOrientation
 .text.ST7735_SetCursor
                0x080021f8      0x178 ./Drivers/BSP/ST7735/st7735.o
                0x080021f8                ST7735_SetCursor
 .text.ST7735_DrawBitmap
                0x08002370      0x214 ./Drivers/BSP/ST7735/st7735.o
                0x08002370                ST7735_DrawBitmap
 .text.ST7735_FillRGBRect
                0x08002584       0xd0 ./Drivers/BSP/ST7735/st7735.o
                0x08002584                ST7735_FillRGBRect
 .text.ST7735_DrawHLine
                0x08002654       0xa0 ./Drivers/BSP/ST7735/st7735.o
                0x08002654                ST7735_DrawHLine
 .text.ST7735_DrawVLine
                0x080026f4       0x68 ./Drivers/BSP/ST7735/st7735.o
                0x080026f4                ST7735_DrawVLine
 .text.ST7735_FillRect
                0x0800275c       0x58 ./Drivers/BSP/ST7735/st7735.o
                0x0800275c                ST7735_FillRect
 .text.ST7735_SetPixel
                0x080027b4       0x88 ./Drivers/BSP/ST7735/st7735.o
                0x080027b4                ST7735_SetPixel
 .text.ST7735_GetPixel
                0x0800283c       0x9e ./Drivers/BSP/ST7735/st7735.o
                0x0800283c                ST7735_GetPixel
 *fill*         0x080028da        0x2 
 .text.ST7735_GetXSize
                0x080028dc       0x24 ./Drivers/BSP/ST7735/st7735.o
                0x080028dc                ST7735_GetXSize
 .text.ST7735_GetYSize
                0x08002900       0x24 ./Drivers/BSP/ST7735/st7735.o
                0x08002900                ST7735_GetYSize
 .text.ST7735_SetDisplayWindow
                0x08002924      0x208 ./Drivers/BSP/ST7735/st7735.o
 .text.ST7735_ReadRegWrap
                0x08002b2c       0x28 ./Drivers/BSP/ST7735/st7735.o
 .text.ST7735_WriteRegWrap
                0x08002b54       0x2a ./Drivers/BSP/ST7735/st7735.o
 .text.ST7735_SendDataWrap
                0x08002b7e       0x24 ./Drivers/BSP/ST7735/st7735.o
 .text.ST7735_RecvDataWrap
                0x08002ba2       0x24 ./Drivers/BSP/ST7735/st7735.o
 .text.ST7735_IO_Delay
                0x08002bc6       0x34 ./Drivers/BSP/ST7735/st7735.o
 .text.st7735_read_reg
                0x08002bfa       0x26 ./Drivers/BSP/ST7735/st7735_reg.o
                0x08002bfa                st7735_read_reg
 .text.st7735_write_reg
                0x08002c20       0x2a ./Drivers/BSP/ST7735/st7735_reg.o
                0x08002c20                st7735_write_reg
 .text.st7735_send_data
                0x08002c4a       0x24 ./Drivers/BSP/ST7735/st7735_reg.o
                0x08002c4a                st7735_send_data
 .text.st7735_recv_data
                0x08002c6e       0x24 ./Drivers/BSP/ST7735/st7735_reg.o
                0x08002c6e                st7735_recv_data
 *fill*         0x08002c92        0x2 
 .text.HAL_Init
                0x08002c94       0x78 ./Drivers/STM32H7xx_HAL_Driver/Src/stm32h7xx_hal.o
                0x08002c94                HAL_Init
 .text.HAL_InitTick
                0x08002d0c       0x6c ./Drivers/STM32H7xx_HAL_Driver/Src/stm32h7xx_hal.o
                0x08002d0c                HAL_InitTick
 .text.HAL_IncTick
                0x08002d78       0x28 ./Drivers/STM32H7xx_HAL_Driver/Src/stm32h7xx_hal.o
                0x08002d78                HAL_IncTick
 .text.HAL_GetTick
                0x08002da0       0x18 ./Drivers/STM32H7xx_HAL_Driver/Src/stm32h7xx_hal.o
                0x08002da0                HAL_GetTick
 .text.HAL_Delay
                0x08002db8       0x48 ./Drivers/STM32H7xx_HAL_Driver/Src/stm32h7xx_hal.o
                0x08002db8                HAL_Delay
 .text.HAL_GetDEVID
                0x08002e00       0x1c ./Drivers/STM32H7xx_HAL_Driver/Src/stm32h7xx_hal.o
                0x08002e00                HAL_GetDEVID
 .text.__NVIC_SetPriorityGrouping
                0x08002e1c       0x48 ./Drivers/STM32H7xx_HAL_Driver/Src/stm32h7xx_hal_cortex.o
 .text.__NVIC_GetPriorityGrouping
                0x08002e64       0x1c ./Drivers/STM32H7xx_HAL_Driver/Src/stm32h7xx_hal_cortex.o
 .text.__NVIC_SetPriority
                0x08002e80       0x54 ./Drivers/STM32H7xx_HAL_Driver/Src/stm32h7xx_hal_cortex.o
 .text.NVIC_EncodePriority
                0x08002ed4       0x66 ./Drivers/STM32H7xx_HAL_Driver/Src/stm32h7xx_hal_cortex.o
 *fill*         0x08002f3a        0x2 
 .text.SysTick_Config
                0x08002f3c       0x44 ./Drivers/STM32H7xx_HAL_Driver/Src/stm32h7xx_hal_cortex.o
 .text.HAL_NVIC_SetPriorityGrouping
                0x08002f80       0x16 ./Drivers/STM32H7xx_HAL_Driver/Src/stm32h7xx_hal_cortex.o
                0x08002f80                HAL_NVIC_SetPriorityGrouping
 .text.HAL_NVIC_SetPriority
                0x08002f96       0x34 ./Drivers/STM32H7xx_HAL_Driver/Src/stm32h7xx_hal_cortex.o
                0x08002f96                HAL_NVIC_SetPriority
 .text.HAL_SYSTICK_Config
                0x08002fca       0x18 ./Drivers/STM32H7xx_HAL_Driver/Src/stm32h7xx_hal_cortex.o
                0x08002fca                HAL_SYSTICK_Config
 *fill*         0x08002fe2        0x2 
 .text.HAL_GPIO_Init
                0x08002fe4      0x374 ./Drivers/STM32H7xx_HAL_Driver/Src/stm32h7xx_hal_gpio.o
                0x08002fe4                HAL_GPIO_Init
 .text.HAL_GPIO_ReadPin
                0x08003358       0x30 ./Drivers/STM32H7xx_HAL_Driver/Src/stm32h7xx_hal_gpio.o
                0x08003358                HAL_GPIO_ReadPin
 .text.HAL_GPIO_WritePin
                0x08003388       0x32 ./Drivers/STM32H7xx_HAL_Driver/Src/stm32h7xx_hal_gpio.o
                0x08003388                HAL_GPIO_WritePin
 *fill*         0x080033ba        0x2 
 .text.HAL_I2C_Init
                0x080033bc      0x138 ./Drivers/STM32H7xx_HAL_Driver/Src/stm32h7xx_hal_i2c.o
                0x080033bc                HAL_I2C_Init
 .text.HAL_I2C_Master_Transmit
                0x080034f4      0x230 ./Drivers/STM32H7xx_HAL_Driver/Src/stm32h7xx_hal_i2c.o
                0x080034f4                HAL_I2C_Master_Transmit
 .text.HAL_I2C_Master_Receive
                0x08003724      0x1ec ./Drivers/STM32H7xx_HAL_Driver/Src/stm32h7xx_hal_i2c.o
                0x08003724                HAL_I2C_Master_Receive
 .text.HAL_I2C_IsDeviceReady
                0x08003910      0x1e8 ./Drivers/STM32H7xx_HAL_Driver/Src/stm32h7xx_hal_i2c.o
                0x08003910                HAL_I2C_IsDeviceReady
 .text.I2C_Flush_TXDR
                0x08003af8       0x48 ./Drivers/STM32H7xx_HAL_Driver/Src/stm32h7xx_hal_i2c.o
 .text.I2C_WaitOnFlagUntilTimeout
                0x08003b40       0xb2 ./Drivers/STM32H7xx_HAL_Driver/Src/stm32h7xx_hal_i2c.o
 .text.I2C_WaitOnTXISFlagUntilTimeout
                0x08003bf2       0x8e ./Drivers/STM32H7xx_HAL_Driver/Src/stm32h7xx_hal_i2c.o
 .text.I2C_WaitOnSTOPFlagUntilTimeout
                0x08003c80       0x86 ./Drivers/STM32H7xx_HAL_Driver/Src/stm32h7xx_hal_i2c.o
 *fill*         0x08003d06        0x2 
 .text.I2C_WaitOnRXNEFlagUntilTimeout
                0x08003d08      0x118 ./Drivers/STM32H7xx_HAL_Driver/Src/stm32h7xx_hal_i2c.o
 .text.I2C_IsErrorOccurred
                0x08003e20      0x1c0 ./Drivers/STM32H7xx_HAL_Driver/Src/stm32h7xx_hal_i2c.o
 .text.I2C_TransferConfig
                0x08003fe0       0x64 ./Drivers/STM32H7xx_HAL_Driver/Src/stm32h7xx_hal_i2c.o
 .text.HAL_I2CEx_ConfigAnalogFilter
                0x08004044       0x96 ./Drivers/STM32H7xx_HAL_Driver/Src/stm32h7xx_hal_i2c_ex.o
                0x08004044                HAL_I2CEx_ConfigAnalogFilter
 .text.HAL_I2CEx_ConfigDigitalFilter
                0x080040da       0x98 ./Drivers/STM32H7xx_HAL_Driver/Src/stm32h7xx_hal_i2c_ex.o
                0x080040da                HAL_I2CEx_ConfigDigitalFilter
 *fill*         0x08004172        0x2 
 .text.HAL_RCC_GetSysClockFreq
                0x08004174      0x2f4 ./Drivers/STM32H7xx_HAL_Driver/Src/stm32h7xx_hal_rcc.o
                0x08004174                HAL_RCC_GetSysClockFreq
 .text.HAL_RCCEx_PeriphCLKConfig
                0x08004468     0x1414 ./Drivers/STM32H7xx_HAL_Driver/Src/stm32h7xx_hal_rcc_ex.o
                0x08004468                HAL_RCCEx_PeriphCLKConfig
 .text.RCCEx_PLL2_Config
                0x0800587c      0x164 ./Drivers/STM32H7xx_HAL_Driver/Src/stm32h7xx_hal_rcc_ex.o
 .text.RCCEx_PLL3_Config
                0x080059e0      0x164 ./Drivers/STM32H7xx_HAL_Driver/Src/stm32h7xx_hal_rcc_ex.o
 .text.HAL_SPI_Init
                0x08005b44      0x248 ./Drivers/STM32H7xx_HAL_Driver/Src/stm32h7xx_hal_spi.o
                0x08005b44                HAL_SPI_Init
 .text.HAL_SPI_Transmit
                0x08005d8c      0x3dc ./Drivers/STM32H7xx_HAL_Driver/Src/stm32h7xx_hal_spi.o
                0x08005d8c                HAL_SPI_Transmit
 .text.HAL_SPI_Receive
                0x08006168      0x56c ./Drivers/STM32H7xx_HAL_Driver/Src/stm32h7xx_hal_spi.o
                0x08006168                HAL_SPI_Receive
 .text.SPI_CloseTransfer
                0x080066d4      0x140 ./Drivers/STM32H7xx_HAL_Driver/Src/stm32h7xx_hal_spi.o
 .text.SPI_WaitOnFlagUntilTimeout
                0x08006814       0x5c ./Drivers/STM32H7xx_HAL_Driver/Src/stm32h7xx_hal_spi.o
 .text.SPI_GetPacketSize
                0x08006870       0x36 ./Drivers/STM32H7xx_HAL_Driver/Src/stm32h7xx_hal_spi.o
 .text.HAL_TIM_Base_Init
                0x080068a6       0xae ./Drivers/STM32H7xx_HAL_Driver/Src/stm32h7xx_hal_tim.o
                0x080068a6                HAL_TIM_Base_Init
 .text.HAL_TIM_PWM_Init
                0x08006954       0xae ./Drivers/STM32H7xx_HAL_Driver/Src/stm32h7xx_hal_tim.o
                0x08006954                HAL_TIM_PWM_Init
 *fill*         0x08006a02        0x2 
 .text.HAL_TIM_PWM_Start
                0x08006a04      0x21c ./Drivers/STM32H7xx_HAL_Driver/Src/stm32h7xx_hal_tim.o
                0x08006a04                HAL_TIM_PWM_Start
 .text.HAL_TIM_PWM_ConfigChannel
                0x08006c20      0x228 ./Drivers/STM32H7xx_HAL_Driver/Src/stm32h7xx_hal_tim.o
                0x08006c20                HAL_TIM_PWM_ConfigChannel
 .text.HAL_TIM_ConfigClockSource
                0x08006e48      0x1f0 ./Drivers/STM32H7xx_HAL_Driver/Src/stm32h7xx_hal_tim.o
                0x08006e48                HAL_TIM_ConfigClockSource
 .text.TIM_Base_SetConfig
                0x08007038      0x140 ./Drivers/STM32H7xx_HAL_Driver/Src/stm32h7xx_hal_tim.o
                0x08007038                TIM_Base_SetConfig
 .text.TIM_OC1_SetConfig
                0x08007178      0x124 ./Drivers/STM32H7xx_HAL_Driver/Src/stm32h7xx_hal_tim.o
 .text.TIM_OC2_SetConfig
                0x0800729c      0x118 ./Drivers/STM32H7xx_HAL_Driver/Src/stm32h7xx_hal_tim.o
                0x0800729c                TIM_OC2_SetConfig
 .text.TIM_OC3_SetConfig
                0x080073b4      0x114 ./Drivers/STM32H7xx_HAL_Driver/Src/stm32h7xx_hal_tim.o
 .text.TIM_OC4_SetConfig
                0x080074c8       0xd4 ./Drivers/STM32H7xx_HAL_Driver/Src/stm32h7xx_hal_tim.o
 .text.TIM_OC5_SetConfig
                0x0800759c       0xc8 ./Drivers/STM32H7xx_HAL_Driver/Src/stm32h7xx_hal_tim.o
 .text.TIM_OC6_SetConfig
                0x08007664       0xcc ./Drivers/STM32H7xx_HAL_Driver/Src/stm32h7xx_hal_tim.o
 .text.TIM_TI1_ConfigInputStage
                0x08007730       0xa8 ./Drivers/STM32H7xx_HAL_Driver/Src/stm32h7xx_hal_tim.o
 .text.TIM_TI2_ConfigInputStage
                0x080077d8       0x84 ./Drivers/STM32H7xx_HAL_Driver/Src/stm32h7xx_hal_tim.o
 .text.TIM_ITRx_SetConfig
                0x0800785c       0x3c ./Drivers/STM32H7xx_HAL_Driver/Src/stm32h7xx_hal_tim.o
 .text.TIM_ETR_SetConfig
                0x08007898       0x40 ./Drivers/STM32H7xx_HAL_Driver/Src/stm32h7xx_hal_tim.o
                0x08007898                TIM_ETR_SetConfig
 .text.TIM_CCxChannelCmd
                0x080078d8       0x4a ./Drivers/STM32H7xx_HAL_Driver/Src/stm32h7xx_hal_tim.o
                0x080078d8                TIM_CCxChannelCmd
 *fill*         0x08007922        0x2 
 .text.HAL_TIMEx_PWMN_Start
                0x08007924      0x184 ./Drivers/STM32H7xx_HAL_Driver/Src/stm32h7xx_hal_tim_ex.o
                0x08007924                HAL_TIMEx_PWMN_Start
 .text.HAL_TIMEx_MasterConfigSynchronization
                0x08007aa8      0x11c ./Drivers/STM32H7xx_HAL_Driver/Src/stm32h7xx_hal_tim_ex.o
                0x08007aa8                HAL_TIMEx_MasterConfigSynchronization
 .text.HAL_TIMEx_ConfigBreakDeadTime
                0x08007bc4       0xfc ./Drivers/STM32H7xx_HAL_Driver/Src/stm32h7xx_hal_tim_ex.o
                0x08007bc4                HAL_TIMEx_ConfigBreakDeadTime
 .text.TIM_CCxNChannelCmd
                0x08007cc0       0x4a ./Drivers/STM32H7xx_HAL_Driver/Src/stm32h7xx_hal_tim_ex.o
 *fill*         0x08007d0a        0x2 
 .text.MX_GPIO_Init
                0x08007d0c      0x220 ./Src/gpio.o
                0x08007d0c                MX_GPIO_Init
 .text.MX_I2C1_Init
                0x08007f2c       0x80 ./Src/i2c.o
                0x08007f2c                MX_I2C1_Init
 .text.MX_I2C4_Init
                0x08007fac       0x80 ./Src/i2c.o
                0x08007fac                MX_I2C4_Init
 .text.HAL_I2C_MspInit
                0x0800802c      0x170 ./Src/i2c.o
                0x0800802c                HAL_I2C_MspInit
 .text.ExitRun0Mode
                0x0800819c        0x2 ./Src/main.o
                0x0800819c                ExitRun0Mode
 *fill*         0x0800819e        0x2 
 .text.LED_Blink
                0x080081a0       0x40 ./Src/main.o
 .text.main     0x080081e0      0x7ac ./Src/main.o
                0x080081e0                main
 .text.Error_Handler
                0x0800898c       0x14 ./Src/main.o
                0x0800898c                Error_Handler
 .text.MX_SPI2_Init
                0x080089a0       0xac ./Src/spi.o
                0x080089a0                MX_SPI2_Init
 .text.MX_SPI4_Init
                0x08008a4c       0xb0 ./Src/spi.o
                0x08008a4c                MX_SPI4_Init
 .text.HAL_SPI_MspInit
                0x08008afc      0x194 ./Src/spi.o
                0x08008afc                HAL_SPI_MspInit
 .text.HAL_MspInit
                0x08008c90       0x34 ./Src/stm32h7xx_hal_msp.o
                0x08008c90                HAL_MspInit
 .text.NMI_Handler
                0x08008cc4        0xe ./Src/stm32h7xx_it.o
                0x08008cc4                NMI_Handler
 .text.HardFault_Handler
                0x08008cd2        0x8 ./Src/stm32h7xx_it.o
                0x08008cd2                HardFault_Handler
 .text.MemManage_Handler
                0x08008cda        0x8 ./Src/stm32h7xx_it.o
                0x08008cda                MemManage_Handler
 .text.BusFault_Handler
                0x08008ce2        0x8 ./Src/stm32h7xx_it.o
                0x08008ce2                BusFault_Handler
 .text.UsageFault_Handler
                0x08008cea        0x8 ./Src/stm32h7xx_it.o
                0x08008cea                UsageFault_Handler
 .text.SVC_Handler
                0x08008cf2        0xe ./Src/stm32h7xx_it.o
                0x08008cf2                SVC_Handler
 .text.DebugMon_Handler
                0x08008d00        0xe ./Src/stm32h7xx_it.o
                0x08008d00                DebugMon_Handler
 .text.PendSV_Handler
                0x08008d0e        0xe ./Src/stm32h7xx_it.o
                0x08008d0e                PendSV_Handler
 .text.SysTick_Handler
                0x08008d1c        0xc ./Src/stm32h7xx_it.o
                0x08008d1c                SysTick_Handler
 .text._getpid  0x08008d28       0x10 ./Src/syscalls.o
                0x08008d28                _getpid
 .text._kill    0x08008d38       0x20 ./Src/syscalls.o
                0x08008d38                _kill
 .text._exit    0x08008d58       0x16 ./Src/syscalls.o
                0x08008d58                _exit
 .text._read    0x08008d6e       0x3a ./Src/syscalls.o
                0x08008d6e                _read
 .text._write   0x08008da8       0x38 ./Src/syscalls.o
                0x08008da8                _write
 .text._close   0x08008de0       0x18 ./Src/syscalls.o
                0x08008de0                _close
 .text._fstat   0x08008df8       0x20 ./Src/syscalls.o
                0x08008df8                _fstat
 .text._isatty  0x08008e18       0x16 ./Src/syscalls.o
                0x08008e18                _isatty
 .text._lseek   0x08008e2e       0x1a ./Src/syscalls.o
                0x08008e2e                _lseek
 .text._sbrk    0x08008e48       0x6c ./Src/sysmem.o
                0x08008e48                _sbrk
 .text.SystemInit
                0x08008eb4       0xc4 ./Src/system_stm32h7xx.o
                0x08008eb4                SystemInit
 .text.MX_TIM1_Init
                0x08008f78      0x120 ./Src/tim.o
                0x08008f78                MX_TIM1_Init
 .text.MX_TIM8_Init
                0x08009098      0x170 ./Src/tim.o
                0x08009098                MX_TIM8_Init
 .text.HAL_TIM_PWM_MspInit
                0x08009208       0x44 ./Src/tim.o
                0x08009208                HAL_TIM_PWM_MspInit
 .text.HAL_TIM_Base_MspInit
                0x0800924c       0x44 ./Src/tim.o
                0x0800924c                HAL_TIM_Base_MspInit
 .text.HAL_TIM_MspPostInit
                0x08009290       0xc8 ./Src/tim.o
                0x08009290                HAL_TIM_MspPostInit
 .text.Reset_Handler
                0x08009358       0x54 ./Startup/startup_stm32h743vitx.o
                0x08009358                Reset_Handler
 .text.Default_Handler
                0x080093ac        0x2 ./Startup/startup_stm32h743vitx.o
                0x080093ac                RTC_Alarm_IRQHandler
                0x080093ac                EXTI2_IRQHandler
                0x080093ac                TIM8_CC_IRQHandler
                0x080093ac                HRTIM1_Master_IRQHandler
                0x080093ac                UART8_IRQHandler
                0x080093ac                SPI4_IRQHandler
                0x080093ac                TIM1_CC_IRQHandler
                0x080093ac                BDMA_Channel6_IRQHandler
                0x080093ac                DMA2_Stream5_IRQHandler
                0x080093ac                HRTIM1_FLT_IRQHandler
                0x080093ac                JPEG_IRQHandler
                0x080093ac                DMA1_Stream5_IRQHandler
                0x080093ac                BDMA_Channel1_IRQHandler
                0x080093ac                HRTIM1_TIMD_IRQHandler
                0x080093ac                TAMP_STAMP_IRQHandler
                0x080093ac                EXTI3_IRQHandler
                0x080093ac                LPTIM4_IRQHandler
                0x080093ac                TIM8_TRG_COM_TIM14_IRQHandler
                0x080093ac                LPTIM2_IRQHandler
                0x080093ac                DFSDM1_FLT1_IRQHandler
                0x080093ac                DMAMUX2_OVR_IRQHandler
                0x080093ac                TIM8_UP_TIM13_IRQHandler
                0x080093ac                I2C3_ER_IRQHandler
                0x080093ac                DFSDM1_FLT2_IRQHandler
                0x080093ac                MDMA_IRQHandler
                0x080093ac                LPTIM3_IRQHandler
                0x080093ac                HSEM1_IRQHandler
                0x080093ac                EXTI0_IRQHandler
                0x080093ac                I2C2_EV_IRQHandler
                0x080093ac                DMA1_Stream2_IRQHandler
                0x080093ac                FPU_IRQHandler
                0x080093ac                OTG_HS_WKUP_IRQHandler
                0x080093ac                FDCAN1_IT1_IRQHandler
                0x080093ac                LTDC_ER_IRQHandler
                0x080093ac                DMA2_Stream2_IRQHandler
                0x080093ac                HRTIM1_TIME_IRQHandler
                0x080093ac                SPI1_IRQHandler
                0x080093ac                TIM6_DAC_IRQHandler
                0x080093ac                DCMI_IRQHandler
                0x080093ac                HRTIM1_TIMC_IRQHandler
                0x080093ac                DMA2_Stream3_IRQHandler
                0x080093ac                SAI2_IRQHandler
                0x080093ac                DFSDM1_FLT3_IRQHandler
                0x080093ac                USART6_IRQHandler
                0x080093ac                TIM17_IRQHandler
                0x080093ac                USART3_IRQHandler
                0x080093ac                BDMA_Channel7_IRQHandler
                0x080093ac                LPTIM5_IRQHandler
                0x080093ac                UART5_IRQHandler
                0x080093ac                ADC3_IRQHandler
                0x080093ac                DMA2_Stream0_IRQHandler
                0x080093ac                TIM4_IRQHandler
                0x080093ac                BDMA_Channel2_IRQHandler
                0x080093ac                QUADSPI_IRQHandler
                0x080093ac                I2C1_EV_IRQHandler
                0x080093ac                DMA1_Stream6_IRQHandler
                0x080093ac                DMAMUX1_OVR_IRQHandler
                0x080093ac                DMA1_Stream1_IRQHandler
                0x080093ac                TIM16_IRQHandler
                0x080093ac                UART4_IRQHandler
                0x080093ac                BDMA_Channel5_IRQHandler
                0x080093ac                TIM3_IRQHandler
                0x080093ac                RCC_IRQHandler
                0x080093ac                TIM8_BRK_TIM12_IRQHandler
                0x080093ac                TIM1_TRG_COM_IRQHandler
                0x080093ac                Default_Handler
                0x080093ac                ECC_IRQHandler
                0x080093ac                CEC_IRQHandler
                0x080093ac                EXTI15_10_IRQHandler
                0x080093ac                BDMA_Channel0_IRQHandler
                0x080093ac                ADC_IRQHandler
                0x080093ac                DMA1_Stream7_IRQHandler
                0x080093ac                HRTIM1_TIMA_IRQHandler
                0x080093ac                SPI5_IRQHandler
                0x080093ac                TIM7_IRQHandler
                0x080093ac                SDMMC1_IRQHandler
                0x080093ac                TIM5_IRQHandler
                0x080093ac                DMA2_Stream7_IRQHandler
                0x080093ac                TIM15_IRQHandler
                0x080093ac                PVD_AVD_IRQHandler
                0x080093ac                I2C3_EV_IRQHandler
                0x080093ac                EXTI9_5_IRQHandler
                0x080093ac                RTC_WKUP_IRQHandler
                0x080093ac                LTDC_IRQHandler
                0x080093ac                SAI3_IRQHandler
                0x080093ac                ETH_WKUP_IRQHandler
                0x080093ac                SPDIF_RX_IRQHandler
                0x080093ac                SPI2_IRQHandler
                0x080093ac                OTG_HS_EP1_IN_IRQHandler
                0x080093ac                DMA1_Stream0_IRQHandler
                0x080093ac                CRS_IRQHandler
                0x080093ac                EXTI4_IRQHandler
                0x080093ac                RNG_IRQHandler
                0x080093ac                HRTIM1_TIMB_IRQHandler
                0x080093ac                FDCAN2_IT1_IRQHandler
                0x080093ac                ETH_IRQHandler
                0x080093ac                TIM1_UP_IRQHandler
                0x080093ac                BDMA_Channel4_IRQHandler
                0x080093ac                OTG_HS_EP1_OUT_IRQHandler
                0x080093ac                WWDG_IRQHandler
                0x080093ac                SPI6_IRQHandler
                0x080093ac                MDIOS_IRQHandler
                0x080093ac                I2C4_EV_IRQHandler
                0x080093ac                FDCAN2_IT0_IRQHandler
                0x080093ac                LPUART1_IRQHandler
                0x080093ac                FDCAN1_IT0_IRQHandler
                0x080093ac                TIM2_IRQHandler
                0x080093ac                OTG_FS_WKUP_IRQHandler
                0x080093ac                OTG_HS_IRQHandler
                0x080093ac                DMA2D_IRQHandler
                0x080093ac                TIM1_BRK_IRQHandler
                0x080093ac                EXTI1_IRQHandler
                0x080093ac                SDMMC2_IRQHandler
                0x080093ac                OTG_FS_EP1_OUT_IRQHandler
                0x080093ac                BDMA_Channel3_IRQHandler
                0x080093ac                UART7_IRQHandler
                0x080093ac                MDIOS_WKUP_IRQHandler
                0x080093ac                USART2_IRQHandler
                0x080093ac                DFSDM1_FLT0_IRQHandler
                0x080093ac                SAI4_IRQHandler
                0x080093ac                I2C2_ER_IRQHandler
                0x080093ac                DMA2_Stream1_IRQHandler
                0x080093ac                FLASH_IRQHandler
                0x080093ac                DMA2_Stream4_IRQHandler
                0x080093ac                USART1_IRQHandler
                0x080093ac                OTG_FS_IRQHandler
                0x080093ac                SPI3_IRQHandler
                0x080093ac                WAKEUP_PIN_IRQHandler
                0x080093ac                DMA1_Stream4_IRQHandler
                0x080093ac                OTG_FS_EP1_IN_IRQHandler
                0x080093ac                I2C1_ER_IRQHandler
                0x080093ac                FMC_IRQHandler
                0x080093ac                FDCAN_CAL_IRQHandler
                0x080093ac                SWPMI1_IRQHandler
                0x080093ac                COMP1_IRQHandler
                0x080093ac                LPTIM1_IRQHandler
                0x080093ac                I2C4_ER_IRQHandler
                0x080093ac                DMA2_Stream6_IRQHandler
                0x080093ac                SAI1_IRQHandler
                0x080093ac                DMA1_Stream3_IRQHandler
 .text.__cvt    0x080093ae       0xa8 E:/ST/STM32CubeIDE_2.2.0/STM32CubeIDE/plugins/com.st.stm32cube.ide.mcu.externaltools.gnu-tools-for-stm32.14.3.rel1.win32_1.0.100.202602081740/tools/bin/../lib/gcc/arm-none-eabi/14.3.1/../../../../arm-none-eabi/lib/thumb/v7e-m+dp/hard\libc_nano.a(libc_a-nano-vfprintf_float.o)
                0x080093ae                __cvt
 .text.__exponent
                0x08009456       0x74 E:/ST/STM32CubeIDE_2.2.0/STM32CubeIDE/plugins/com.st.stm32cube.ide.mcu.externaltools.gnu-tools-for-stm32.14.3.rel1.win32_1.0.100.202602081740/tools/bin/../lib/gcc/arm-none-eabi/14.3.1/../../../../arm-none-eabi/lib/thumb/v7e-m+dp/hard\libc_nano.a(libc_a-nano-vfprintf_float.o)
                0x08009456                __exponent
 *fill*         0x080094ca        0x6 
 .text._printf_float
                0x080094d0      0x434 E:/ST/STM32CubeIDE_2.2.0/STM32CubeIDE/plugins/com.st.stm32cube.ide.mcu.externaltools.gnu-tools-for-stm32.14.3.rel1.win32_1.0.100.202602081740/tools/bin/../lib/gcc/arm-none-eabi/14.3.1/../../../../arm-none-eabi/lib/thumb/v7e-m+dp/hard\libc_nano.a(libc_a-nano-vfprintf_float.o)
                0x080094d0                _printf_float
 .text._printf_common
                0x08009904       0xda E:/ST/STM32CubeIDE_2.2.0/STM32CubeIDE/plugins/com.st.stm32cube.ide.mcu.externaltools.gnu-tools-for-stm32.14.3.rel1.win32_1.0.100.202602081740/tools/bin/../lib/gcc/arm-none-eabi/14.3.1/../../../../arm-none-eabi/lib/thumb/v7e-m+dp/hard\libc_nano.a(libc_a-nano-vfprintf_i.o)
                0x08009904                _printf_common
 *fill*         0x080099de        0x2 
 .text._printf_i
                0x080099e0      0x24c E:/ST/STM32CubeIDE_2.2.0/STM32CubeIDE/plugins/com.st.stm32cube.ide.mcu.externaltools.gnu-tools-for-stm32.14.3.rel1.win32_1.0.100.202602081740/tools/bin/../lib/gcc/arm-none-eabi/14.3.1/../../../../arm-none-eabi/lib/thumb/v7e-m+dp/hard\libc_nano.a(libc_a-nano-vfprintf_i.o)
                0x080099e0                _printf_i
 .text.std      0x08009c2c       0x6c E:/ST/STM32CubeIDE_2.2.0/STM32CubeIDE/plugins/com.st.stm32cube.ide.mcu.externaltools.gnu-tools-for-stm32.14.3.rel1.win32_1.0.100.202602081740/tools/bin/../lib/gcc/arm-none-eabi/14.3.1/../../../../arm-none-eabi/lib/thumb/v7e-m+dp/hard\libc_nano.a(libc_a-findfp.o)
 .text.stdio_exit_handler
                0x08009c98       0x18 E:/ST/STM32CubeIDE_2.2.0/STM32CubeIDE/plugins/com.st.stm32cube.ide.mcu.externaltools.gnu-tools-for-stm32.14.3.rel1.win32_1.0.100.202602081740/tools/bin/../lib/gcc/arm-none-eabi/14.3.1/../../../../arm-none-eabi/lib/thumb/v7e-m+dp/hard\libc_nano.a(libc_a-findfp.o)
 .text.cleanup_stdio
                0x08009cb0       0x40 E:/ST/STM32CubeIDE_2.2.0/STM32CubeIDE/plugins/com.st.stm32cube.ide.mcu.externaltools.gnu-tools-for-stm32.14.3.rel1.win32_1.0.100.202602081740/tools/bin/../lib/gcc/arm-none-eabi/14.3.1/../../../../arm-none-eabi/lib/thumb/v7e-m+dp/hard\libc_nano.a(libc_a-findfp.o)
 .text.global_stdio_init.part.0
                0x08009cf0       0x40 E:/ST/STM32CubeIDE_2.2.0/STM32CubeIDE/plugins/com.st.stm32cube.ide.mcu.externaltools.gnu-tools-for-stm32.14.3.rel1.win32_1.0.100.202602081740/tools/bin/../lib/gcc/arm-none-eabi/14.3.1/../../../../arm-none-eabi/lib/thumb/v7e-m+dp/hard\libc_nano.a(libc_a-findfp.o)
 .text.__sfp_lock_acquire
                0x08009d30        0xc E:/ST/STM32CubeIDE_2.2.0/STM32CubeIDE/plugins/com.st.stm32cube.ide.mcu.externaltools.gnu-tools-for-stm32.14.3.rel1.win32_1.0.100.202602081740/tools/bin/../lib/gcc/arm-none-eabi/14.3.1/../../../../arm-none-eabi/lib/thumb/v7e-m+dp/hard\libc_nano.a(libc_a-findfp.o)
                0x08009d30                __sfp_lock_acquire
 .text.__sfp_lock_release
                0x08009d3c        0xc E:/ST/STM32CubeIDE_2.2.0/STM32CubeIDE/plugins/com.st.stm32cube.ide.mcu.externaltools.gnu-tools-for-stm32.14.3.rel1.win32_1.0.100.202602081740/tools/bin/../lib/gcc/arm-none-eabi/14.3.1/../../../../arm-none-eabi/lib/thumb/v7e-m+dp/hard\libc_nano.a(libc_a-findfp.o)
                0x08009d3c                __sfp_lock_release
 .text.__sinit  0x08009d48       0x30 E:/ST/STM32CubeIDE_2.2.0/STM32CubeIDE/plugins/com.st.stm32cube.ide.mcu.externaltools.gnu-tools-for-stm32.14.3.rel1.win32_1.0.100.202602081740/tools/bin/../lib/gcc/arm-none-eabi/14.3.1/../../../../arm-none-eabi/lib/thumb/v7e-m+dp/hard\libc_nano.a(libc_a-findfp.o)
                0x08009d48                __sinit
 .text._fwalk_sglue
                0x08009d78       0x3c E:/ST/STM32CubeIDE_2.2.0/STM32CubeIDE/plugins/com.st.stm32cube.ide.mcu.externaltools.gnu-tools-for-stm32.14.3.rel1.win32_1.0.100.202602081740/tools/bin/../lib/gcc/arm-none-eabi/14.3.1/../../../../arm-none-eabi/lib/thumb/v7e-m+dp/hard\libc_nano.a(libc_a-fwalk.o)
                0x08009d78                _fwalk_sglue
 .text.sprintf  0x08009db4       0x44 E:/ST/STM32CubeIDE_2.2.0/STM32CubeIDE/plugins/com.st.stm32cube.ide.mcu.externaltools.gnu-tools-for-stm32.14.3.rel1.win32_1.0.100.202602081740/tools/bin/../lib/gcc/arm-none-eabi/14.3.1/../../../../arm-none-eabi/lib/thumb/v7e-m+dp/hard\libc_nano.a(libc_a-sprintf.o)
                0x08009db4                siprintf
                0x08009db4                sprintf
 .text.__sread  0x08009df8       0x22 E:/ST/STM32CubeIDE_2.2.0/STM32CubeIDE/plugins/com.st.stm32cube.ide.mcu.externaltools.gnu-tools-for-stm32.14.3.rel1.win32_1.0.100.202602081740/tools/bin/../lib/gcc/arm-none-eabi/14.3.1/../../../../arm-none-eabi/lib/thumb/v7e-m+dp/hard\libc_nano.a(libc_a-stdio.o)
                0x08009df8                __sread
 .text.__swrite
                0x08009e1a       0x38 E:/ST/STM32CubeIDE_2.2.0/STM32CubeIDE/plugins/com.st.stm32cube.ide.mcu.externaltools.gnu-tools-for-stm32.14.3.rel1.win32_1.0.100.202602081740/tools/bin/../lib/gcc/arm-none-eabi/14.3.1/../../../../arm-none-eabi/lib/thumb/v7e-m+dp/hard\libc_nano.a(libc_a-stdio.o)
                0x08009e1a                __swrite
 .text.__sseek  0x08009e52       0x26 E:/ST/STM32CubeIDE_2.2.0/STM32CubeIDE/plugins/com.st.stm32cube.ide.mcu.externaltools.gnu-tools-for-stm32.14.3.rel1.win32_1.0.100.202602081740/tools/bin/../lib/gcc/arm-none-eabi/14.3.1/../../../../arm-none-eabi/lib/thumb/v7e-m+dp/hard\libc_nano.a(libc_a-stdio.o)
                0x08009e52                __sseek
 .text.__sclose
                0x08009e78        0x8 E:/ST/STM32CubeIDE_2.2.0/STM32CubeIDE/plugins/com.st.stm32cube.ide.mcu.externaltools.gnu-tools-for-stm32.14.3.rel1.win32_1.0.100.202602081740/tools/bin/../lib/gcc/arm-none-eabi/14.3.1/../../../../arm-none-eabi/lib/thumb/v7e-m+dp/hard\libc_nano.a(libc_a-stdio.o)
                0x08009e78                __sclose
 .text.memset   0x08009e80       0x10 E:/ST/STM32CubeIDE_2.2.0/STM32CubeIDE/plugins/com.st.stm32cube.ide.mcu.externaltools.gnu-tools-for-stm32.14.3.rel1.win32_1.0.100.202602081740/tools/bin/../lib/gcc/arm-none-eabi/14.3.1/../../../../arm-none-eabi/lib/thumb/v7e-m+dp/hard\libc_nano.a(libc_a-memset.o)
                0x08009e80                memset
 .text._localeconv_r
                0x08009e90        0x8 E:/ST/STM32CubeIDE_2.2.0/STM32CubeIDE/plugins/com.st.stm32cube.ide.mcu.externaltools.gnu-tools-for-stm32.14.3.rel1.win32_1.0.100.202602081740/tools/bin/../lib/gcc/arm-none-eabi/14.3.1/../../../../arm-none-eabi/lib/thumb/v7e-m+dp/hard\libc_nano.a(libc_a-localeconv.o)
                0x08009e90                _localeconv_r
 .text._close_r
                0x08009e98       0x20 E:/ST/STM32CubeIDE_2.2.0/STM32CubeIDE/plugins/com.st.stm32cube.ide.mcu.externaltools.gnu-tools-for-stm32.14.3.rel1.win32_1.0.100.202602081740/tools/bin/../lib/gcc/arm-none-eabi/14.3.1/../../../../arm-none-eabi/lib/thumb/v7e-m+dp/hard\libc_nano.a(libc_a-closer.o)
                0x08009e98                _close_r
 .text._lseek_r
                0x08009eb8       0x24 E:/ST/STM32CubeIDE_2.2.0/STM32CubeIDE/plugins/com.st.stm32cube.ide.mcu.externaltools.gnu-tools-for-stm32.14.3.rel1.win32_1.0.100.202602081740/tools/bin/../lib/gcc/arm-none-eabi/14.3.1/../../../../arm-none-eabi/lib/thumb/v7e-m+dp/hard\libc_nano.a(libc_a-lseekr.o)
                0x08009eb8                _lseek_r
 .text._read_r  0x08009edc       0x24 E:/ST/STM32CubeIDE_2.2.0/STM32CubeIDE/plugins/com.st.stm32cube.ide.mcu.externaltools.gnu-tools-for-stm32.14.3.rel1.win32_1.0.100.202602081740/tools/bin/../lib/gcc/arm-none-eabi/14.3.1/../../../../arm-none-eabi/lib/thumb/v7e-m+dp/hard\libc_nano.a(libc_a-readr.o)
                0x08009edc                _read_r
 .text._write_r
                0x08009f00       0x24 E:/ST/STM32CubeIDE_2.2.0/STM32CubeIDE/plugins/com.st.stm32cube.ide.mcu.externaltools.gnu-tools-for-stm32.14.3.rel1.win32_1.0.100.202602081740/tools/bin/../lib/gcc/arm-none-eabi/14.3.1/../../../../arm-none-eabi/lib/thumb/v7e-m+dp/hard\libc_nano.a(libc_a-writer.o)
                0x08009f00                _write_r
 .text.__errno  0x08009f24        0xc E:/ST/STM32CubeIDE_2.2.0/STM32CubeIDE/plugins/com.st.stm32cube.ide.mcu.externaltools.gnu-tools-for-stm32.14.3.rel1.win32_1.0.100.202602081740/tools/bin/../lib/gcc/arm-none-eabi/14.3.1/../../../../arm-none-eabi/lib/thumb/v7e-m+dp/hard\libc_nano.a(libc_a-errno.o)
                0x08009f24                __errno
 .text.__libc_init_array
                0x08009f30       0x48 E:/ST/STM32CubeIDE_2.2.0/STM32CubeIDE/plugins/com.st.stm32cube.ide.mcu.externaltools.gnu-tools-for-stm32.14.3.rel1.win32_1.0.100.202602081740/tools/bin/../lib/gcc/arm-none-eabi/14.3.1/../../../../arm-none-eabi/lib/thumb/v7e-m+dp/hard\libc_nano.a(libc_a-init.o)
                0x08009f30                __libc_init_array
 .text.__retarget_lock_init_recursive
                0x08009f78        0x2 E:/ST/STM32CubeIDE_2.2.0/STM32CubeIDE/plugins/com.st.stm32cube.ide.mcu.externaltools.gnu-tools-for-stm32.14.3.rel1.win32_1.0.100.202602081740/tools/bin/../lib/gcc/arm-none-eabi/14.3.1/../../../../arm-none-eabi/lib/thumb/v7e-m+dp/hard\libc_nano.a(libc_a-lock.o)
                0x08009f78                __retarget_lock_init_recursive
 .text.__retarget_lock_acquire_recursive
                0x08009f7a        0x2 E:/ST/STM32CubeIDE_2.2.0/STM32CubeIDE/plugins/com.st.stm32cube.ide.mcu.externaltools.gnu-tools-for-stm32.14.3.rel1.win32_1.0.100.202602081740/tools/bin/../lib/gcc/arm-none-eabi/14.3.1/../../../../arm-none-eabi/lib/thumb/v7e-m+dp/hard\libc_nano.a(libc_a-lock.o)
                0x08009f7a                __retarget_lock_acquire_recursive
 .text.__retarget_lock_release_recursive
                0x08009f7c        0x2 E:/ST/STM32CubeIDE_2.2.0/STM32CubeIDE/plugins/com.st.stm32cube.ide.mcu.externaltools.gnu-tools-for-stm32.14.3.rel1.win32_1.0.100.202602081740/tools/bin/../lib/gcc/arm-none-eabi/14.3.1/../../../../arm-none-eabi/lib/thumb/v7e-m+dp/hard\libc_nano.a(libc_a-lock.o)
                0x08009f7c                __retarget_lock_release_recursive
 .text.quorem   0x08009f7e      0x110 E:/ST/STM32CubeIDE_2.2.0/STM32CubeIDE/plugins/com.st.stm32cube.ide.mcu.externaltools.gnu-tools-for-stm32.14.3.rel1.win32_1.0.100.202602081740/tools/bin/../lib/gcc/arm-none-eabi/14.3.1/../../../../arm-none-eabi/lib/thumb/v7e-m+dp/hard\libc_nano.a(libc_a-dtoa.o)
 *fill*         0x0800a08e        0x2 
 .text._dtoa_r  0x0800a090      0xa94 E:/ST/STM32CubeIDE_2.2.0/STM32CubeIDE/plugins/com.st.stm32cube.ide.mcu.externaltools.gnu-tools-for-stm32.14.3.rel1.win32_1.0.100.202602081740/tools/bin/../lib/gcc/arm-none-eabi/14.3.1/../../../../arm-none-eabi/lib/thumb/v7e-m+dp/hard\libc_nano.a(libc_a-dtoa.o)
                0x0800a090                _dtoa_r
 .text._free_r  0x0800ab24       0x94 E:/ST/STM32CubeIDE_2.2.0/STM32CubeIDE/plugins/com.st.stm32cube.ide.mcu.externaltools.gnu-tools-for-stm32.14.3.rel1.win32_1.0.100.202602081740/tools/bin/../lib/gcc/arm-none-eabi/14.3.1/../../../../arm-none-eabi/lib/thumb/v7e-m+dp/hard\libc_nano.a(libc_a-freer.o)
                0x0800ab24                _free_r
 .text.malloc   0x0800abb8       0x10 E:/ST/STM32CubeIDE_2.2.0/STM32CubeIDE/plugins/com.st.stm32cube.ide.mcu.externaltools.gnu-tools-for-stm32.14.3.rel1.win32_1.0.100.202602081740/tools/bin/../lib/gcc/arm-none-eabi/14.3.1/../../../../arm-none-eabi/lib/thumb/v7e-m+dp/hard\libc_nano.a(libc_a-malloc.o)
                0x0800abb8                malloc
 .text.sbrk_aligned
                0x0800abc8       0x44 E:/ST/STM32CubeIDE_2.2.0/STM32CubeIDE/plugins/com.st.stm32cube.ide.mcu.externaltools.gnu-tools-for-stm32.14.3.rel1.win32_1.0.100.202602081740/tools/bin/../lib/gcc/arm-none-eabi/14.3.1/../../../../arm-none-eabi/lib/thumb/v7e-m+dp/hard\libc_nano.a(libc_a-mallocr.o)
 .text._malloc_r
                0x0800ac0c      0x100 E:/ST/STM32CubeIDE_2.2.0/STM32CubeIDE/plugins/com.st.stm32cube.ide.mcu.externaltools.gnu-tools-for-stm32.14.3.rel1.win32_1.0.100.202602081740/tools/bin/../lib/gcc/arm-none-eabi/14.3.1/../../../../arm-none-eabi/lib/thumb/v7e-m+dp/hard\libc_nano.a(libc_a-mallocr.o)
                0x0800ac0c                _malloc_r
 .text.__malloc_lock
                0x0800ad0c        0xc E:/ST/STM32CubeIDE_2.2.0/STM32CubeIDE/plugins/com.st.stm32cube.ide.mcu.externaltools.gnu-tools-for-stm32.14.3.rel1.win32_1.0.100.202602081740/tools/bin/../lib/gcc/arm-none-eabi/14.3.1/../../../../arm-none-eabi/lib/thumb/v7e-m+dp/hard\libc_nano.a(libc_a-mlock.o)
                0x0800ad0c                __malloc_lock
 .text.__malloc_unlock
                0x0800ad18        0xc E:/ST/STM32CubeIDE_2.2.0/STM32CubeIDE/plugins/com.st.stm32cube.ide.mcu.externaltools.gnu-tools-for-stm32.14.3.rel1.win32_1.0.100.202602081740/tools/bin/../lib/gcc/arm-none-eabi/14.3.1/../../../../arm-none-eabi/lib/thumb/v7e-m+dp/hard\libc_nano.a(libc_a-mlock.o)
                0x0800ad18                __malloc_unlock
 .text._Balloc  0x0800ad24       0x7c E:/ST/STM32CubeIDE_2.2.0/STM32CubeIDE/plugins/com.st.stm32cube.ide.mcu.externaltools.gnu-tools-for-stm32.14.3.rel1.win32_1.0.100.202602081740/tools/bin/../lib/gcc/arm-none-eabi/14.3.1/../../../../arm-none-eabi/lib/thumb/v7e-m+dp/hard\libc_nano.a(libc_a-mprec.o)
                0x0800ad24                _Balloc
 .text._Bfree   0x0800ada0       0x44 E:/ST/STM32CubeIDE_2.2.0/STM32CubeIDE/plugins/com.st.stm32cube.ide.mcu.externaltools.gnu-tools-for-stm32.14.3.rel1.win32_1.0.100.202602081740/tools/bin/../lib/gcc/arm-none-eabi/14.3.1/../../../../arm-none-eabi/lib/thumb/v7e-m+dp/hard\libc_nano.a(libc_a-mprec.o)
                0x0800ada0                _Bfree
 .text.__multadd
                0x0800ade4       0x8c E:/ST/STM32CubeIDE_2.2.0/STM32CubeIDE/plugins/com.st.stm32cube.ide.mcu.externaltools.gnu-tools-for-stm32.14.3.rel1.win32_1.0.100.202602081740/tools/bin/../lib/gcc/arm-none-eabi/14.3.1/../../../../arm-none-eabi/lib/thumb/v7e-m+dp/hard\libc_nano.a(libc_a-mprec.o)
                0x0800ade4                __multadd
 .text.__hi0bits
                0x0800ae70       0x3e E:/ST/STM32CubeIDE_2.2.0/STM32CubeIDE/plugins/com.st.stm32cube.ide.mcu.externaltools.gnu-tools-for-stm32.14.3.rel1.win32_1.0.100.202602081740/tools/bin/../lib/gcc/arm-none-eabi/14.3.1/../../../../arm-none-eabi/lib/thumb/v7e-m+dp/hard\libc_nano.a(libc_a-mprec.o)
                0x0800ae70                __hi0bits
 .text.__lo0bits
                0x0800aeae       0x5a E:/ST/STM32CubeIDE_2.2.0/STM32CubeIDE/plugins/com.st.stm32cube.ide.mcu.externaltools.gnu-tools-for-stm32.14.3.rel1.win32_1.0.100.202602081740/tools/bin/../lib/gcc/arm-none-eabi/14.3.1/../../../../arm-none-eabi/lib/thumb/v7e-m+dp/hard\libc_nano.a(libc_a-mprec.o)
                0x0800aeae                __lo0bits
 .text.__i2b    0x0800af08       0x2c E:/ST/STM32CubeIDE_2.2.0/STM32CubeIDE/plugins/com.st.stm32cube.ide.mcu.externaltools.gnu-tools-for-stm32.14.3.rel1.win32_1.0.100.202602081740/tools/bin/../lib/gcc/arm-none-eabi/14.3.1/../../../../arm-none-eabi/lib/thumb/v7e-m+dp/hard\libc_nano.a(libc_a-mprec.o)
                0x0800af08                __i2b
 .text.__multiply
                0x0800af34      0x154 E:/ST/STM32CubeIDE_2.2.0/STM32CubeIDE/plugins/com.st.stm32cube.ide.mcu.externaltools.gnu-tools-for-stm32.14.3.rel1.win32_1.0.100.202602081740/tools/bin/../lib/gcc/arm-none-eabi/14.3.1/../../../../arm-none-eabi/lib/thumb/v7e-m+dp/hard\libc_nano.a(libc_a-mprec.o)
                0x0800af34                __multiply
 .text.__pow5mult
                0x0800b088       0xb8 E:/ST/STM32CubeIDE_2.2.0/STM32CubeIDE/plugins/com.st.stm32cube.ide.mcu.externaltools.gnu-tools-for-stm32.14.3.rel1.win32_1.0.100.202602081740/tools/bin/../lib/gcc/arm-none-eabi/14.3.1/../../../../arm-none-eabi/lib/thumb/v7e-m+dp/hard\libc_nano.a(libc_a-mprec.o)
                0x0800b088                __pow5mult
 .text.__lshift
                0x0800b140       0xdc E:/ST/STM32CubeIDE_2.2.0/STM32CubeIDE/plugins/com.st.stm32cube.ide.mcu.externaltools.gnu-tools-for-stm32.14.3.rel1.win32_1.0.100.202602081740/tools/bin/../lib/gcc/arm-none-eabi/14.3.1/../../../../arm-none-eabi/lib/thumb/v7e-m+dp/hard\libc_nano.a(libc_a-mprec.o)
                0x0800b140                __lshift
 .text.__mcmp   0x0800b21c       0x36 E:/ST/STM32CubeIDE_2.2.0/STM32CubeIDE/plugins/com.st.stm32cube.ide.mcu.externaltools.gnu-tools-for-stm32.14.3.rel1.win32_1.0.100.202602081740/tools/bin/../lib/gcc/arm-none-eabi/14.3.1/../../../../arm-none-eabi/lib/thumb/v7e-m+dp/hard\libc_nano.a(libc_a-mprec.o)
                0x0800b21c                __mcmp
 *fill*         0x0800b252        0x2 
 .text.__mdiff  0x0800b254      0x130 E:/ST/STM32CubeIDE_2.2.0/STM32CubeIDE/plugins/com.st.stm32cube.ide.mcu.externaltools.gnu-tools-for-stm32.14.3.rel1.win32_1.0.100.202602081740/tools/bin/../lib/gcc/arm-none-eabi/14.3.1/../../../../arm-none-eabi/lib/thumb/v7e-m+dp/hard\libc_nano.a(libc_a-mprec.o)
                0x0800b254                __mdiff
 .text.__d2b    0x0800b384       0xb0 E:/ST/STM32CubeIDE_2.2.0/STM32CubeIDE/plugins/com.st.stm32cube.ide.mcu.externaltools.gnu-tools-for-stm32.14.3.rel1.win32_1.0.100.202602081740/tools/bin/../lib/gcc/arm-none-eabi/14.3.1/../../../../arm-none-eabi/lib/thumb/v7e-m+dp/hard\libc_nano.a(libc_a-mprec.o)
                0x0800b384                __d2b
 .text.__ssputs_r
                0x0800b434       0xc0 E:/ST/STM32CubeIDE_2.2.0/STM32CubeIDE/plugins/com.st.stm32cube.ide.mcu.externaltools.gnu-tools-for-stm32.14.3.rel1.win32_1.0.100.202602081740/tools/bin/../lib/gcc/arm-none-eabi/14.3.1/../../../../arm-none-eabi/lib/thumb/v7e-m+dp/hard\libc_nano.a(libc_a-nano-svfprintf.o)
                0x0800b434                __ssputs_r
 .text._svfprintf_r
                0x0800b4f4      0x1f0 E:/ST/STM32CubeIDE_2.2.0/STM32CubeIDE/plugins/com.st.stm32cube.ide.mcu.externaltools.gnu-tools-for-stm32.14.3.rel1.win32_1.0.100.202602081740/tools/bin/../lib/gcc/arm-none-eabi/14.3.1/../../../../arm-none-eabi/lib/thumb/v7e-m+dp/hard\libc_nano.a(libc_a-nano-svfprintf.o)
                0x0800b4f4                _svfiprintf_r
                0x0800b4f4                _svfprintf_r
 .text.__sflush_r
                0x0800b6e4      0x104 E:/ST/STM32CubeIDE_2.2.0/STM32CubeIDE/plugins/com.st.stm32cube.ide.mcu.externaltools.gnu-tools-for-stm32.14.3.rel1.win32_1.0.100.202602081740/tools/bin/../lib/gcc/arm-none-eabi/14.3.1/../../../../arm-none-eabi/lib/thumb/v7e-m+dp/hard\libc_nano.a(libc_a-fflush.o)
                0x0800b6e4                __sflush_r
 .text._fflush_r
                0x0800b7e8       0x50 E:/ST/STM32CubeIDE_2.2.0/STM32CubeIDE/plugins/com.st.stm32cube.ide.mcu.externaltools.gnu-tools-for-stm32.14.3.rel1.win32_1.0.100.202602081740/tools/bin/../lib/gcc/arm-none-eabi/14.3.1/../../../../arm-none-eabi/lib/thumb/v7e-m+dp/hard\libc_nano.a(libc_a-fflush.o)
                0x0800b7e8                _fflush_r
 .text.memmove  0x0800b838       0x32 E:/ST/STM32CubeIDE_2.2.0/STM32CubeIDE/plugins/com.st.stm32cube.ide.mcu.externaltools.gnu-tools-for-stm32.14.3.rel1.win32_1.0.100.202602081740/tools/bin/../lib/gcc/arm-none-eabi/14.3.1/../../../../arm-none-eabi/lib/thumb/v7e-m+dp/hard\libc_nano.a(libc_a-memmove.o)
                0x0800b838                memmove
 *fill*         0x0800b86a        0x2 
 .text._sbrk_r  0x0800b86c       0x20 E:/ST/STM32CubeIDE_2.2.0/STM32CubeIDE/plugins/com.st.stm32cube.ide.mcu.externaltools.gnu-tools-for-stm32.14.3.rel1.win32_1.0.100.202602081740/tools/bin/../lib/gcc/arm-none-eabi/14.3.1/../../../../arm-none-eabi/lib/thumb/v7e-m+dp/hard\libc_nano.a(libc_a-sbrkr.o)
                0x0800b86c                _sbrk_r
 .text.memcpy   0x0800b88c       0x1c E:/ST/STM32CubeIDE_2.2.0/STM32CubeIDE/plugins/com.st.stm32cube.ide.mcu.externaltools.gnu-tools-for-stm32.14.3.rel1.win32_1.0.100.202602081740/tools/bin/../lib/gcc/arm-none-eabi/14.3.1/../../../../arm-none-eabi/lib/thumb/v7e-m+dp/hard\libc_nano.a(libc_a-memcpy-stub.o)
                0x0800b88c                memcpy
 .text.__assert_func
                0x0800b8a8       0x3c E:/ST/STM32CubeIDE_2.2.0/STM32CubeIDE/plugins/com.st.stm32cube.ide.mcu.externaltools.gnu-tools-for-stm32.14.3.rel1.win32_1.0.100.202602081740/tools/bin/../lib/gcc/arm-none-eabi/14.3.1/../../../../arm-none-eabi/lib/thumb/v7e-m+dp/hard\libc_nano.a(libc_a-assert.o)
                0x0800b8a8                __assert_func
 .text._calloc_r
                0x0800b8e4       0x28 E:/ST/STM32CubeIDE_2.2.0/STM32CubeIDE/plugins/com.st.stm32cube.ide.mcu.externaltools.gnu-tools-for-stm32.14.3.rel1.win32_1.0.100.202602081740/tools/bin/../lib/gcc/arm-none-eabi/14.3.1/../../../../arm-none-eabi/lib/thumb/v7e-m+dp/hard\libc_nano.a(libc_a-callocr.o)
                0x0800b8e4                _calloc_r
 .text.__ascii_mbtowc
                0x0800b90c       0x24 E:/ST/STM32CubeIDE_2.2.0/STM32CubeIDE/plugins/com.st.stm32cube.ide.mcu.externaltools.gnu-tools-for-stm32.14.3.rel1.win32_1.0.100.202602081740/tools/bin/../lib/gcc/arm-none-eabi/14.3.1/../../../../arm-none-eabi/lib/thumb/v7e-m+dp/hard\libc_nano.a(libc_a-mbtowc_r.o)
                0x0800b90c                __ascii_mbtowc
 .text._realloc_r
                0x0800b930       0x5c E:/ST/STM32CubeIDE_2.2.0/STM32CubeIDE/plugins/com.st.stm32cube.ide.mcu.externaltools.gnu-tools-for-stm32.14.3.rel1.win32_1.0.100.202602081740/tools/bin/../lib/gcc/arm-none-eabi/14.3.1/../../../../arm-none-eabi/lib/thumb/v7e-m+dp/hard\libc_nano.a(libc_a-reallocr.o)
                0x0800b930                _realloc_r
 .text.__ascii_wctomb
                0x0800b98c       0x1a E:/ST/STM32CubeIDE_2.2.0/STM32CubeIDE/plugins/com.st.stm32cube.ide.mcu.externaltools.gnu-tools-for-stm32.14.3.rel1.win32_1.0.100.202602081740/tools/bin/../lib/gcc/arm-none-eabi/14.3.1/../../../../arm-none-eabi/lib/thumb/v7e-m+dp/hard\libc_nano.a(libc_a-wctomb_r.o)
                0x0800b98c                __ascii_wctomb
 *fill*         0x0800b9a6        0x2 
 .text.fprintf  0x0800b9a8       0x24 E:/ST/STM32CubeIDE_2.2.0/STM32CubeIDE/plugins/com.st.stm32cube.ide.mcu.externaltools.gnu-tools-for-stm32.14.3.rel1.win32_1.0.100.202602081740/tools/bin/../lib/gcc/arm-none-eabi/14.3.1/../../../../arm-none-eabi/lib/thumb/v7e-m+dp/hard\libc_nano.a(libc_a-fprintf.o)
                0x0800b9a8                fiprintf
                0x0800b9a8                fprintf
 .text.abort    0x0800b9cc        0xe E:/ST/STM32CubeIDE_2.2.0/STM32CubeIDE/plugins/com.st.stm32cube.ide.mcu.externaltools.gnu-tools-for-stm32.14.3.rel1.win32_1.0.100.202602081740/tools/bin/../lib/gcc/arm-none-eabi/14.3.1/../../../../arm-none-eabi/lib/thumb/v7e-m+dp/hard\libc_nano.a(libc_a-abort.o)
                0x0800b9cc                abort
 .text._malloc_usable_size_r
                0x0800b9da       0x10 E:/ST/STM32CubeIDE_2.2.0/STM32CubeIDE/plugins/com.st.stm32cube.ide.mcu.externaltools.gnu-tools-for-stm32.14.3.rel1.win32_1.0.100.202602081740/tools/bin/../lib/gcc/arm-none-eabi/14.3.1/../../../../arm-none-eabi/lib/thumb/v7e-m+dp/hard\libc_nano.a(libc_a-msizer.o)
                0x0800b9da                _malloc_usable_size_r
 .text.__sfputc_r
                0x0800b9ea       0x2e E:/ST/STM32CubeIDE_2.2.0/STM32CubeIDE/plugins/com.st.stm32cube.ide.mcu.externaltools.gnu-tools-for-stm32.14.3.rel1.win32_1.0.100.202602081740/tools/bin/../lib/gcc/arm-none-eabi/14.3.1/../../../../arm-none-eabi/lib/thumb/v7e-m+dp/hard\libc_nano.a(libc_a-nano-vfprintf.o)
 .text.__sfputs_r
                0x0800ba18       0x24 E:/ST/STM32CubeIDE_2.2.0/STM32CubeIDE/plugins/com.st.stm32cube.ide.mcu.externaltools.gnu-tools-for-stm32.14.3.rel1.win32_1.0.100.202602081740/tools/bin/../lib/gcc/arm-none-eabi/14.3.1/../../../../arm-none-eabi/lib/thumb/v7e-m+dp/hard\libc_nano.a(libc_a-nano-vfprintf.o)
                0x0800ba18                __sfputs_r
 .text._vfprintf_r
                0x0800ba3c      0x228 E:/ST/STM32CubeIDE_2.2.0/STM32CubeIDE/plugins/com.st.stm32cube.ide.mcu.externaltools.gnu-tools-for-stm32.14.3.rel1.win32_1.0.100.202602081740/tools/bin/../lib/gcc/arm-none-eabi/14.3.1/../../../../arm-none-eabi/lib/thumb/v7e-m+dp/hard\libc_nano.a(libc_a-nano-vfprintf.o)
                0x0800ba3c                _vfprintf_r
                0x0800ba3c                _vfiprintf_r
 .text.__swbuf_r
                0x0800bc64       0x7c E:/ST/STM32CubeIDE_2.2.0/STM32CubeIDE/plugins/com.st.stm32cube.ide.mcu.externaltools.gnu-tools-for-stm32.14.3.rel1.win32_1.0.100.202602081740/tools/bin/../lib/gcc/arm-none-eabi/14.3.1/../../../../arm-none-eabi/lib/thumb/v7e-m+dp/hard\libc_nano.a(libc_a-wbuf.o)
                0x0800bc64                __swbuf_r
 .text.__swsetup_r
                0x0800bce0       0xa8 E:/ST/STM32CubeIDE_2.2.0/STM32CubeIDE/plugins/com.st.stm32cube.ide.mcu.externaltools.gnu-tools-for-stm32.14.3.rel1.win32_1.0.100.202602081740/tools/bin/../lib/gcc/arm-none-eabi/14.3.1/../../../../arm-none-eabi/lib/thumb/v7e-m+dp/hard\libc_nano.a(libc_a-wsetup.o)
                0x0800bce0                __swsetup_r
 .text._raise_r
                0x0800bd88       0x50 E:/ST/STM32CubeIDE_2.2.0/STM32CubeIDE/plugins/com.st.stm32cube.ide.mcu.externaltools.gnu-tools-for-stm32.14.3.rel1.win32_1.0.100.202602081740/tools/bin/../lib/gcc/arm-none-eabi/14.3.1/../../../../arm-none-eabi/lib/thumb/v7e-m+dp/hard\libc_nano.a(libc_a-signal.o)
                0x0800bd88                _raise_r
 .text.raise    0x0800bdd8       0x10 E:/ST/STM32CubeIDE_2.2.0/STM32CubeIDE/plugins/com.st.stm32cube.ide.mcu.externaltools.gnu-tools-for-stm32.14.3.rel1.win32_1.0.100.202602081740/tools/bin/../lib/gcc/arm-none-eabi/14.3.1/../../../../arm-none-eabi/lib/thumb/v7e-m+dp/hard\libc_nano.a(libc_a-signal.o)
                0x0800bdd8                raise
 .text._kill_r  0x0800bde8       0x24 E:/ST/STM32CubeIDE_2.2.0/STM32CubeIDE/plugins/com.st.stm32cube.ide.mcu.externaltools.gnu-tools-for-stm32.14.3.rel1.win32_1.0.100.202602081740/tools/bin/../lib/gcc/arm-none-eabi/14.3.1/../../../../arm-none-eabi/lib/thumb/v7e-m+dp/hard\libc_nano.a(libc_a-signalr.o)
                0x0800bde8                _kill_r
 .text._getpid_r
                0x0800be0c        0x4 E:/ST/STM32CubeIDE_2.2.0/STM32CubeIDE/plugins/com.st.stm32cube.ide.mcu.externaltools.gnu-tools-for-stm32.14.3.rel1.win32_1.0.100.202602081740/tools/bin/../lib/gcc/arm-none-eabi/14.3.1/../../../../arm-none-eabi/lib/thumb/v7e-m+dp/hard\libc_nano.a(libc_a-signalr.o)
                0x0800be0c                _getpid_r
 .text.__swhatbuf_r
                0x0800be10       0x48 E:/ST/STM32CubeIDE_2.2.0/STM32CubeIDE/plugins/com.st.stm32cube.ide.mcu.externaltools.gnu-tools-for-stm32.14.3.rel1.win32_1.0.100.202602081740/tools/bin/../lib/gcc/arm-none-eabi/14.3.1/../../../../arm-none-eabi/lib/thumb/v7e-m+dp/hard\libc_nano.a(libc_a-makebuf.o)
                0x0800be10                __swhatbuf_r
 .text.__smakebuf_r
                0x0800be58       0x72 E:/ST/STM32CubeIDE_2.2.0/STM32CubeIDE/plugins/com.st.stm32cube.ide.mcu.externaltools.gnu-tools-for-stm32.14.3.rel1.win32_1.0.100.202602081740/tools/bin/../lib/gcc/arm-none-eabi/14.3.1/../../../../arm-none-eabi/lib/thumb/v7e-m+dp/hard\libc_nano.a(libc_a-makebuf.o)
                0x0800be58                __smakebuf_r
 *fill*         0x0800beca        0x2 
 .text._fstat_r
                0x0800becc       0x24 E:/ST/STM32CubeIDE_2.2.0/STM32CubeIDE/plugins/com.st.stm32cube.ide.mcu.externaltools.gnu-tools-for-stm32.14.3.rel1.win32_1.0.100.202602081740/tools/bin/../lib/gcc/arm-none-eabi/14.3.1/../../../../arm-none-eabi/lib/thumb/v7e-m+dp/hard\libc_nano.a(libc_a-fstatr.o)
                0x0800becc                _fstat_r
 .text._isatty_r
                0x0800bef0       0x20 E:/ST/STM32CubeIDE_2.2.0/STM32CubeIDE/plugins/com.st.stm32cube.ide.mcu.externaltools.gnu-tools-for-stm32.14.3.rel1.win32_1.0.100.202602081740/tools/bin/../lib/gcc/arm-none-eabi/14.3.1/../../../../arm-none-eabi/lib/thumb/v7e-m+dp/hard\libc_nano.a(libc_a-isattyr.o)
                0x0800bef0                _isatty_r
 .text.atan2    0x0800bf10        0x4 E:/ST/STM32CubeIDE_2.2.0/STM32CubeIDE/plugins/com.st.stm32cube.ide.mcu.externaltools.gnu-tools-for-stm32.14.3.rel1.win32_1.0.100.202602081740/tools/bin/../lib/gcc/arm-none-eabi/14.3.1/../../../../arm-none-eabi/lib/thumb/v7e-m+dp/hard\libm.a(libm_a-w_atan2.o)
                0x0800bf10                atan2
 *fill*         0x0800bf14        0x4 
 .text.sqrt     0x0800bf18       0x48 E:/ST/STM32CubeIDE_2.2.0/STM32CubeIDE/plugins/com.st.stm32cube.ide.mcu.externaltools.gnu-tools-for-stm32.14.3.rel1.win32_1.0.100.202602081740/tools/bin/../lib/gcc/arm-none-eabi/14.3.1/../../../../arm-none-eabi/lib/thumb/v7e-m+dp/hard\libm.a(libm_a-w_sqrt.o)
                0x0800bf18                sqrt
 .text.__ieee754_sqrt
                0x0800bf60        0x8 E:/ST/STM32CubeIDE_2.2.0/STM32CubeIDE/plugins/com.st.stm32cube.ide.mcu.externaltools.gnu-tools-for-stm32.14.3.rel1.win32_1.0.100.202602081740/tools/bin/../lib/gcc/arm-none-eabi/14.3.1/../../../../arm-none-eabi/lib/thumb/v7e-m+dp/hard\libm.a(libm_a-e_sqrt.o)
                0x0800bf60                __ieee754_sqrt
 .text.__ieee754_atan2
                0x0800bf68      0x19c E:/ST/STM32CubeIDE_2.2.0/STM32CubeIDE/plugins/com.st.stm32cube.ide.mcu.externaltools.gnu-tools-for-stm32.14.3.rel1.win32_1.0.100.202602081740/tools/bin/../lib/gcc/arm-none-eabi/14.3.1/../../../../arm-none-eabi/lib/thumb/v7e-m+dp/hard\libm.a(libm_a-e_atan2.o)
                0x0800bf68                __ieee754_atan2
 *fill*         0x0800c104        0x4 
 .text.atan     0x0800c108      0x20c E:/ST/STM32CubeIDE_2.2.0/STM32CubeIDE/plugins/com.st.stm32cube.ide.mcu.externaltools.gnu-tools-for-stm32.14.3.rel1.win32_1.0.100.202602081740/tools/bin/../lib/gcc/arm-none-eabi/14.3.1/../../../../arm-none-eabi/lib/thumb/v7e-m+dp/hard\libm.a(libm_a-s_atan.o)
                0x0800c108                atan
 .text.fabs     0x0800c314       0x10 E:/ST/STM32CubeIDE_2.2.0/STM32CubeIDE/plugins/com.st.stm32cube.ide.mcu.externaltools.gnu-tools-for-stm32.14.3.rel1.win32_1.0.100.202602081740/tools/bin/../lib/gcc/arm-none-eabi/14.3.1/../../../../arm-none-eabi/lib/thumb/v7e-m+dp/hard\libm.a(libm_a-s_fabs.o)
                0x0800c314                fabs
 *(.glue_7)
 .glue_7        0x0800c324        0x0 linker stubs
 *(.glue_7t)
 .glue_7t       0x0800c324        0x0 linker stubs
 *(.eh_frame)
 .eh_frame      0x0800c324        0x0 E:/ST/STM32CubeIDE_2.2.0/STM32CubeIDE/plugins/com.st.stm32cube.ide.mcu.externaltools.gnu-tools-for-stm32.14.3.rel1.win32_1.0.100.202602081740/tools/bin/../lib/gcc/arm-none-eabi/14.3.1/thumb/v7e-m+dp/hard/crtbegin.o
 *(.init)
 .init          0x0800c324        0x4 E:/ST/STM32CubeIDE_2.2.0/STM32CubeIDE/plugins/com.st.stm32cube.ide.mcu.externaltools.gnu-tools-for-stm32.14.3.rel1.win32_1.0.100.202602081740/tools/bin/../lib/gcc/arm-none-eabi/14.3.1/thumb/v7e-m+dp/hard/crti.o
                0x0800c324                _init
 .init          0x0800c328        0x8 E:/ST/STM32CubeIDE_2.2.0/STM32CubeIDE/plugins/com.st.stm32cube.ide.mcu.externaltools.gnu-tools-for-stm32.14.3.rel1.win32_1.0.100.202602081740/tools/bin/../lib/gcc/arm-none-eabi/14.3.1/thumb/v7e-m+dp/hard/crtn.o
 *(.fini)
 .fini          0x0800c330        0x4 E:/ST/STM32CubeIDE_2.2.0/STM32CubeIDE/plugins/com.st.stm32cube.ide.mcu.externaltools.gnu-tools-for-stm32.14.3.rel1.win32_1.0.100.202602081740/tools/bin/../lib/gcc/arm-none-eabi/14.3.1/thumb/v7e-m+dp/hard/crti.o
                0x0800c330                _fini
 .fini          0x0800c334        0x8 E:/ST/STM32CubeIDE_2.2.0/STM32CubeIDE/plugins/com.st.stm32cube.ide.mcu.externaltools.gnu-tools-for-stm32.14.3.rel1.win32_1.0.100.202602081740/tools/bin/../lib/gcc/arm-none-eabi/14.3.1/thumb/v7e-m+dp/hard/crtn.o
                0x0800c33c                        . = ALIGN (0x4)
                0x0800c33c                        _etext = .

.vfp11_veneer   0x0800c33c        0x0
 .vfp11_veneer  0x0800c33c        0x0 linker stubs

.v4_bx          0x0800c33c        0x0
 .v4_bx         0x0800c33c        0x0 linker stubs

.iplt           0x0800c33c        0x0
 .iplt          0x0800c33c        0x0 E:/ST/STM32CubeIDE_2.2.0/STM32CubeIDE/plugins/com.st.stm32cube.ide.mcu.externaltools.gnu-tools-for-stm32.14.3.rel1.win32_1.0.100.202602081740/tools/bin/../lib/gcc/arm-none-eabi/14.3.1/thumb/v7e-m+dp/hard/crtbegin.o

.rodata         0x0800c340     0x7468
                0x0800c340                        . = ALIGN (0x4)
 *(.rodata)
 *(.rodata*)
 .rodata.asc2_1206
                0x0800c340      0x474 ./Drivers/BSP/ST7735/lcd.o
                0x0800c340                asc2_1206
 .rodata.asc2_1608
                0x0800c7b4      0x5f0 ./Drivers/BSP/ST7735/lcd.o
                0x0800c7b4                asc2_1608
 .rodata.LCD_Test.str1.4
                0x0800cda4      0x1c0 ./Drivers/BSP/ST7735/lcd.o
                                 0x34 (size before relaxing)
 .rodata.WeActStudiologo_160_80
                0x0800cf64     0x6449 ./Drivers/BSP/ST7735/logo_160_80.o
                0x0800cf64                WeActStudiologo_160_80
 .rodata.main.str1.4
                0x080133ad      0x194 ./Src/main.o
 *fill*         0x080133ad        0x3 
 .rodata.D1CorePrescTable
                0x080133b0       0x10 ./Src/system_stm32h7xx.o
                0x080133b0                D1CorePrescTable
 .rodata._printf_float.str1.1
                0x080133c0      0x171 E:/ST/STM32CubeIDE_2.2.0/STM32CubeIDE/plugins/com.st.stm32cube.ide.mcu.externaltools.gnu-tools-for-stm32.14.3.rel1.win32_1.0.100.202602081740/tools/bin/../lib/gcc/arm-none-eabi/14.3.1/../../../../arm-none-eabi/lib/thumb/v7e-m+dp/hard\libc_nano.a(libc_a-nano-vfprintf_float.o)
                                 0x12 (size before relaxing)
 .rodata._printf_i.str1.1
                0x08013531       0x22 E:/ST/STM32CubeIDE_2.2.0/STM32CubeIDE/plugins/com.st.stm32cube.ide.mcu.externaltools.gnu-tools-for-stm32.14.3.rel1.win32_1.0.100.202602081740/tools/bin/../lib/gcc/arm-none-eabi/14.3.1/../../../../arm-none-eabi/lib/thumb/v7e-m+dp/hard\libc_nano.a(libc_a-nano-vfprintf_i.o)
 .rodata._dtoa_r.str1.1
                0x08013531       0x8f E:/ST/STM32CubeIDE_2.2.0/STM32CubeIDE/plugins/com.st.stm32cube.ide.mcu.externaltools.gnu-tools-for-stm32.14.3.rel1.win32_1.0.100.202602081740/tools/bin/../lib/gcc/arm-none-eabi/14.3.1/../../../../arm-none-eabi/lib/thumb/v7e-m+dp/hard\libc_nano.a(libc_a-dtoa.o)
 .rodata._Balloc.str1.1
                0x08013531       0x70 E:/ST/STM32CubeIDE_2.2.0/STM32CubeIDE/plugins/com.st.stm32cube.ide.mcu.externaltools.gnu-tools-for-stm32.14.3.rel1.win32_1.0.100.202602081740/tools/bin/../lib/gcc/arm-none-eabi/14.3.1/../../../../arm-none-eabi/lib/thumb/v7e-m+dp/hard\libc_nano.a(libc_a-mprec.o)
 .rodata.__multadd.str1.1
                0x08013531       0x11 E:/ST/STM32CubeIDE_2.2.0/STM32CubeIDE/plugins/com.st.stm32cube.ide.mcu.externaltools.gnu-tools-for-stm32.14.3.rel1.win32_1.0.100.202602081740/tools/bin/../lib/gcc/arm-none-eabi/14.3.1/../../../../arm-none-eabi/lib/thumb/v7e-m+dp/hard\libc_nano.a(libc_a-mprec.o)
 *fill*         0x08013531        0x3 
 .rodata.p05.0  0x08013534        0xc E:/ST/STM32CubeIDE_2.2.0/STM32CubeIDE/plugins/com.st.stm32cube.ide.mcu.externaltools.gnu-tools-for-stm32.14.3.rel1.win32_1.0.100.202602081740/tools/bin/../lib/gcc/arm-none-eabi/14.3.1/../../../../arm-none-eabi/lib/thumb/v7e-m+dp/hard\libc_nano.a(libc_a-mprec.o)
 .rodata.__mprec_bigtens
                0x08013540       0x28 E:/ST/STM32CubeIDE_2.2.0/STM32CubeIDE/plugins/com.st.stm32cube.ide.mcu.externaltools.gnu-tools-for-stm32.14.3.rel1.win32_1.0.100.202602081740/tools/bin/../lib/gcc/arm-none-eabi/14.3.1/../../../../arm-none-eabi/lib/thumb/v7e-m+dp/hard\libc_nano.a(libc_a-mprec.o)
                0x08013540                __mprec_bigtens
 .rodata.__mprec_tens
                0x08013568       0xc8 E:/ST/STM32CubeIDE_2.2.0/STM32CubeIDE/plugins/com.st.stm32cube.ide.mcu.externaltools.gnu-tools-for-stm32.14.3.rel1.win32_1.0.100.202602081740/tools/bin/../lib/gcc/arm-none-eabi/14.3.1/../../../../arm-none-eabi/lib/thumb/v7e-m+dp/hard\libc_nano.a(libc_a-mprec.o)
                0x08013568                __mprec_tens
 .rodata._svfprintf_r.str1.1
                0x08013630       0x11 E:/ST/STM32CubeIDE_2.2.0/STM32CubeIDE/plugins/com.st.stm32cube.ide.mcu.externaltools.gnu-tools-for-stm32.14.3.rel1.win32_1.0.100.202602081740/tools/bin/../lib/gcc/arm-none-eabi/14.3.1/../../../../arm-none-eabi/lib/thumb/v7e-m+dp/hard\libc_nano.a(libc_a-nano-svfprintf.o)
 .rodata._setlocale_r.str1.1
                0x08013630        0x9 E:/ST/STM32CubeIDE_2.2.0/STM32CubeIDE/plugins/com.st.stm32cube.ide.mcu.externaltools.gnu-tools-for-stm32.14.3.rel1.win32_1.0.100.202602081740/tools/bin/../lib/gcc/arm-none-eabi/14.3.1/../../../../arm-none-eabi/lib/thumb/v7e-m+dp/hard\libc_nano.a(libc_a-locale.o)
 .rodata.str1.1
                0x08013630        0x2 E:/ST/STM32CubeIDE_2.2.0/STM32CubeIDE/plugins/com.st.stm32cube.ide.mcu.externaltools.gnu-tools-for-stm32.14.3.rel1.win32_1.0.100.202602081740/tools/bin/../lib/gcc/arm-none-eabi/14.3.1/../../../../arm-none-eabi/lib/thumb/v7e-m+dp/hard\libc_nano.a(libc_a-locale.o)
 .rodata.__assert_func.str1.1
                0x08013630       0x3d E:/ST/STM32CubeIDE_2.2.0/STM32CubeIDE/plugins/com.st.stm32cube.ide.mcu.externaltools.gnu-tools-for-stm32.14.3.rel1.win32_1.0.100.202602081740/tools/bin/../lib/gcc/arm-none-eabi/14.3.1/../../../../arm-none-eabi/lib/thumb/v7e-m+dp/hard\libc_nano.a(libc_a-assert.o)
 .rodata._ctype_
                0x08013630      0x101 E:/ST/STM32CubeIDE_2.2.0/STM32CubeIDE/plugins/com.st.stm32cube.ide.mcu.externaltools.gnu-tools-for-stm32.14.3.rel1.win32_1.0.100.202602081740/tools/bin/../lib/gcc/arm-none-eabi/14.3.1/../../../../arm-none-eabi/lib/thumb/v7e-m+dp/hard\libc_nano.a(libc_a-ctype_.o)
                0x08013630                _ctype_
 .rodata._vfprintf_r.str1.1
                0x08013731       0x11 E:/ST/STM32CubeIDE_2.2.0/STM32CubeIDE/plugins/com.st.stm32cube.ide.mcu.externaltools.gnu-tools-for-stm32.14.3.rel1.win32_1.0.100.202602081740/tools/bin/../lib/gcc/arm-none-eabi/14.3.1/../../../../arm-none-eabi/lib/thumb/v7e-m+dp/hard\libc_nano.a(libc_a-nano-vfprintf.o)
 *fill*         0x08013731        0x7 
 .rodata.CSWTCH.9
                0x08013738       0x18 E:/ST/STM32CubeIDE_2.2.0/STM32CubeIDE/plugins/com.st.stm32cube.ide.mcu.externaltools.gnu-tools-for-stm32.14.3.rel1.win32_1.0.100.202602081740/tools/bin/../lib/gcc/arm-none-eabi/14.3.1/../../../../arm-none-eabi/lib/thumb/v7e-m+dp/hard\libm.a(libm_a-e_atan2.o)
 .rodata.CSWTCH.8
                0x08013750       0x18 E:/ST/STM32CubeIDE_2.2.0/STM32CubeIDE/plugins/com.st.stm32cube.ide.mcu.externaltools.gnu-tools-for-stm32.14.3.rel1.win32_1.0.100.202602081740/tools/bin/../lib/gcc/arm-none-eabi/14.3.1/../../../../arm-none-eabi/lib/thumb/v7e-m+dp/hard\libm.a(libm_a-e_atan2.o)
 .rodata.atanlo
                0x08013768       0x20 E:/ST/STM32CubeIDE_2.2.0/STM32CubeIDE/plugins/com.st.stm32cube.ide.mcu.externaltools.gnu-tools-for-stm32.14.3.rel1.win32_1.0.100.202602081740/tools/bin/../lib/gcc/arm-none-eabi/14.3.1/../../../../arm-none-eabi/lib/thumb/v7e-m+dp/hard\libm.a(libm_a-s_atan.o)
 .rodata.atanhi
                0x08013788       0x20 E:/ST/STM32CubeIDE_2.2.0/STM32CubeIDE/plugins/com.st.stm32cube.ide.mcu.externaltools.gnu-tools-for-stm32.14.3.rel1.win32_1.0.100.202602081740/tools/bin/../lib/gcc/arm-none-eabi/14.3.1/../../../../arm-none-eabi/lib/thumb/v7e-m+dp/hard\libm.a(libm_a-s_atan.o)
                0x080137a8                        . = ALIGN (0x4)

.ARM.extab
 *(.ARM.extab* .gnu.linkonce.armextab.*)

.ARM            0x080137a8        0x8
                0x080137a8                        __exidx_start = .
 *(.ARM.exidx*)
 .ARM.exidx     0x080137a8        0x8 E:/ST/STM32CubeIDE_2.2.0/STM32CubeIDE/plugins/com.st.stm32cube.ide.mcu.externaltools.gnu-tools-for-stm32.14.3.rel1.win32_1.0.100.202602081740/tools/bin/../lib/gcc/arm-none-eabi/14.3.1/../../../../arm-none-eabi/lib/thumb/v7e-m+dp/hard\libc_nano.a(libc_a-memchr.o)
 .ARM.exidx     0x080137b0        0x0 E:/ST/STM32CubeIDE_2.2.0/STM32CubeIDE/plugins/com.st.stm32cube.ide.mcu.externaltools.gnu-tools-for-stm32.14.3.rel1.win32_1.0.100.202602081740/tools/bin/../lib/gcc/arm-none-eabi/14.3.1/../../../../arm-none-eabi/lib/thumb/v7e-m+dp/hard\libc_nano.a(libc_a-strlen.o)
                                  0x8 (size before relaxing)
                0x080137b0                        __exidx_end = .

.preinit_array  0x080137b0        0x0
                0x080137b0                        PROVIDE (__preinit_array_start = .)
 *(.preinit_array*)
                0x080137b0                        PROVIDE (__preinit_array_end = .)

.init_array     0x080137b0        0x4
                0x080137b0                        PROVIDE (__init_array_start = .)
 *(SORT_BY_NAME(.init_array.*))
 *(.init_array*)
 .init_array    0x080137b0        0x4 E:/ST/STM32CubeIDE_2.2.0/STM32CubeIDE/plugins/com.st.stm32cube.ide.mcu.externaltools.gnu-tools-for-stm32.14.3.rel1.win32_1.0.100.202602081740/tools/bin/../lib/gcc/arm-none-eabi/14.3.1/thumb/v7e-m+dp/hard/crtbegin.o
                0x080137b4                        PROVIDE (__init_array_end = .)

.fini_array     0x080137b4        0x4
                [!provide]                        PROVIDE (__fini_array_start = .)
 *(SORT_BY_NAME(.fini_array.*))
 *(.fini_array*)
 .fini_array    0x080137b4        0x4 E:/ST/STM32CubeIDE_2.2.0/STM32CubeIDE/plugins/com.st.stm32cube.ide.mcu.externaltools.gnu-tools-for-stm32.14.3.rel1.win32_1.0.100.202602081740/tools/bin/../lib/gcc/arm-none-eabi/14.3.1/thumb/v7e-m+dp/hard/crtbegin.o
                [!provide]                        PROVIDE (__fini_array_end = .)
                0x080137b8                        _sidata = LOADADDR (.data)

.rel.dyn        0x080137b8        0x0
 .rel.iplt      0x080137b8        0x0 E:/ST/STM32CubeIDE_2.2.0/STM32CubeIDE/plugins/com.st.stm32cube.ide.mcu.externaltools.gnu-tools-for-stm32.14.3.rel1.win32_1.0.100.202602081740/tools/bin/../lib/gcc/arm-none-eabi/14.3.1/thumb/v7e-m+dp/hard/crtbegin.o

.data           0x24000000      0x268 load address 0x080137b8
                0x24000000                        . = ALIGN (0x4)
                0x24000000                        _sdata = .
 *(.data)
 *(.data*)
 .data.st7735_pIO
                0x24000000       0x20 ./Drivers/BSP/ST7735/lcd.o
                0x24000000                st7735_pIO
 .data.POINT_COLOR
                0x24000020        0x2 ./Drivers/BSP/ST7735/lcd.o
                0x24000020                POINT_COLOR
 *fill*         0x24000022        0x2 
 .data.ST7735_LCD_Driver
                0x24000024       0x4c ./Drivers/BSP/ST7735/st7735.o
                0x24000024                ST7735_LCD_Driver
 .data.OrientationTab
                0x24000070       0x20 ./Drivers/BSP/ST7735/st7735.o
 .data.uwTickPrio
                0x24000090        0x4 ./Drivers/STM32H7xx_HAL_Driver/Src/stm32h7xx_hal.o
                0x24000090                uwTickPrio
 .data.uwTickFreq
                0x24000094        0x1 ./Drivers/STM32H7xx_HAL_Driver/Src/stm32h7xx_hal.o
                0x24000094                uwTickFreq
 *fill*         0x24000095        0x3 
 .data.SystemCoreClock
                0x24000098        0x4 ./Src/system_stm32h7xx.o
                0x24000098                SystemCoreClock
 .data.SystemD2Clock
                0x2400009c        0x4 ./Src/system_stm32h7xx.o
                0x2400009c                SystemD2Clock
 .data.__sglue  0x240000a0        0xc E:/ST/STM32CubeIDE_2.2.0/STM32CubeIDE/plugins/com.st.stm32cube.ide.mcu.externaltools.gnu-tools-for-stm32.14.3.rel1.win32_1.0.100.202602081740/tools/bin/../lib/gcc/arm-none-eabi/14.3.1/../../../../arm-none-eabi/lib/thumb/v7e-m+dp/hard\libc_nano.a(libc_a-findfp.o)
                0x240000a0                __sglue
 .data._impure_ptr
                0x240000ac        0x4 E:/ST/STM32CubeIDE_2.2.0/STM32CubeIDE/plugins/com.st.stm32cube.ide.mcu.externaltools.gnu-tools-for-stm32.14.3.rel1.win32_1.0.100.202602081740/tools/bin/../lib/gcc/arm-none-eabi/14.3.1/../../../../arm-none-eabi/lib/thumb/v7e-m+dp/hard\libc_nano.a(libc_a-impure.o)
                0x240000ac                _impure_ptr
 .data._impure_data
                0x240000b0       0x4c E:/ST/STM32CubeIDE_2.2.0/STM32CubeIDE/plugins/com.st.stm32cube.ide.mcu.externaltools.gnu-tools-for-stm32.14.3.rel1.win32_1.0.100.202602081740/tools/bin/../lib/gcc/arm-none-eabi/14.3.1/../../../../arm-none-eabi/lib/thumb/v7e-m+dp/hard\libc_nano.a(libc_a-impure.o)
                0x240000b0                _impure_data
 .data.__global_locale
                0x240000fc      0x16c E:/ST/STM32CubeIDE_2.2.0/STM32CubeIDE/plugins/com.st.stm32cube.ide.mcu.externaltools.gnu-tools-for-stm32.14.3.rel1.win32_1.0.100.202602081740/tools/bin/../lib/gcc/arm-none-eabi/14.3.1/../../../../arm-none-eabi/lib/thumb/v7e-m+dp/hard\libc_nano.a(libc_a-locale.o)
                0x240000fc                __global_locale
 *(.RamFunc)
 *(.RamFunc*)
                0x24000268                        . = ALIGN (0x4)
                0x24000268                        _edata = .

.igot.plt       0x24000268        0x0 load address 0x08013a20
 .igot.plt      0x24000268        0x0 E:/ST/STM32CubeIDE_2.2.0/STM32CubeIDE/plugins/com.st.stm32cube.ide.mcu.externaltools.gnu-tools-for-stm32.14.3.rel1.win32_1.0.100.202602081740/tools/bin/../lib/gcc/arm-none-eabi/14.3.1/thumb/v7e-m+dp/hard/crtbegin.o
                0x24000268                        . = ALIGN (0x4)

.bss            0x24000268      0x914 load address 0x08013a20
                0x24000268                        _sbss = .
                0x24000268                        __bss_start__ = _sbss
 *(.bss)
 .bss           0x24000268       0x1c E:/ST/STM32CubeIDE_2.2.0/STM32CubeIDE/plugins/com.st.stm32cube.ide.mcu.externaltools.gnu-tools-for-stm32.14.3.rel1.win32_1.0.100.202602081740/tools/bin/../lib/gcc/arm-none-eabi/14.3.1/thumb/v7e-m+dp/hard/crtbegin.o
 *(.bss*)
 .bss.current_yaw.0
                0x24000284        0x4 ./Drivers/BSP/LSM6DS/lsm6ds3tr_c.o
 .bss.st7735_pObj
                0x24000288       0x38 ./Drivers/BSP/ST7735/lcd.o
                0x24000288                st7735_pObj
 .bss.st7735_id
                0x240002c0        0x4 ./Drivers/BSP/ST7735/lcd.o
                0x240002c0                st7735_id
 .bss.BACK_COLOR
                0x240002c4        0x2 ./Drivers/BSP/ST7735/lcd.o
                0x240002c4                BACK_COLOR
 *fill*         0x240002c6        0x2 
 .bss.ST7735Ctx
                0x240002c8       0x10 ./Drivers/BSP/ST7735/st7735.o
                0x240002c8                ST7735Ctx
 .bss.pdata.1   0x240002d8      0x280 ./Drivers/BSP/ST7735/st7735.o
 .bss.pdata.0   0x24000558      0x280 ./Drivers/BSP/ST7735/st7735.o
 .bss.uwTick    0x240007d8        0x4 ./Drivers/STM32H7xx_HAL_Driver/Src/stm32h7xx_hal.o
                0x240007d8                uwTick
 .bss.hi2c1     0x240007dc       0x54 ./Src/i2c.o
                0x240007dc                hi2c1
 .bss.hi2c4     0x24000830       0x54 ./Src/i2c.o
                0x24000830                hi2c4
 .bss.hspi2     0x24000884       0x88 ./Src/spi.o
                0x24000884                hspi2
 .bss.hspi4     0x2400090c       0x88 ./Src/spi.o
                0x2400090c                hspi4
 .bss.__sbrk_heap_end
                0x24000994        0x4 ./Src/sysmem.o
 .bss.htim1     0x24000998       0x4c ./Src/tim.o
                0x24000998                htim1
 .bss.htim8     0x240009e4       0x4c ./Src/tim.o
                0x240009e4                htim8
 .bss.__sf      0x24000a30      0x138 E:/ST/STM32CubeIDE_2.2.0/STM32CubeIDE/plugins/com.st.stm32cube.ide.mcu.externaltools.gnu-tools-for-stm32.14.3.rel1.win32_1.0.100.202602081740/tools/bin/../lib/gcc/arm-none-eabi/14.3.1/../../../../arm-none-eabi/lib/thumb/v7e-m+dp/hard\libc_nano.a(libc_a-findfp.o)
                0x24000a30                __sf
 .bss.__stdio_exit_handler
                0x24000b68        0x4 E:/ST/STM32CubeIDE_2.2.0/STM32CubeIDE/plugins/com.st.stm32cube.ide.mcu.externaltools.gnu-tools-for-stm32.14.3.rel1.win32_1.0.100.202602081740/tools/bin/../lib/gcc/arm-none-eabi/14.3.1/../../../../arm-none-eabi/lib/thumb/v7e-m+dp/hard\libc_nano.a(libc_a-findfp.o)
                0x24000b68                __stdio_exit_handler
 .bss.errno     0x24000b6c        0x4 E:/ST/STM32CubeIDE_2.2.0/STM32CubeIDE/plugins/com.st.stm32cube.ide.mcu.externaltools.gnu-tools-for-stm32.14.3.rel1.win32_1.0.100.202602081740/tools/bin/../lib/gcc/arm-none-eabi/14.3.1/../../../../arm-none-eabi/lib/thumb/v7e-m+dp/hard\libc_nano.a(libc_a-reent.o)
                0x24000b6c                errno
 .bss.__lock___malloc_recursive_mutex
                0x24000b70        0x1 E:/ST/STM32CubeIDE_2.2.0/STM32CubeIDE/plugins/com.st.stm32cube.ide.mcu.externaltools.gnu-tools-for-stm32.14.3.rel1.win32_1.0.100.202602081740/tools/bin/../lib/gcc/arm-none-eabi/14.3.1/../../../../arm-none-eabi/lib/thumb/v7e-m+dp/hard\libc_nano.a(libc_a-lock.o)
                0x24000b70                __lock___malloc_recursive_mutex
 .bss.__lock___sfp_recursive_mutex
                0x24000b71        0x1 E:/ST/STM32CubeIDE_2.2.0/STM32CubeIDE/plugins/com.st.stm32cube.ide.mcu.externaltools.gnu-tools-for-stm32.14.3.rel1.win32_1.0.100.202602081740/tools/bin/../lib/gcc/arm-none-eabi/14.3.1/../../../../arm-none-eabi/lib/thumb/v7e-m+dp/hard\libc_nano.a(libc_a-lock.o)
                0x24000b71                __lock___sfp_recursive_mutex
 *fill*         0x24000b72        0x2 
 .bss.__malloc_sbrk_start
                0x24000b74        0x4 E:/ST/STM32CubeIDE_2.2.0/STM32CubeIDE/plugins/com.st.stm32cube.ide.mcu.externaltools.gnu-tools-for-stm32.14.3.rel1.win32_1.0.100.202602081740/tools/bin/../lib/gcc/arm-none-eabi/14.3.1/../../../../arm-none-eabi/lib/thumb/v7e-m+dp/hard\libc_nano.a(libc_a-mallocr.o)
                0x24000b74                __malloc_sbrk_start
 .bss.__malloc_free_list
                0x24000b78        0x4 E:/ST/STM32CubeIDE_2.2.0/STM32CubeIDE/plugins/com.st.stm32cube.ide.mcu.externaltools.gnu-tools-for-stm32.14.3.rel1.win32_1.0.100.202602081740/tools/bin/../lib/gcc/arm-none-eabi/14.3.1/../../../../arm-none-eabi/lib/thumb/v7e-m+dp/hard\libc_nano.a(libc_a-mallocr.o)
                0x24000b78                __malloc_free_list
 *(COMMON)
                0x24000b7c                        . = ALIGN (0x4)
                0x24000b7c                        _ebss = .
                0x24000b7c                        __bss_end__ = _ebss

._user_heap_stack
                0x24000b7c      0x604 load address 0x08013a20
                0x24000b80                        . = ALIGN (0x8)
 *fill*         0x24000b7c        0x4 
                [!provide]                        PROVIDE (end = .)
                0x24000b80                        PROVIDE (_end = .)
                0x24000d80                        . = (. + _Min_Heap_Size)
 *fill*         0x24000b80      0x200 
                0x24001180                        . = (. + _Min_Stack_Size)
 *fill*         0x24000d80      0x400 
                0x24001180                        . = ALIGN (0x8)

/DISCARD/
 libc.a(*)
 libm.a(*)
 libgcc.a(*)

.ARM.attributes
                0x00000000       0x2e
 *(.ARM.attributes)
 .ARM.attributes
                0x00000000       0x20 E:/ST/STM32CubeIDE_2.2.0/STM32CubeIDE/plugins/com.st.stm32cube.ide.mcu.externaltools.gnu-tools-for-stm32.14.3.rel1.win32_1.0.100.202602081740/tools/bin/../lib/gcc/arm-none-eabi/14.3.1/thumb/v7e-m+dp/hard/crti.o
 .ARM.attributes
                0x00000020       0x32 E:/ST/STM32CubeIDE_2.2.0/STM32CubeIDE/plugins/com.st.stm32cube.ide.mcu.externaltools.gnu-tools-for-stm32.14.3.rel1.win32_1.0.100.202602081740/tools/bin/../lib/gcc/arm-none-eabi/14.3.1/thumb/v7e-m+dp/hard/crtbegin.o
 .ARM.attributes
                0x00000052       0x32 ./Drivers/BSP/LSM6DS/lsm6ds3tr_c.o
 .ARM.attributes
                0x00000084       0x32 ./Drivers/BSP/MCF8316C/mcf8316c.o
 .ARM.attributes
                0x000000b6       0x32 ./Drivers/BSP/ST7735/lcd.o
 .ARM.attributes
                0x000000e8       0x32 ./Drivers/BSP/ST7735/logo_160_80.o
 .ARM.attributes
                0x0000011a       0x32 ./Drivers/BSP/ST7735/st7735.o
 .ARM.attributes
                0x0000014c       0x32 ./Drivers/BSP/ST7735/st7735_reg.o
 .ARM.attributes
                0x0000017e       0x32 ./Drivers/STM32H7xx_HAL_Driver/Src/stm32h7xx_hal.o
 .ARM.attributes
                0x000001b0       0x32 ./Drivers/STM32H7xx_HAL_Driver/Src/stm32h7xx_hal_cortex.o
 .ARM.attributes
                0x000001e2       0x32 ./Drivers/STM32H7xx_HAL_Driver/Src/stm32h7xx_hal_gpio.o
 .ARM.attributes
                0x00000214       0x32 ./Drivers/STM32H7xx_HAL_Driver/Src/stm32h7xx_hal_i2c.o
 .ARM.attributes
                0x00000246       0x32 ./Drivers/STM32H7xx_HAL_Driver/Src/stm32h7xx_hal_i2c_ex.o
 .ARM.attributes
                0x00000278       0x32 ./Drivers/STM32H7xx_HAL_Driver/Src/stm32h7xx_hal_rcc.o
 .ARM.attributes
                0x000002aa       0x32 ./Drivers/STM32H7xx_HAL_Driver/Src/stm32h7xx_hal_rcc_ex.o
 .ARM.attributes
                0x000002dc       0x32 ./Drivers/STM32H7xx_HAL_Driver/Src/stm32h7xx_hal_spi.o
 .ARM.attributes
                0x0000030e       0x32 ./Drivers/STM32H7xx_HAL_Driver/Src/stm32h7xx_hal_tim.o
 .ARM.attributes
                0x00000340       0x32 ./Drivers/STM32H7xx_HAL_Driver/Src/stm32h7xx_hal_tim_ex.o
 .ARM.attributes
                0x00000372       0x32 ./Src/gpio.o
 .ARM.attributes
                0x000003a4       0x32 ./Src/i2c.o
 .ARM.attributes
                0x000003d6       0x32 ./Src/main.o
 .ARM.attributes
                0x00000408       0x32 ./Src/spi.o
 .ARM.attributes
                0x0000043a       0x32 ./Src/stm32h7xx_hal_msp.o
 .ARM.attributes
                0x0000046c       0x32 ./Src/stm32h7xx_it.o
 .ARM.attributes
                0x0000049e       0x32 ./Src/syscalls.o
 .ARM.attributes
                0x000004d0       0x32 ./Src/sysmem.o
 .ARM.attributes
                0x00000502       0x32 ./Src/system_stm32h7xx.o
 .ARM.attributes
                0x00000534       0x32 ./Src/tim.o
 .ARM.attributes