Archive member included to satisfy reference by file (symbol)

E:/ST/STM32CubeIDE_2.2.0/STM32CubeIDE/plugins/com.st.stm32cube.ide.mcu.externaltools.gnu-tools-for-stm32.14.3.rel1.win32_1.0.100.202602081740/tools/bin/../lib/gcc/arm-none-eabi/14.3.1/../../../../arm-none-eabi/lib/thumb/v7e-m+dp/hard\libc_nano.a(libc_a-exit.o)
                              E:/ST/STM32CubeIDE_2.2.0/STM32CubeIDE/plugins/com.st.stm32cube.ide.mcu.externaltools.gnu-tools-for-stm32.14.3.rel1.win32_1.0.100.202602081740/tools/bin/../lib/gcc/arm-none-eabi/14.3.1/../../../../arm-none-eabi/lib/thumb/v7e-m+dp/hard/crt0.o (exit)
E:/ST/STM32CubeIDE_2.2.0/STM32CubeIDE/plugins/com.st.stm32cube.ide.mcu.externaltools.gnu-tools-for-stm32.14.3.rel1.win32_1.0.100.202602081740/tools/bin/../lib/gcc/arm-none-eabi/14.3.1/../../../../arm-none-eabi/lib/thumb/v7e-m+dp/hard\libc_nano.a(libc_a-nano-vfprintf_float.o)
                              (_printf_float)
E:/ST/STM32CubeIDE_2.2.0/STM32CubeIDE/plugins/com.st.stm32cube.ide.mcu.externaltools.gnu-tools-for-stm32.14.3.rel1.win32_1.0.100.202602081740/tools/bin/../lib/gcc/arm-none-eabi/14.3.1/../../../../arm-none-eabi/lib/thumb/v7e-m+dp/hard\libc_nano.a(libc_a-nano-vfprintf_i.o)
                              E:/ST/STM32CubeIDE_2.2.0/STM32CubeIDE/plugins/com.st.stm32cube.ide.mcu.externaltools.gnu-tools-for-stm32.14.3.rel1.win32_1.0.100.202602081740/tools/bin/../lib/gcc/arm-none-eabi/14.3.1/../../../../arm-none-eabi/lib/thumb/v7e-m+dp/hard\libc_nano.a(libc_a-nano-vfprintf_float.o) (_printf_common)
E:/ST/STM32CubeIDE_2.2.0/STM32CubeIDE/plugins/com.st.stm32cube.ide.mcu.externaltools.gnu-tools-for-stm32.14.3.rel1.win32_1.0.100.202602081740/tools/bin/../lib/gcc/arm-none-eabi/14.3.1/../../../../arm-none-eabi/lib/thumb/v7e-m+dp/hard\libc_nano.a(libc_a-findfp.o)
                              E:/ST/STM32CubeIDE_2.2.0/STM32CubeIDE/plugins/com.st.stm32cube.ide.mcu.externaltools.gnu-tools-for-stm32.14.3.rel1.win32_1.0.100.202602081740/tools/bin/../lib/gcc/arm-none-eabi/14.3.1/../../../../arm-none-eabi/lib/thumb/v7e-m+dp/hard\libc_nano.a(libc_a-exit.o) (__stdio_exit_handler)
E:/ST/STM32CubeIDE_2.2.0/STM32CubeIDE/plugins/com.st.stm32cube.ide.mcu.externaltools.gnu-tools-for-stm32.14.3.rel1.win32_1.0.100.202602081740/tools/bin/../lib/gcc/arm-none-eabi/14.3.1/../../../../arm-none-eabi/lib/thumb/v7e-m+dp/hard\libc_nano.a(libc_a-fwalk.o)
                              E:/ST/STM32CubeIDE_2.2.0/STM32CubeIDE/plugins/com.st.stm32cube.ide.mcu.externaltools.gnu-tools-for-stm32.14.3.rel1.win32_1.0.100.202602081740/tools/bin/../lib/gcc/arm-none-eabi/14.3.1/../../../../arm-none-eabi/lib/thumb/v7e-m+dp/hard\libc_nano.a(libc_a-findfp.o) (_fwalk_sglue)
E:/ST/STM32CubeIDE_2.2.0/STM32CubeIDE/plugins/com.st.stm32cube.ide.mcu.externaltools.gnu-tools-for-stm32.14.3.rel1.win32_1.0.100.202602081740/tools/bin/../lib/gcc/arm-none-eabi/14.3.1/../../../../arm-none-eabi/lib/thumb/v7e-m+dp/hard\libc_nano.a(libc_a-sprintf.o)
                              ./Drivers/BSP/ST7735/lcd.o (sprintf)
E:/ST/STM32CubeIDE_2.2.0/STM32CubeIDE/plugins/com.st.stm32cube.ide.mcu.externaltools.gnu-tools-for-stm32.14.3.rel1.win32_1.0.100.202602081740/tools/bin/../lib/gcc/arm-none-eabi/14.3.1/../../../../arm-none-eabi/lib/thumb/v7e-m+dp/hard\libc_nano.a(libc_a-stdio.o)
                              E:/ST/STM32CubeIDE_2.2.0/STM32CubeIDE/plugins/com.st.stm32cube.ide.mcu.externaltools.gnu-tools-for-stm32.14.3.rel1.win32_1.0.100.202602081740/tools/bin/../lib/gcc/arm-none-eabi/14.3.1/../../../../arm-none-eabi/lib/thumb/v7e-m+dp/hard\libc_nano.a(libc_a-findfp.o) (__sread)
E:/ST/STM32CubeIDE_2.2.0/STM32CubeIDE/plugins/com.st.stm32cube.ide.mcu.externaltools.gnu-tools-for-stm32.14.3.rel1.win32_1.0.100.202602081740/tools/bin/../lib/gcc/arm-none-eabi/14.3.1/../../../../arm-none-eabi/lib/thumb/v7e-m+dp/hard\libc_nano.a(libc_a-memset.o)
                              E:/ST/STM32CubeIDE_2.2.0/STM32CubeIDE/plugins/com.st.stm32cube.ide.mcu.externaltools.gnu-tools-for-stm32.14.3.rel1.win32_1.0.100.202602081740/tools/bin/../lib/gcc/arm-none-eabi/14.3.1/../../../../arm-none-eabi/lib/thumb/v7e-m+dp/hard/crt0.o (memset)
E:/ST/STM32CubeIDE_2.2.0/STM32CubeIDE/plugins/com.st.stm32cube.ide.mcu.externaltools.gnu-tools-for-stm32.14.3.rel1.win32_1.0.100.202602081740/tools/bin/../lib/gcc/arm-none-eabi/14.3.1/../../../../arm-none-eabi/lib/thumb/v7e-m+dp/hard\libc_nano.a(libc_a-localeconv.o)
                              E:/ST/STM32CubeIDE_2.2.0/STM32CubeIDE/plugins/com.st.stm32cube.ide.mcu.externaltools.gnu-tools-for-stm32.14.3.rel1.win32_1.0.100.202602081740/tools/bin/../lib/gcc/arm-none-eabi/14.3.1/../../../../arm-none-eabi/lib/thumb/v7e-m+dp/hard\libc_nano.a(libc_a-nano-vfprintf_float.o) (_localeconv_r)
E:/ST/STM32CubeIDE_2.2.0/STM32CubeIDE/plugins/com.st.stm32cube.ide.mcu.externaltools.gnu-tools-for-stm32.14.3.rel1.win32_1.0.100.202602081740/tools/bin/../lib/gcc/arm-none-eabi/14.3.1/../../../../arm-none-eabi/lib/thumb/v7e-m+dp/hard\libc_nano.a(libc_a-closer.o)
[...]
Memory Configuration

Name             Origin             Length             Attributes
FLASH            0x08000000         0x00200000         xr
DTCMRAM          0x20000000         0x00020000         xrw
RAM_D1           0x24000000         0x00080000         xrw
RAM_D2           0x30000000         0x00048000         xrw
RAM_D3           0x38000000         0x00010000         xrw
ITCMRAM          0x00000000         0x00010000         xrw
*default*        0x00000000         0xffffffff

Linker script and memory map

LOAD E:/ST/STM32CubeIDE_2.2.0/STM32CubeIDE/plugins/com.st.stm32cube.ide.mcu.externaltools.gnu-tools-for-stm32.14.3.rel1.win32_1.0.100.202602081740/tools/bin/../lib/gcc/arm-none-eabi/14.3.1/thumb/v7e-m+dp/hard/crti.o
LOAD E:/ST/STM32CubeIDE_2.2.0/STM32CubeIDE/plugins/com.st.stm32cube.ide.mcu.externaltools.gnu-tools-for-stm32.14.3.rel1.win32_1.0.100.202602081740/tools/bin/../lib/gcc/arm-none-eabi/14.3.1/thumb/v7e-m+dp/hard/crtbegin.o
LOAD E:/ST/STM32CubeIDE_2.2.0/STM32CubeIDE/plugins/com.st.stm32cube.ide.mcu.externaltools.gnu-tools-for-stm32.14.3.rel1.win32_1.0.100.202602081740/tools/bin/../lib/gcc/arm-none-eabi/14.3.1/../../../../arm-none-eabi/lib/thumb/v7e-m+dp/hard/crt0.o
LOAD ./Drivers/BSP/LSM6DS/lsm6ds3tr_c.o
LOAD ./Drivers/BSP/MCF8316C/mcf8316c.o
LOAD ./Drivers/BSP/ST7735/lcd.o
LOAD ./Drivers/BSP/ST7735/logo_128_160.o
LOAD ./Drivers/BSP/ST7735/logo_160_80.o
LOAD ./Drivers/BSP/ST7735/st7735.o
LOAD ./Drivers/BSP/ST7735/st7735_reg.o
LOAD ./Drivers/STM32H7xx_HAL_Driver/Src/stm32h7xx_hal.o
LOAD ./Drivers/STM32H7xx_HAL_Driver/Src/stm32h7xx_hal_cortex.o
LOAD ./Drivers/STM32H7xx_HAL_Driver/Src/stm32h7xx_hal_dma.o
LOAD ./Drivers/STM32H7xx_HAL_Driver/Src/stm32h7xx_hal_dma_ex.o
LOAD ./Drivers/STM32H7xx_HAL_Driver/Src/stm32h7xx_hal_exti.o
LOAD ./Drivers/STM32H7xx_HAL_Driver/Src/stm32h7xx_hal_flash.o
LOAD ./Drivers/STM32H7xx_HAL_Driver/Src/stm32h7xx_hal_flash_ex.o
LOAD ./Drivers/STM32H7xx_HAL_Driver/Src/stm32h7xx_hal_gpio.o
LOAD ./Drivers/STM32H7xx_HAL_Driver/Src/stm32h7xx_hal_hsem.o
LOAD ./Drivers/STM32H7xx_HAL_Driver/Src/stm32h7xx_hal_i2c.o
LOAD ./Drivers/STM32H7xx_HAL_Driver/Src/stm32h7xx_hal_i2c_ex.o
LOAD ./Drivers/STM32H7xx_HAL_Driver/Src/stm32h7xx_hal_mdma.o
LOAD ./Drivers/STM32H7xx_HAL_Driver/Src/stm32h7xx_hal_pwr.o
LOAD ./Drivers/STM32H7xx_HAL_Driver/Src/stm32h7xx_hal_pwr_ex.o
LOAD ./Drivers/STM32H7xx_HAL_Driver/Src/stm32h7xx_hal_rcc.o
LOAD ./Drivers/STM32H7xx_HAL_Driver/Src/stm32h7xx_hal_rcc_ex.o
LOAD ./Drivers/STM32H7xx_HAL_Driver/Src/stm32h7xx_hal_spi.o
LOAD ./Drivers/STM32H7xx_HAL_Driver/Src/stm32h7xx_hal_spi_ex.o
LOAD ./Drivers/STM32H7xx_HAL_Driver/Src/stm32h7xx_hal_tim.o
LOAD ./Drivers/STM32H7xx_HAL_Driver/Src/stm32h7xx_hal_tim_ex.o
LOAD ./Src/debug.o
LOAD ./Src/gpio.o
LOAD ./Src/i2c.o
LOAD ./Src/init.o
LOAD ./Src/main.o
LOAD ./Src/spi.o
LOAD ./Src/stm32h7xx_hal_msp.o
LOAD ./Src/stm32h7xx_it.o
LOAD ./Src/syscalls.o
LOAD ./Src/sysmem.o
LOAD ./Src/system_stm32h7xx.o
LOAD ./Src/tim.o
LOAD ./Startup/startup_stm32h743vitx.o
START GROUP
LOAD E:/ST/STM32CubeIDE_2.2.0/STM32CubeIDE/plugins/com.st.stm32cube.ide.mcu.externaltools.gnu-tools-for-stm32.14.3.rel1.win32_1.0.100.202602081740/tools/bin/../lib/gcc/arm-none-eabi/14.3.1/../../../../arm-none-eabi/lib/thumb/v7e-m+dp/hard\libc_nano.a
LOAD E:/ST/STM32CubeIDE_2.2.0/STM32CubeIDE/plugins/com.st.stm32cube.ide.mcu.externaltools.gnu-tools-for-stm32.14.3.rel1.win32_1.0.100.202602081740/tools/bin/../lib/gcc/arm-none-eabi/14.3.1/../../../../arm-none-eabi/lib/thumb/v7e-m+dp/hard\libm.a
END GROUP
START GROUP
LOAD E:/ST/STM32CubeIDE_2.2.0/STM32CubeIDE/plugins/com.st.stm32cube.ide.mcu.externaltools.gnu-tools-for-stm32.14.3.rel1.win32_1.0.100.202602081740/tools/bin/../lib/gcc/arm-none-eabi/14.3.1/thumb/v7e-m+dp/hard\libgcc.a
LOAD E:/ST/STM32CubeIDE_2.2.0/STM32CubeIDE/plugins/com.st.stm32cube.ide.mcu.externaltools.gnu-tools-for-stm32.14.3.rel1.win32_1.0.100.202602081740/tools/bin/../lib/gcc/arm-none-eabi/14.3.1/../../../../arm-none-eabi/lib/thumb/v7e-m+dp/hard\libc_nano.a
END GROUP
START GROUP
LOAD E:/ST/STM32CubeIDE_2.2.0/STM32CubeIDE/plugins/com.st.stm32cube.ide.mcu.externaltools.gnu-tools-for-stm32.14.3.rel1.win32_1.0.100.202602081740/tools/bin/../lib/gcc/arm-none-eabi/14.3.1/thumb/v7e-m+dp/hard\libgcc.a
LOAD E:/ST/STM32CubeIDE_2.2.0/STM32CubeIDE/plugins/com.st.stm32cube.ide.mcu.externaltools.gnu-tools-for-stm32.14.3.rel1.win32_1.0.100.202602081740/tools/bin/../lib/gcc/arm-none-eabi/14.3.1/../../../../arm-none-eabi/lib/thumb/v7e-m+dp/hard\libc_nano.a
LOAD E:/ST/STM32CubeIDE_2.2.0/STM32CubeIDE/plugins/com.st.stm32cube.ide.mcu.externaltools.gnu-tools-for-stm32.14.3.rel1.win32_1.0.100.202602081740/tools/bin/../lib/gcc/arm-none-eabi/14.3.1/../../../../arm-none-eabi/lib/thumb/v7e-m+dp/hard\libnosys.a
END GROUP
START GROUP
LOAD E:/ST/STM32CubeIDE_2.2.0/STM32CubeIDE/plugins/com.st.stm32cube.ide.mcu.externaltools.gnu-tools-for-stm32.14.3.rel1.win32_1.0.100.202602081740/tools/bin/../lib/gcc/arm-none-eabi/14.3.1/thumb/v7e-m+dp/hard\libgcc.a
LOAD E:/ST/STM32CubeIDE_2.2.0/STM32CubeIDE/plugins/com.st.stm32cube.ide.mcu.externaltools.gnu-tools-for-stm32.14.3.rel1.win32_1.0.100.202602081740/tools/bin/../lib/gcc/arm-none-eabi/14.3.1/../../../../arm-none-eabi/lib/thumb/v7e-m+dp/hard\libc_nano.a
LOAD E:/ST/STM32CubeIDE_2.2.0/STM32CubeIDE/plugins/com.st.stm32cube.ide.mcu.externaltools.gnu-tools-for-stm32.14.3.rel1.win32_1.0.100.202602081740/tools/bin/../lib/gcc/arm-none-eabi/14.3.1/../../../../arm-none-eabi/lib/thumb/v7e-m+dp/hard\libnosys.a
END GROUP
LOAD E:/ST/STM32CubeIDE_2.2.0/STM32CubeIDE/plugins/com.st.stm32cube.ide.mcu.externaltools.gnu-tools-for-stm32.14.3.rel1.win32_1.0.100.202602081740/tools/bin/../lib/gcc/arm-none-eabi/14.3.1/thumb/v7e-m+dp/hard/crtend.o
LOAD E:/ST/STM32CubeIDE_2.2.0/STM32CubeIDE/plugins/com.st.stm32cube.ide.mcu.externaltools.gnu-tools-for-stm32.14.3.rel1.win32_1.0.100.202602081740/tools/bin/../lib/gcc/arm-none-eabi/14.3.1/thumb/v7e-m+dp/hard/crtn.o
                0x24080000                        _estack = (ORIGIN (RAM_D1) + LENGTH (RAM_D1))
                0x00000200                        _Min_Heap_Size = 0x200
                0x00000400                        _Min_Stack_Size = 0x400

.isr_vector     0x08000000      0x298
                0x08000000                        . = ALIGN (0x4)
 *(.isr_vector)
 .isr_vector    0x08000000      0x298 ./Startup/startup_stm32h743vitx.o
                0x08000000                g_pfnVectors
                0x08000298                        . = ALIGN (0x4)

.text           0x080002a0     0xc250
                0x080002a0                        . = ALIGN (0x4)
 *(.text)
 .text          0x080002a0       0x40 E:/ST/STM32CubeIDE_2.2.0/STM32CubeIDE/plugins/com.st.stm32cube.ide.mcu.externaltools.gnu-tools-for-stm32.14.3.rel1.win32_1.0.100.202602081740/tools/bin/../lib/gcc/arm-none-eabi/14.3.1/thumb/v7e-m+dp/hard/crtbegin.o
 .text          0x080002e0       0xa0 E:/ST/STM32CubeIDE_2.2.0/STM32CubeIDE/plugins/com.st.stm32cube.ide.mcu.externaltools.gnu-tools-for-stm32.14.3.rel1.win32_1.0.100.202602081740/tools/bin/../lib/gcc/arm-none-eabi/14.3.1/../../../../arm-none-eabi/lib/thumb/v7e-m+dp/hard\libc_nano.a(libc_a-memchr.o)
                0x080002e0                memchr
 .text          0x08000380       0x10 E:/ST/STM32CubeIDE_2.2.0/STM32CubeIDE/plugins/com.st.stm32cube.ide.mcu.externaltools.gnu-tools-for-stm32.14.3.rel1.win32_1.0.100.202602081740/tools/bin/../lib/gcc/arm-none-eabi/14.3.1/../../../../arm-none-eabi/lib/thumb/v7e-m+dp/hard\libc_nano.a(libc_a-strlen.o)
                0x08000380                strlen
 *(.text*)
 .text.MCF8316C_Read_Faults
                0x08000390       0x30 ./Drivers/BSP/MCF8316C/mcf8316c.o
                0x08000390                MCF8316C_Read_Faults
 .text.MCF8316C_WriteReg32
                0x080003c0       0x70 ./Drivers/BSP/MCF8316C/mcf8316c.o
                0x080003c0                MCF8316C_WriteReg32
 .text.MCF8316C_ReadReg32
                0x08000430       0x7c ./Drivers/BSP/MCF8316C/mcf8316c.o
                0x08000430                MCF8316C_ReadReg32
 .text.MCF8316C_Config_Manual
                0x080004ac      0x160 ./Drivers/BSP/MCF8316C/mcf8316c.o
                0x080004ac                MCF8316C_Config_Manual
 .text.MCF8316C_Clear_Faults
                0x0800060c       0x26 ./Drivers/BSP/MCF8316C/mcf8316c.o
                0x0800060c                MCF8316C_Clear_Faults
 *fill*         0x08000632        0x2 
 .text.MCF8316C_Set_Speed
                0x08000634       0x90 ./Drivers/BSP/MCF8316C/mcf8316c.o
                0x08000634                MCF8316C_Set_Speed
 .text.MCF8316C_Brake
                0x080006c4       0x3c ./Drivers/BSP/MCF8316C/mcf8316c.o
                0x080006c4                MCF8316C_Brake
 .text.MCF8316C_SetDir
                0x08000700       0x40 ./Drivers/BSP/MCF8316C/mcf8316c.o
                0x08000700                MCF8316C_SetDir
 .text.MCF8316C_FindAddress
                0x08000740       0x5c ./Drivers/BSP/MCF8316C/mcf8316c.o
                0x08000740                MCF8316C_FindAddress
 .text.LCD_Test
                0x0800079c      0x1b4 ./Drivers/BSP/ST7735/lcd.o
                0x0800079c                LCD_Test
 .text.LCD_SetBrightness
                0x08000950       0x20 ./Drivers/BSP/ST7735/lcd.o
                0x08000950                LCD_SetBrightness
 .text.LCD_GetBrightness
                0x08000970       0x18 ./Drivers/BSP/ST7735/lcd.o
                0x08000970                LCD_GetBrightness
 .text.LCD_Light
                0x08000988       0xea ./Drivers/BSP/ST7735/lcd.o
                0x08000988                LCD_Light
 *fill*         0x08000a72        0x2 
 .text.LCD_ShowChar
                0x08000a74      0x42c ./Drivers/BSP/ST7735/lcd.o
                0x08000a74                LCD_ShowChar
 .text.LCD_ShowString
                0x08000ea0       0x9e ./Drivers/BSP/ST7735/lcd.o
                0x08000ea0                LCD_ShowString
 *fill*         0x08000f3e        0x2 
 .text.lcd_init
                0x08000f40       0x20 ./Drivers/BSP/ST7735/lcd.o
 .text.lcd_gettick
                0x08000f60        0xe ./Drivers/BSP/ST7735/lcd.o
 *fill*         0x08000f6e        0x2 
 .text.lcd_writereg
                0x08000f70       0x94 ./Drivers/BSP/ST7735/lcd.o
 .text.lcd_readreg
                0x08001004       0x88 ./Drivers/BSP/ST7735/lcd.o
 .text.lcd_senddata
                0x0800108c       0x58 ./Drivers/BSP/ST7735/lcd.o
 .text.lcd_recvdata
                0x080010e4       0x5c ./Drivers/BSP/ST7735/lcd.o
 .text.ST7735_RegisterBusIO
                0x08001140       0xa8 ./Drivers/BSP/ST7735/st7735.o
                0x08001140                ST7735_RegisterBusIO
 .text.ST7735_Init
                0x080011e8      0x77e ./Drivers/BSP/ST7735/st7735.o
                0x080011e8                ST7735_Init
 .text.ST7735_DeInit
                0x08001966       0x16 ./Drivers/BSP/ST7735/st7735.o
                0x08001966                ST7735_DeInit
 .text.ST7735_ReadID
                0x0800197c       0x8e ./Drivers/BSP/ST7735/st7735.o
                0x0800197c                ST7735_ReadID
 *fill*         0x08001a0a        0x2 
 .text.ST7735_DisplayOn
                0x08001a0c       0xc8 ./Drivers/BSP/ST7735/st7735.o
                0x08001a0c                ST7735_DisplayOn
 .text.ST7735_DisplayOff
                0x08001ad4       0xc8 ./Drivers/BSP/ST7735/st7735.o
                0x08001ad4                ST7735_DisplayOff
 .text.ST7735_SetBrightness
                0x08001b9c       0x1a ./Drivers/BSP/ST7735/st7735.o
                0x08001b9c                ST7735_SetBrightness
 .text.ST7735_GetBrightness
                0x08001bb6       0x1a ./Drivers/BSP/ST7735/st7735.o
                0x08001bb6                ST7735_GetBrightness
 .text.ST7735_SetOrientation
                0x08001bd0      0x11c ./Drivers/BSP/ST7735/st7735.o
                0x08001bd0                ST7735_SetOrientation
 .text.ST7735_GetOrientation
                0x08001cec       0x24 ./Drivers/BSP/ST7735/st7735.o
                0x08001cec                ST7735_GetOrientation
 .text.ST7735_SetCursor
                0x08001d10      0x178 ./Drivers/BSP/ST7735/st7735.o
                0x08001d10                ST7735_SetCursor
 .text.ST7735_DrawBitmap
                0x08001e88      0x214 ./Drivers/BSP/ST7735/st7735.o
                0x08001e88                ST7735_DrawBitmap
 .text.ST7735_FillRGBRect
                0x0800209c       0xd0 ./Drivers/BSP/ST7735/st7735.o
                0x0800209c                ST7735_FillRGBRect
 .text.ST7735_DrawHLine
                0x0800216c       0xa0 ./Drivers/BSP/ST7735/st7735.o
                0x0800216c                ST7735_DrawHLine
 .text.ST7735_DrawVLine
                0x0800220c       0x68 ./Drivers/BSP/ST7735/st7735.o
                0x0800220c                ST7735_DrawVLine
 .text.ST7735_FillRect
                0x08002274       0x58 ./Drivers/BSP/ST7735/st7735.o
                0x08002274                ST7735_FillRect
 .text.ST7735_SetPixel
                0x080022cc       0x88 ./Drivers/BSP/ST7735/st7735.o
                0x080022cc                ST7735_SetPixel
 .text.ST7735_GetPixel
                0x08002354       0x9e ./Drivers/BSP/ST7735/st7735.o
                0x08002354                ST7735_GetPixel
 *fill*         0x080023f2        0x2 
 .text.ST7735_GetXSize
                0x080023f4       0x24 ./Drivers/BSP/ST7735/st7735.o
                0x080023f4                ST7735_GetXSize
 .text.ST7735_GetYSize
                0x08002418       0x24 ./Drivers/BSP/ST7735/st7735.o
                0x08002418                ST7735_GetYSize
 .text.ST7735_SetDisplayWindow
                0x0800243c      0x208 ./Drivers/BSP/ST7735/st7735.o
 .text.ST7735_ReadRegWrap
                0x08002644       0x28 ./Drivers/BSP/ST7735/st7735.o
 .text.ST7735_WriteRegWrap
                0x0800266c       0x2a ./Drivers/BSP/ST7735/st7735.o
 .text.ST7735_SendDataWrap
                0x08002696       0x24 ./Drivers/BSP/ST7735/st7735.o
 .text.ST7735_RecvDataWrap
                0x080026ba       0x24 ./Drivers/BSP/ST7735/st7735.o
 .text.ST7735_IO_Delay
                0x080026de       0x34 ./Drivers/BSP/ST7735/st7735.o
 .text.st7735_read_reg
                0x08002712       0x26 ./Drivers/BSP/ST7735/st7735_reg.o
                0x08002712                st7735_read_reg
 .text.st7735_write_reg
                0x08002738       0x2a ./Drivers/BSP/ST7735/st7735_reg.o
                0x08002738                st7735_write_reg
 .text.st7735_send_data
                0x08002762       0x24 ./Drivers/BSP/ST7735/st7735_reg.o
                0x08002762                st7735_send_data
 .text.st7735_recv_data
                0x08002786       0x24 ./Drivers/BSP/ST7735/st7735_reg.o
                0x08002786                st7735_recv_data
 *fill*         0x080027aa        0x2 
 .text.HAL_Init
                0x080027ac       0x78 ./Drivers/STM32H7xx_HAL_Driver/Src/stm32h7xx_hal.o
                0x080027ac                HAL_Init
 .text.HAL_InitTick
                0x08002824       0x6c ./Drivers/STM32H7xx_HAL_Driver/Src/stm32h7xx_hal.o
                0x08002824                HAL_InitTick
 .text.HAL_IncTick
                0x08002890       0x28 ./Drivers/STM32H7xx_HAL_Driver/Src/stm32h7xx_hal.o
                0x08002890                HAL_IncTick
 .text.HAL_GetTick
                0x080028b8       0x18 ./Drivers/STM32H7xx_HAL_Driver/Src/stm32h7xx_hal.o
                0x080028b8                HAL_GetTick
 .text.HAL_Delay
                0x080028d0       0x48 ./Drivers/STM32H7xx_HAL_Driver/Src/stm32h7xx_hal.o
                0x080028d0                HAL_Delay
 .text.HAL_GetREVID
                0x08002918       0x18 ./Drivers/STM32H7xx_HAL_Driver/Src/stm32h7xx_hal.o
                0x08002918                HAL_GetREVID
 .text.__NVIC_SetPriorityGrouping
                0x08002930       0x48 ./Drivers/STM32H7xx_HAL_Driver/Src/stm32h7xx_hal_cortex.o
 .text.__NVIC_GetPriorityGrouping
                0x08002978       0x1c ./Drivers/STM32H7xx_HAL_Driver/Src/stm32h7xx_hal_cortex.o
 .text.__NVIC_SetPriority
                0x08002994       0x54 ./Drivers/STM32H7xx_HAL_Driver/Src/stm32h7xx_hal_cortex.o
 .text.NVIC_EncodePriority
                0x080029e8       0x66 ./Drivers/STM32H7xx_HAL_Driver/Src/stm32h7xx_hal_cortex.o
 *fill*         0x08002a4e        0x2 
 .text.SysTick_Config
                0x08002a50       0x44 ./Drivers/STM32H7xx_HAL_Driver/Src/stm32h7xx_hal_cortex.o
 .text.HAL_NVIC_SetPriorityGrouping
                0x08002a94       0x16 ./Drivers/STM32H7xx_HAL_Driver/Src/stm32h7xx_hal_cortex.o
                0x08002a94                HAL_NVIC_SetPriorityGrouping
 .text.HAL_NVIC_SetPriority
                0x08002aaa       0x34 ./Drivers/STM32H7xx_HAL_Driver/Src/stm32h7xx_hal_cortex.o
                0x08002aaa                HAL_NVIC_SetPriority
 .text.HAL_SYSTICK_Config
                0x08002ade       0x18 ./Drivers/STM32H7xx_HAL_Driver/Src/stm32h7xx_hal_cortex.o
                0x08002ade                HAL_SYSTICK_Config
 *fill*         0x08002af6        0x2 
 .text.HAL_GPIO_Init
                0x08002af8      0x374 ./Drivers/STM32H7xx_HAL_Driver/Src/stm32h7xx_hal_gpio.o
                0x08002af8                HAL_GPIO_Init
 .text.HAL_GPIO_ReadPin
                0x08002e6c       0x30 ./Drivers/STM32H7xx_HAL_Driver/Src/stm32h7xx_hal_gpio.o
                0x08002e6c                HAL_GPIO_ReadPin
 .text.HAL_GPIO_WritePin
                0x08002e9c       0x32 ./Drivers/STM32H7xx_HAL_Driver/Src/stm32h7xx_hal_gpio.o
                0x08002e9c                HAL_GPIO_WritePin
 *fill*         0x08002ece        0x2 
 .text.HAL_I2C_Init
                0x08002ed0      0x138 ./Drivers/STM32H7xx_HAL_Driver/Src/stm32h7xx_hal_i2c.o
                0x08002ed0                HAL_I2C_Init
 .text.HAL_I2C_Master_Transmit
                0x08003008      0x230 ./Drivers/STM32H7xx_HAL_Driver/Src/stm32h7xx_hal_i2c.o
                0x08003008                HAL_I2C_Master_Transmit
 .text.HAL_I2C_Master_Receive
                0x08003238      0x1ec ./Drivers/STM32H7xx_HAL_Driver/Src/stm32h7xx_hal_i2c.o
                0x08003238                HAL_I2C_Master_Receive
 .text.HAL_I2C_IsDeviceReady
                0x08003424      0x1e8 ./Drivers/STM32H7xx_HAL_Driver/Src/stm32h7xx_hal_i2c.o
                0x08003424                HAL_I2C_IsDeviceReady
 .text.I2C_Flush_TXDR
                0x0800360c       0x48 ./Drivers/STM32H7xx_HAL_Driver/Src/stm32h7xx_hal_i2c.o
 .text.I2C_WaitOnFlagUntilTimeout
                0x08003654       0xb2 ./Drivers/STM32H7xx_HAL_Driver/Src/stm32h7xx_hal_i2c.o
 .text.I2C_WaitOnTXISFlagUntilTimeout
                0x08003706       0x8e ./Drivers/STM32H7xx_HAL_Driver/Src/stm32h7xx_hal_i2c.o
 .text.I2C_WaitOnSTOPFlagUntilTimeout
                0x08003794       0x86 ./Drivers/STM32H7xx_HAL_Driver/Src/stm32h7xx_hal_i2c.o
 *fill*         0x0800381a        0x2 
 .text.I2C_WaitOnRXNEFlagUntilTimeout
                0x0800381c      0x118 ./Drivers/STM32H7xx_HAL_Driver/Src/stm32h7xx_hal_i2c.o
 .text.I2C_IsErrorOccurred
                0x08003934      0x1c0 ./Drivers/STM32H7xx_HAL_Driver/Src/stm32h7xx_hal_i2c.o
 .text.I2C_TransferConfig
                0x08003af4       0x64 ./Drivers/STM32H7xx_HAL_Driver/Src/stm32h7xx_hal_i2c.o
 .text.HAL_I2CEx_ConfigAnalogFilter
                0x08003b58       0x96 ./Drivers/STM32H7xx_HAL_Driver/Src/stm32h7xx_hal_i2c_ex.o
                0x08003b58                HAL_I2CEx_ConfigAnalogFilter
 .text.HAL_I2CEx_ConfigDigitalFilter
                0x08003bee       0x98 ./Drivers/STM32H7xx_HAL_Driver/Src/stm32h7xx_hal_i2c_ex.o
                0x08003bee                HAL_I2CEx_ConfigDigitalFilter
 *fill*         0x08003c86        0x2 
 .text.HAL_PWREx_ConfigSupply
                0x08003c88       0x74 ./Drivers/STM32H7xx_HAL_Driver/Src/stm32h7xx_hal_pwr_ex.o
                0x08003c88                HAL_PWREx_ConfigSupply
 .text.HAL_RCC_OscConfig
                0x08003cfc      0x8ac ./Drivers/STM32H7xx_HAL_Driver/Src/stm32h7xx_hal_rcc.o
                0x08003cfc                HAL_RCC_OscConfig
 .text.HAL_RCC_ClockConfig
                0x080045a8      0x36c ./Drivers/STM32H7xx_HAL_Driver/Src/stm32h7xx_hal_rcc.o
                0x080045a8                HAL_RCC_ClockConfig
 .text.HAL_RCC_GetSysClockFreq
                0x08004914      0x2f4 ./Drivers/STM32H7xx_HAL_Driver/Src/stm32h7xx_hal_rcc.o
                0x08004914                HAL_RCC_GetSysClockFreq
 .text.HAL_RCCEx_PeriphCLKConfig
                0x08004c08     0x1414 ./Drivers/STM32H7xx_HAL_Driver/Src/stm32h7xx_hal_rcc_ex.o
                0x08004c08                HAL_RCCEx_PeriphCLKConfig
 .text.RCCEx_PLL2_Config
                0x0800601c      0x164 ./Drivers/STM32H7xx_HAL_Driver/Src/stm32h7xx_hal_rcc_ex.o
 .text.RCCEx_PLL3_Config
                0x08006180      0x164 ./Drivers/STM32H7xx_HAL_Driver/Src/stm32h7xx_hal_rcc_ex.o
 .text.HAL_SPI_Init
                0x080062e4      0x248 ./Drivers/STM32H7xx_HAL_Driver/Src/stm32h7xx_hal_spi.o
                0x080062e4                HAL_SPI_Init
 .text.HAL_SPI_Transmit
                0x0800652c      0x3dc ./Drivers/STM32H7xx_HAL_Driver/Src/stm32h7xx_hal_spi.o
                0x0800652c                HAL_SPI_Transmit
 .text.HAL_SPI_Receive
                0x08006908      0x56c ./Drivers/STM32H7xx_HAL_Driver/Src/stm32h7xx_hal_spi.o
                0x08006908                HAL_SPI_Receive
 .text.SPI_CloseTransfer
                0x08006e74      0x140 ./Drivers/STM32H7xx_HAL_Driver/Src/stm32h7xx_hal_spi.o
 .text.SPI_WaitOnFlagUntilTimeout
                0x08006fb4       0x5c ./Drivers/STM32H7xx_HAL_Driver/Src/stm32h7xx_hal_spi.o
 .text.SPI_GetPacketSize
                0x08007010       0x36 ./Drivers/STM32H7xx_HAL_Driver/Src/stm32h7xx_hal_spi.o
 .text.HAL_TIM_Base_Init
                0x08007046       0xae ./Drivers/STM32H7xx_HAL_Driver/Src/stm32h7xx_hal_tim.o
                0x08007046                HAL_TIM_Base_Init
 .text.HAL_TIM_PWM_Init
                0x080070f4       0xae ./Drivers/STM32H7xx_HAL_Driver/Src/stm32h7xx_hal_tim.o
                0x080070f4                HAL_TIM_PWM_Init
 *fill*         0x080071a2        0x2 
 .text.HAL_TIM_PWM_Start
                0x080071a4      0x21c ./Drivers/STM32H7xx_HAL_Driver/Src/stm32h7xx_hal_tim.o
                0x080071a4                HAL_TIM_PWM_Start
 .text.HAL_TIM_PWM_ConfigChannel
                0x080073c0      0x228 ./Drivers/STM32H7xx_HAL_Driver/Src/stm32h7xx_hal_tim.o
                0x080073c0                HAL_TIM_PWM_ConfigChannel
 .text.HAL_TIM_ConfigClockSource
                0x080075e8      0x1f0 ./Drivers/STM32H7xx_HAL_Driver/Src/stm32h7xx_hal_tim.o
                0x080075e8                HAL_TIM_ConfigClockSource
 .text.TIM_Base_SetConfig
                0x080077d8      0x140 ./Drivers/STM32H7xx_HAL_Driver/Src/stm32h7xx_hal_tim.o
                0x080077d8                TIM_Base_SetConfig
 .text.TIM_OC1_SetConfig
                0x08007918      0x124 ./Drivers/STM32H7xx_HAL_Driver/Src/stm32h7xx_hal_tim.o
 .text.TIM_OC2_SetConfig
                0x08007a3c      0x118 ./Drivers/STM32H7xx_HAL_Driver/Src/stm32h7xx_hal_tim.o
                0x08007a3c                TIM_OC2_SetConfig
 .text.TIM_OC3_SetConfig
                0x08007b54      0x114 ./Drivers/STM32H7xx_HAL_Driver/Src/stm32h7xx_hal_tim.o
 .text.TIM_OC4_SetConfig
                0x08007c68       0xd4 ./Drivers/STM32H7xx_HAL_Driver/Src/stm32h7xx_hal_tim.o
 .text.TIM_OC5_SetConfig
                0x08007d3c       0xc8 ./Drivers/STM32H7xx_HAL_Driver/Src/stm32h7xx_hal_tim.o
 .text.TIM_OC6_SetConfig
                0x08007e04       0xcc ./Drivers/STM32H7xx_HAL_Driver/Src/stm32h7xx_hal_tim.o
 .text.TIM_TI1_ConfigInputStage
                0x08007ed0       0xa8 ./Drivers/STM32H7xx_HAL_Driver/Src/stm32h7xx_hal_tim.o
 .text.TIM_TI2_ConfigInputStage
                0x08007f78       0x84 ./Drivers/STM32H7xx_HAL_Driver/Src/stm32h7xx_hal_tim.o
 .text.TIM_ITRx_SetConfig
                0x08007ffc       0x3c ./Drivers/STM32H7xx_HAL_Driver/Src/stm32h7xx_hal_tim.o
 .text.TIM_ETR_SetConfig
                0x08008038       0x40 ./Drivers/STM32H7xx_HAL_Driver/Src/stm32h7xx_hal_tim.o
                0x08008038                TIM_ETR_SetConfig
 .text.TIM_CCxChannelCmd
                0x08008078       0x4a ./Drivers/STM32H7xx_HAL_Driver/Src/stm32h7xx_hal_tim.o
                0x08008078                TIM_CCxChannelCmd
 *fill*         0x080080c2        0x2 
 .text.HAL_TIMEx_PWMN_Start
                0x080080c4      0x184 ./Drivers/STM32H7xx_HAL_Driver/Src/stm32h7xx_hal_tim_ex.o
                0x080080c4                HAL_TIMEx_PWMN_Start
 .text.HAL_TIMEx_MasterConfigSynchronization
                0x08008248      0x11c ./Drivers/STM32H7xx_HAL_Driver/Src/stm32h7xx_hal_tim_ex.o
                0x08008248                HAL_TIMEx_MasterConfigSynchronization
 .text.HAL_TIMEx_ConfigBreakDeadTime
                0x08008364       0xfc ./Drivers/STM32H7xx_HAL_Driver/Src/stm32h7xx_hal_tim_ex.o
                0x08008364                HAL_TIMEx_ConfigBreakDeadTime
 .text.TIM_CCxNChannelCmd
                0x08008460       0x4a ./Drivers/STM32H7xx_HAL_Driver/Src/stm32h7xx_hal_tim_ex.o
 *fill*         0x080084aa        0x2 
 .text.MX_GPIO_Init
                0x080084ac      0x220 ./Src/gpio.o
                0x080084ac                MX_GPIO_Init
 .text.MX_I2C1_Init
                0x080086cc       0x80 ./Src/i2c.o
                0x080086cc                MX_I2C1_Init
 .text.MX_I2C4_Init
                0x0800874c       0x80 ./Src/i2c.o
                0x0800874c                MX_I2C4_Init
 .text.HAL_I2C_MspInit
                0x080087cc      0x170 ./Src/i2c.o
                0x080087cc                HAL_I2C_MspInit
 .text.ExitRun0Mode
                0x0800893c        0x2 ./Src/main.o
                0x0800893c                ExitRun0Mode
 *fill*         0x0800893e        0x2 
 .text.Brake_Pin_Set
                0x08008940       0x24 ./Src/main.o
 .text.Gyro_ReadZ_dps
                0x08008964       0x18 ./Src/main.o
 .text.Flip_Execute
                0x0800897c       0x20 ./Src/main.o
 .text.main     0x0800899c      0x4d0 ./Src/main.o
                0x0800899c                main
 .text.SystemClock_Config
                0x08008e6c       0xf4 ./Src/main.o
                0x08008e6c                SystemClock_Config
 .text.Error_Handler
                0x08008f60        0xc ./Src/main.o
                0x08008f60                Error_Handler
 .text.MX_SPI2_Init
                0x08008f6c       0xac ./Src/spi.o
                0x08008f6c                MX_SPI2_Init
 .text.MX_SPI4_Init
                0x08009018       0xb0 ./Src/spi.o
                0x08009018                MX_SPI4_Init
 .text.HAL_SPI_MspInit
                0x080090c8      0x194 ./Src/spi.o
                0x080090c8                HAL_SPI_MspInit
 .text.HAL_MspInit
                0x0800925c       0x34 ./Src/stm32h7xx_hal_msp.o
                0x0800925c                HAL_MspInit
 .text.NMI_Handler
                0x08009290        0xe ./Src/stm32h7xx_it.o
                0x08009290                NMI_Handler
 .text.HardFault_Handler
                0x0800929e        0x8 ./Src/stm32h7xx_it.o
                0x0800929e                HardFault_Handler
 .text.MemManage_Handler
                0x080092a6        0x8 ./Src/stm32h7xx_it.o
                0x080092a6                MemManage_Handler
 .text.BusFault_Handler
                0x080092ae        0x8 ./Src/stm32h7xx_it.o
                0x080092ae                BusFault_Handler
 .text.UsageFault_Handler
                0x080092b6        0x8 ./Src/stm32h7xx_it.o
                0x080092b6                UsageFault_Handler
 .text.SVC_Handler
                0x080092be        0xe ./Src/stm32h7xx_it.o
                0x080092be                SVC_Handler
 .text.DebugMon_Handler
                0x080092cc        0xe ./Src/stm32h7xx_it.o
                0x080092cc                DebugMon_Handler
 .text.PendSV_Handler
                0x080092da        0xe ./Src/stm32h7xx_it.o
                0x080092da                PendSV_Handler
 .text.SysTick_Handler
                0x080092e8        0xc ./Src/stm32h7xx_it.o
                0x080092e8                SysTick_Handler
 .text._getpid  0x080092f4       0x10 ./Src/syscalls.o
                0x080092f4                _getpid
 .text._kill    0x08009304       0x20 ./Src/syscalls.o
                0x08009304                _kill
 .text._exit    0x08009324       0x16 ./Src/syscalls.o
                0x08009324                _exit
 .text._read    0x0800933a       0x3a ./Src/syscalls.o
                0x0800933a                _read
 .text._write   0x08009374       0x38 ./Src/syscalls.o
                0x08009374                _write
 .text._close   0x080093ac       0x18 ./Src/syscalls.o
                0x080093ac                _close
 .text._fstat   0x080093c4       0x20 ./Src/syscalls.o
                0x080093c4                _fstat
 .text._isatty  0x080093e4       0x16 ./Src/syscalls.o
                0x080093e4                _isatty
 .text._lseek   0x080093fa       0x1a ./Src/syscalls.o
                0x080093fa                _lseek
 .text._sbrk    0x08009414       0x6c ./Src/sysmem.o
                0x08009414                _sbrk
 .text.SystemInit
                0x08009480       0xc4 ./Src/system_stm32h7xx.o
                0x08009480                SystemInit
 .text.MX_TIM1_Init
                0x08009544      0x120 ./Src/tim.o
                0x08009544                MX_TIM1_Init
 .text.MX_TIM8_Init
                0x08009664      0x170 ./Src/tim.o
                0x08009664                MX_TIM8_Init
 .text.HAL_TIM_PWM_MspInit
                0x080097d4       0x44 ./Src/tim.o
                0x080097d4                HAL_TIM_PWM_MspInit
 .text.HAL_TIM_Base_MspInit
                0x08009818       0x44 ./Src/tim.o
                0x08009818                HAL_TIM_Base_MspInit
 .text.HAL_TIM_MspPostInit
                0x0800985c       0xc8 ./Src/tim.o
                0x0800985c                HAL_TIM_MspPostInit
 .text.Reset_Handler
                0x08009924       0x54 ./Startup/startup_stm32h743vitx.o
                0x08009924                Reset_Handler
 .text.Default_Handler
                0x08009978        0x2 ./Startup/startup_stm32h743vitx.o
                0x08009978                RTC_Alarm_IRQHandler
                0x08009978                EXTI2_IRQHandler
                0x08009978                TIM8_CC_IRQHandler
                0x08009978                HRTIM1_Master_IRQHandler
                0x08009978                UART8_IRQHandler
                0x08009978                SPI4_IRQHandler
                0x08009978                TIM1_CC_IRQHandler
                0x08009978                BDMA_Channel6_IRQHandler
                0x08009978                DMA2_Stream5_IRQHandler
                0x08009978                HRTIM1_FLT_IRQHandler
                0x08009978                JPEG_IRQHandler
                0x08009978                DMA1_Stream5_IRQHandler
                0x08009978                BDMA_Channel1_IRQHandler
                0x08009978                HRTIM1_TIMD_IRQHandler
                0x08009978                TAMP_STAMP_IRQHandler
                0x08009978                EXTI3_IRQHandler
                0x08009978                LPTIM4_IRQHandler
                0x08009978                TIM8_TRG_COM_TIM14_IRQHandler
                0x08009978                LPTIM2_IRQHandler
                0x08009978                DFSDM1_FLT1_IRQHandler
                0x08009978                DMAMUX2_OVR_IRQHandler
                0x08009978                TIM8_UP_TIM13_IRQHandler
                0x08009978                I2C3_ER_IRQHandler
                0x08009978                DFSDM1_FLT2_IRQHandler
                0x08009978                MDMA_IRQHandler
                0x08009978                LPTIM3_IRQHandler
                0x08009978                HSEM1_IRQHandler
                0x08009978                EXTI0_IRQHandler
                0x08009978                I2C2_EV_IRQHandler
                0x08009978                DMA1_Stream2_IRQHandler
                0x08009978                FPU_IRQHandler
                0x08009978                OTG_HS_WKUP_IRQHandler
                0x08009978                FDCAN1_IT1_IRQHandler
                0x08009978                LTDC_ER_IRQHandler
                0x08009978                DMA2_Stream2_IRQHandler
                0x08009978                HRTIM1_TIME_IRQHandler
                0x08009978                SPI1_IRQHandler
                0x08009978                TIM6_DAC_IRQHandler
                0x08009978                DCMI_IRQHandler
                0x08009978                HRTIM1_TIMC_IRQHandler
                0x08009978                DMA2_Stream3_IRQHandler
                0x08009978                SAI2_IRQHandler
                0x08009978                DFSDM1_FLT3_IRQHandler
                0x08009978                USART6_IRQHandler
                0x08009978                TIM17_IRQHandler
                0x08009978                USART3_IRQHandler
                0x08009978                BDMA_Channel7_IRQHandler
                0x08009978                LPTIM5_IRQHandler
                0x08009978                UART5_IRQHandler
                0x08009978                ADC3_IRQHandler
                0x08009978                DMA2_Stream0_IRQHandler
                0x08009978                TIM4_IRQHandler
                0x08009978                BDMA_Channel2_IRQHandler
                0x08009978                QUADSPI_IRQHandler
                0x08009978                I2C1_EV_IRQHandler
                0x08009978                DMA1_Stream6_IRQHandler
                0x08009978                DMAMUX1_OVR_IRQHandler
                0x08009978                DMA1_Stream1_IRQHandler
                0x08009978                TIM16_IRQHandler
                0x08009978                UART4_IRQHandler
                0x08009978                BDMA_Channel5_IRQHandler
                0x08009978                TIM3_IRQHandler
                0x08009978                RCC_IRQHandler
                0x08009978                TIM8_BRK_TIM12_IRQHandler
                0x08009978                TIM1_TRG_COM_IRQHandler
                0x08009978                Default_Handler
                0x08009978                ECC_IRQHandler
                0x08009978                CEC_IRQHandler
                0x08009978                EXTI15_10_IRQHandler
                0x08009978                BDMA_Channel0_IRQHandler
                0x08009978                ADC_IRQHandler
                0x08009978                DMA1_Stream7_IRQHandler
                0x08009978                HRTIM1_TIMA_IRQHandler
                0x08009978                SPI5_IRQHandler
                0x08009978                TIM7_IRQHandler
                0x08009978                SDMMC1_IRQHandler
                0x08009978                TIM5_IRQHandler
                0x08009978                DMA2_Stream7_IRQHandler
                0x08009978                TIM15_IRQHandler
                0x08009978                PVD_AVD_IRQHandler
                0x08009978                I2C3_EV_IRQHandler
                0x08009978                EXTI9_5_IRQHandler
                0x08009978                RTC_WKUP_IRQHandler
                0x08009978                LTDC_IRQHandler
                0x08009978                SAI3_IRQHandler
                0x08009978                ETH_WKUP_IRQHandler
                0x08009978                SPDIF_RX_IRQHandler
                0x08009978                SPI2_IRQHandler
                0x08009978                OTG_HS_EP1_IN_IRQHandler
                0x08009978                DMA1_Stream0_IRQHandler
                0x08009978                CRS_IRQHandler
                0x08009978                EXTI4_IRQHandler
                0x08009978                RNG_IRQHandler
                0x08009978                HRTIM1_TIMB_IRQHandler
                0x08009978                FDCAN2_IT1_IRQHandler
                0x08009978                ETH_IRQHandler
                0x08009978                TIM1_UP_IRQHandler
                0x08009978                BDMA_Channel4_IRQHandler
                0x08009978                OTG_HS_EP1_OUT_IRQHandler
                0x08009978                WWDG_IRQHandler
                0x08009978                SPI6_IRQHandler
                0x08009978                MDIOS_IRQHandler
                0x08009978                I2C4_EV_IRQHandler
                0x08009978                FDCAN2_IT0_IRQHandler
                0x08009978                LPUART1_IRQHandler
                0x08009978                FDCAN1_IT0_IRQHandler
                0x08009978                TIM2_IRQHandler
                0x08009978                OTG_FS_WKUP_IRQHandler
                0x08009978                OTG_HS_IRQHandler
                0x08009978                DMA2D_IRQHandler
                0x08009978                TIM1_BRK_IRQHandler
                0x08009978                EXTI1_IRQHandler
                0x08009978                SDMMC2_IRQHandler
                0x08009978                OTG_FS_EP1_OUT_IRQHandler
                0x08009978                BDMA_Channel3_IRQHandler
                0x08009978                UART7_IRQHandler
                0x08009978                MDIOS_WKUP_IRQHandler
                0x08009978                USART2_IRQHandler
                0x08009978                DFSDM1_FLT0_IRQHandler
                0x08009978                SAI4_IRQHandler
                0x08009978                I2C2_ER_IRQHandler
                0x08009978                DMA2_Stream1_IRQHandler
                0x08009978                FLASH_IRQHandler
                0x08009978                DMA2_Stream4_IRQHandler
                0x08009978                USART1_IRQHandler
                0x08009978                OTG_FS_IRQHandler
                0x08009978                SPI3_IRQHandler
                0x08009978                WAKEUP_PIN_IRQHandler
                0x08009978                DMA1_Stream4_IRQHandler
                0x08009978                OTG_FS_EP1_IN_IRQHandler
                0x08009978                I2C1_ER_IRQHandler
                0x08009978                FMC_IRQHandler
                0x08009978                FDCAN_CAL_IRQHandler
                0x08009978                SWPMI1_IRQHandler
                0x08009978                COMP1_IRQHandler
                0x08009978                LPTIM1_IRQHandler
                0x08009978                I2C4_ER_IRQHandler
                0x08009978                DMA2_Stream6_IRQHandler
                0x08009978                SAI1_IRQHandler
                0x08009978                DMA1_Stream3_IRQHandler
 .text.__cvt    0x0800997a       0xa8 E:/ST/STM32CubeIDE_2.2.0/STM32CubeIDE/plugins/com.st.stm32cube.ide.mcu.externaltools.gnu-tools-for-stm32.14.3.rel1.win32_1.0.100.202602081740/tools/bin/../lib/gcc/arm-none-eabi/14.3.1/../../../../arm-none-eabi/lib/thumb/v7e-m+dp/hard\libc_nano.a(libc_a-nano-vfprintf_float.o)
                0x0800997a                __cvt
 .text.__exponent
                0x08009a22       0x74 E:/ST/STM32CubeIDE_2.2.0/STM32CubeIDE/plugins/com.st.stm32cube.ide.mcu.externaltools.gnu-tools-for-stm32.14.3.rel1.win32_1.0.100.202602081740/tools/bin/../lib/gcc/arm-none-eabi/14.3.1/../../../../arm-none-eabi/lib/thumb/v7e-m+dp/hard\libc_nano.a(libc_a-nano-vfprintf_float.o)
                0x08009a22                __exponent
 *fill*         0x08009a96        0x2 
 .text._printf_float
                0x08009a98      0x434 E:/ST/STM32CubeIDE_2.2.0/STM32CubeIDE/plugins/com.st.stm32cube.ide.mcu.externaltools.gnu-tools-for-stm32.14.3.rel1.win32_1.0.100.202602081740/tools/bin/../lib/gcc/arm-none-eabi/14.3.1/../../../../arm-none-eabi/lib/thumb/v7e-m+dp/hard\libc_nano.a(libc_a-nano-vfprintf_float.o)
                0x08009a98                _printf_float
 .text._printf_common
                0x08009ecc       0xda E:/ST/STM32CubeIDE_2.2.0/STM32CubeIDE/plugins/com.st.stm32cube.ide.mcu.externaltools.gnu-tools-for-stm32.14.3.rel1.win32_1.0.100.202602081740/tools/bin/../lib/gcc/arm-none-eabi/14.3.1/../../../../arm-none-eabi/lib/thumb/v7e-m+dp/hard\libc_nano.a(libc_a-nano-vfprintf_i.o)
                0x08009ecc                _printf_common
 *fill*         0x08009fa6        0x2 
 .text._printf_i
                0x08009fa8      0x24c E:/ST/STM32CubeIDE_2.2.0/STM32CubeIDE/plugins/com.st.stm32cube.ide.mcu.externaltools.gnu-tools-for-stm32.14.3.rel1.win32_1.0.100.202602081740/tools/bin/../lib/gcc/arm-none-eabi/14.3.1/../../../../arm-none-eabi/lib/thumb/v7e-m+dp/hard\libc_nano.a(libc_a-nano-vfprintf_i.o)
                0x08009fa8                _printf_i
 .text.std      0x0800a1f4       0x6c E:/ST/STM32CubeIDE_2.2.0/STM32CubeIDE/plugins/com.st.stm32cube.ide.mcu.externaltools.gnu-tools-for-stm32.14.3.rel1.win32_1.0.100.202602081740/tools/bin/../lib/gcc/arm-none-eabi/14.3.1/../../../../arm-none-eabi/lib/thumb/v7e-m+dp/hard\libc_nano.a(libc_a-findfp.o)
 .text.stdio_exit_handler
                0x0800a260       0x18 E:/ST/STM32CubeIDE_2.2.0/STM32CubeIDE/plugins/com.st.stm32cube.ide.mcu.externaltools.gnu-tools-for-stm32.14.3.rel1.win32_1.0.100.202602081740/tools/bin/../lib/gcc/arm-none-eabi/14.3.1/../../../../arm-none-eabi/lib/thumb/v7e-m+dp/hard\libc_nano.a(libc_a-findfp.o)
 .text.cleanup_stdio
                0x0800a278       0x40 E:/ST/STM32CubeIDE_2.2.0/STM32CubeIDE/plugins/com.st.stm32cube.ide.mcu.externaltools.gnu-tools-for-stm32.14.3.rel1.win32_1.0.100.202602081740/tools/bin/../lib/gcc/arm-none-eabi/14.3.1/../../../../arm-none-eabi/lib/thumb/v7e-m+dp/hard\libc_nano.a(libc_a-findfp.o)
 .text.global_stdio_init.part.0
                0x0800a2b8       0x40 E:/ST/STM32CubeIDE_2.2.0/STM32CubeIDE/plugins/com.st.stm32cube.ide.mcu.externaltools.gnu-tools-for-stm32.14.3.rel1.win32_1.0.100.202602081740/tools/bin/../lib/gcc/arm-none-eabi/14.3.1/../../../../arm-none-eabi/lib/thumb/v7e-m+dp/hard\libc_nano.a(libc_a-findfp.o)
 .text.__sfp_lock_acquire
                0x0800a2f8        0xc E:/ST/STM32CubeIDE_2.2.0/STM32CubeIDE/plugins/com.st.stm32cube.ide.mcu.externaltools.gnu-tools-for-stm32.14.3.rel1.win32_1.0.100.202602081740/tools/bin/../lib/gcc/arm-none-eabi/14.3.1/../../../../arm-none-eabi/lib/thumb/v7e-m+dp/hard\libc_nano.a(libc_a-findfp.o)
                0x0800a2f8                __sfp_lock_acquire
 .text.__sfp_lock_release
                0x0800a304        0xc E:/ST/STM32CubeIDE_2.2.0/STM32CubeIDE/plugins/com.st.stm32cube.ide.mcu.externaltools.gnu-tools-for-stm32.14.3.rel1.win32_1.0.100.202602081740/tools/bin/../lib/gcc/arm-none-eabi/14.3.1/../../../../arm-none-eabi/lib/thumb/v7e-m+dp/hard\libc_nano.a(libc_a-findfp.o)
                0x0800a304                __sfp_lock_release
 .text.__sinit  0x0800a310       0x30 E:/ST/STM32CubeIDE_2.2.0/STM32CubeIDE/plugins/com.st.stm32cube.ide.mcu.externaltools.gnu-tools-for-stm32.14.3.rel1.win32_1.0.100.202602081740/tools/bin/../lib/gcc/arm-none-eabi/14.3.1/../../../../arm-none-eabi/lib/thumb/v7e-m+dp/hard\libc_nano.a(libc_a-findfp.o)
                0x0800a310                __sinit
 .text._fwalk_sglue
                0x0800a340       0x3c E:/ST/STM32CubeIDE_2.2.0/STM32CubeIDE/plugins/com.st.stm32cube.ide.mcu.externaltools.gnu-tools-for-stm32.14.3.rel1.win32_1.0.100.202602081740/tools/bin/../lib/gcc/arm-none-eabi/14.3.1/../../../../arm-none-eabi/lib/thumb/v7e-m+dp/hard\libc_nano.a(libc_a-fwalk.o)
                0x0800a340                _fwalk_sglue
 .text.sprintf  0x0800a37c       0x44 E:/ST/STM32CubeIDE_2.2.0/STM32CubeIDE/plugins/com.st.stm32cube.ide.mcu.externaltools.gnu-tools-for-stm32.14.3.rel1.win32_1.0.100.202602081740/tools/bin/../lib/gcc/arm-none-eabi/14.3.1/../../../../arm-none-eabi/lib/thumb/v7e-m+dp/hard\libc_nano.a(libc_a-sprintf.o)
                0x0800a37c                siprintf
                0x0800a37c                sprintf
 .text.__sread  0x0800a3c0       0x22 E:/ST/STM32CubeIDE_2.2.0/STM32CubeIDE/plugins/com.st.stm32cube.ide.mcu.externaltools.gnu-tools-for-stm32.14.3.rel1.win32_1.0.100.202602081740/tools/bin/../lib/gcc/arm-none-eabi/14.3.1/../../../../arm-none-eabi/lib/thumb/v7e-m+dp/hard\libc_nano.a(libc_a-stdio.o)
                0x0800a3c0                __sread
 .text.__swrite
                0x0800a3e2       0x38 E:/ST/STM32CubeIDE_2.2.0/STM32CubeIDE/plugins/com.st.stm32cube.ide.mcu.externaltools.gnu-tools-for-stm32.14.3.rel1.win32_1.0.100.202602081740/tools/bin/../lib/gcc/arm-none-eabi/14.3.1/../../../../arm-none-eabi/lib/thumb/v7e-m+dp/hard\libc_nano.a(libc_a-stdio.o)
                0x0800a3e2                __swrite
 .text.__sseek  0x0800a41a       0x26 E:/ST/STM32CubeIDE_2.2.0/STM32CubeIDE/plugins/com.st.stm32cube.ide.mcu.externaltools.gnu-tools-for-stm32.14.3.rel1.win32_1.0.100.202602081740/tools/bin/../lib/gcc/arm-none-eabi/14.3.1/../../../../arm-none-eabi/lib/thumb/v7e-m+dp/hard\libc_nano.a(libc_a-stdio.o)
                0x0800a41a                __sseek
 .text.__sclose
                0x0800a440        0x8 E:/ST/STM32CubeIDE_2.2.0/STM32CubeIDE/plugins/com.st.stm32cube.ide.mcu.externaltools.gnu-tools-for-stm32.14.3.rel1.win32_1.0.100.202602081740/tools/bin/../lib/gcc/arm-none-eabi/14.3.1/../../../../arm-none-eabi/lib/thumb/v7e-m+dp/hard\libc_nano.a(libc_a-stdio.o)
                0x0800a440                __sclose
 .text.memset   0x0800a448       0x10 E:/ST/STM32CubeIDE_2.2.0/STM32CubeIDE/plugins/com.st.stm32cube.ide.mcu.externaltools.gnu-tools-for-stm32.14.3.rel1.win32_1.0.100.202602081740/tools/bin/../lib/gcc/arm-none-eabi/14.3.1/../../../../arm-none-eabi/lib/thumb/v7e-m+dp/hard\libc_nano.a(libc_a-memset.o)
                0x0800a448                memset
 .text._localeconv_r
                0x0800a458        0x8 E:/ST/STM32CubeIDE_2.2.0/STM32CubeIDE/plugins/com.st.stm32cube.ide.mcu.externaltools.gnu-tools-for-stm32.14.3.rel1.win32_1.0.100.202602081740/tools/bin/../lib/gcc/arm-none-eabi/14.3.1/../../../../arm-none-eabi/lib/thumb/v7e-m+dp/hard\libc_nano.a(libc_a-localeconv.o)
                0x0800a458                _localeconv_r
 .text._close_r
                0x0800a460       0x20 E:/ST/STM32CubeIDE_2.2.0/STM32CubeIDE/plugins/com.st.stm32cube.ide.mcu.externaltools.gnu-tools-for-stm32.14.3.rel1.win32_1.0.100.202602081740/tools/bin/../lib/gcc/arm-none-eabi/14.3.1/../../../../arm-none-eabi/lib/thumb/v7e-m+dp/hard\libc_nano.a(libc_a-closer.o)
                0x0800a460                _close_r
 .text._lseek_r
                0x0800a480       0x24 E:/ST/STM32CubeIDE_2.2.0/STM32CubeIDE/plugins/com.st.stm32cube.ide.mcu.externaltools.gnu-tools-for-stm32.14.3.rel1.win32_1.0.100.202602081740/tools/bin/../lib/gcc/arm-none-eabi/14.3.1/../../../../arm-none-eabi/lib/thumb/v7e-m+dp/hard\libc_nano.a(libc_a-lseekr.o)
                0x0800a480                _lseek_r
 .text._read_r  0x0800a4a4       0x24 E:/ST/STM32CubeIDE_2.2.0/STM32CubeIDE/plugins/com.st.stm32cube.ide.mcu.externaltools.gnu-tools-for-stm32.14.3.rel1.win32_1.0.100.202602081740/tools/bin/../lib/gcc/arm-none-eabi/14.3.1/../../../../arm-none-eabi/lib/thumb/v7e-m+dp/hard\libc_nano.a(libc_a-readr.o)
                0x0800a4a4                _read_r
 .text._write_r
                0x0800a4c8       0x24 E:/ST/STM32CubeIDE_2.2.0/STM32CubeIDE/plugins/com.st.stm32cube.ide.mcu.externaltools.gnu-tools-for-stm32.14.3.rel1.win32_1.0.100.202602081740/tools/bin/../lib/gcc/arm-none-eabi/14.3.1/../../../../arm-none-eabi/lib/thumb/v7e-m+dp/hard\libc_nano.a(libc_a-writer.o)
                0x0800a4c8                _write_r
 .text.__errno  0x0800a4ec        0xc E:/ST/STM32CubeIDE_2.2.0/STM32CubeIDE/plugins/com.st.stm32cube.ide.mcu.externaltools.gnu-tools-for-stm32.14.3.rel1.win32_1.0.100.202602081740/tools/bin/../lib/gcc/arm-none-eabi/14.3.1/../../../../arm-none-eabi/lib/thumb/v7e-m+dp/hard\libc_nano.a(libc_a-errno.o)
                0x0800a4ec                __errno
 .text.__libc_init_array
                0x0800a4f8       0x48 E:/ST/STM32CubeIDE_2.2.0/STM32CubeIDE/plugins/com.st.stm32cube.ide.mcu.externaltools.gnu-tools-for-stm32.14.3.rel1.win32_1.0.100.202602081740/tools/bin/../lib/gcc/arm-none-eabi/14.3.1/../../../../arm-none-eabi/lib/thumb/v7e-m+dp/hard\libc_nano.a(libc_a-init.o)
                0x0800a4f8                __libc_init_array
 .text.__retarget_lock_init_recursive
                0x0800a540        0x2 E:/ST/STM32CubeIDE_2.2.0/STM32CubeIDE/plugins/com.st.stm32cube.ide.mcu.externaltools.gnu-tools-for-stm32.14.3.rel1.win32_1.0.100.202602081740/tools/bin/../lib/gcc/arm-none-eabi/14.3.1/../../../../arm-none-eabi/lib/thumb/v7e-m+dp/hard\libc_nano.a(libc_a-lock.o)
                0x0800a540                __retarget_lock_init_recursive
 .text.__retarget_lock_acquire_recursive
                0x0800a542        0x2 E:/ST/STM32CubeIDE_2.2.0/STM32CubeIDE/plugins/com.st.stm32cube.ide.mcu.externaltools.gnu-tools-for-stm32.14.3.rel1.win32_1.0.100.202602081740/tools/bin/../lib/gcc/arm-none-eabi/14.3.1/../../../../arm-none-eabi/lib/thumb/v7e-m+dp/hard\libc_nano.a(libc_a-lock.o)
                0x0800a542                __retarget_lock_acquire_recursive
 .text.__retarget_lock_release_recursive
                0x0800a544        0x2 E:/ST/STM32CubeIDE_2.2.0/STM32CubeIDE/plugins/com.st.stm32cube.ide.mcu.externaltools.gnu-tools-for-stm32.14.3.rel1.win32_1.0.100.202602081740/tools/bin/../lib/gcc/arm-none-eabi/14.3.1/../../../../arm-none-eabi/lib/thumb/v7e-m+dp/hard\libc_nano.a(libc_a-lock.o)
                0x0800a544                __retarget_lock_release_recursive
 .text.quorem   0x0800a546      0x110 E:/ST/STM32CubeIDE_2.2.0/STM32CubeIDE/plugins/com.st.stm32cube.ide.mcu.externaltools.gnu-tools-for-stm32.14.3.rel1.win32_1.0.100.202602081740/tools/bin/../lib/gcc/arm-none-eabi/14.3.1/../../../../arm-none-eabi/lib/thumb/v7e-m+dp/hard\libc_nano.a(libc_a-dtoa.o)
 *fill*         0x0800a656        0x2 
 .text._dtoa_r  0x0800a658      0xa94 E:/ST/STM32CubeIDE_2.2.0/STM32CubeIDE/plugins/com.st.stm32cube.ide.mcu.externaltools.gnu-tools-for-stm32.14.3.rel1.win32_1.0.100.202602081740/tools/bin/../lib/gcc/arm-none-eabi/14.3.1/../../../../arm-none-eabi/lib/thumb/v7e-m+dp/hard\libc_nano.a(libc_a-dtoa.o)
                0x0800a658                _dtoa_r
 .text._free_r  0x0800b0ec       0x94 E:/ST/STM32CubeIDE_2.2.0/STM32CubeIDE/plugins/com.st.stm32cube.ide.mcu.externaltools.gnu-tools-for-stm32.14.3.rel1.win32_1.0.100.202602081740/tools/bin/../lib/gcc/arm-none-eabi/14.3.1/../../../../arm-none-eabi/lib/thumb/v7e-m+dp/hard\libc_nano.a(libc_a-freer.o)
                0x0800b0ec                _free_r
 .text.malloc   0x0800b180       0x10 E:/ST/STM32CubeIDE_2.2.0/STM32CubeIDE/plugins/com.st.stm32cube.ide.mcu.externaltools.gnu-tools-for-stm32.14.3.rel1.win32_1.0.100.202602081740/tools/bin/../lib/gcc/arm-none-eabi/14.3.1/../../../../arm-none-eabi/lib/thumb/v7e-m+dp/hard\libc_nano.a(libc_a-malloc.o)
                0x0800b180                malloc
 .text.sbrk_aligned
                0x0800b190       0x44 E:/ST/STM32CubeIDE_2.2.0/STM32CubeIDE/plugins/com.st.stm32cube.ide.mcu.externaltools.gnu-tools-for-stm32.14.3.rel1.win32_1.0.100.202602081740/tools/bin/../lib/gcc/arm-none-eabi/14.3.1/../../../../arm-none-eabi/lib/thumb/v7e-m+dp/hard\libc_nano.a(libc_a-mallocr.o)
 .text._malloc_r
                0x0800b1d4      0x100 E:/ST/STM32CubeIDE_2.2.0/STM32CubeIDE/plugins/com.st.stm32cube.ide.mcu.externaltools.gnu-tools-for-stm32.14.3.rel1.win32_1.0.100.202602081740/tools/bin/../lib/gcc/arm-none-eabi/14.3.1/../../../../arm-none-eabi/lib/thumb/v7e-m+dp/hard\libc_nano.a(libc_a-mallocr.o)
                0x0800b1d4                _malloc_r
 .text.__malloc_lock
                0x0800b2d4        0xc E:/ST/STM32CubeIDE_2.2.0/STM32CubeIDE/plugins/com.st.stm32cube.ide.mcu.externaltools.gnu-tools-for-stm32.14.3.rel1.win32_1.0.100.202602081740/tools/bin/../lib/gcc/arm-none-eabi/14.3.1/../../../../arm-none-eabi/lib/thumb/v7e-m+dp/hard\libc_nano.a(libc_a-mlock.o)
                0x0800b2d4                __malloc_lock
 .text.__malloc_unlock
                0x0800b2e0        0xc E:/ST/STM32CubeIDE_2.2.0/STM32CubeIDE/plugins/com.st.stm32cube.ide.mcu.externaltools.gnu-tools-for-stm32.14.3.rel1.win32_1.0.100.202602081740/tools/bin/../lib/gcc/arm-none-eabi/14.3.1/../../../../arm-none-eabi/lib/thumb/v7e-m+dp/hard\libc_nano.a(libc_a-mlock.o)
                0x0800b2e0                __malloc_unlock
 .text._Balloc  0x0800b2ec       0x7c E:/ST/STM32CubeIDE_2.2.0/STM32CubeIDE/plugins/com.st.stm32cube.ide.mcu.externaltools.gnu-tools-for-stm32.14.3.rel1.win32_1.0.100.202602081740/tools/bin/../lib/gcc/arm-none-eabi/14.3.1/../../../../arm-none-eabi/lib/thumb/v7e-m+dp/hard\libc_nano.a(libc_a-mprec.o)
                0x0800b2ec                _Balloc
 .text._Bfree   0x0800b368       0x44 E:/ST/STM32CubeIDE_2.2.0/STM32CubeIDE/plugins/com.st.stm32cube.ide.mcu.externaltools.gnu-tools-for-stm32.14.3.rel1.win32_1.0.100.202602081740/tools/bin/../lib/gcc/arm-none-eabi/14.3.1/../../../../arm-none-eabi/lib/thumb/v7e-m+dp/hard\libc_nano.a(libc_a-mprec.o)
                0x0800b368                _Bfree
 .text.__multadd
                0x0800b3ac       0x8c E:/ST/STM32CubeIDE_2.2.0/STM32CubeIDE/plugins/com.st.stm32cube.ide.mcu.externaltools.gnu-tools-for-stm32.14.3.rel1.win32_1.0.100.202602081740/tools/bin/../lib/gcc/arm-none-eabi/14.3.1/../../../../arm-none-eabi/lib/thumb/v7e-m+dp/hard\libc_nano.a(libc_a-mprec.o)
                0x0800b3ac                __multadd
 .text.__hi0bits
                0x0800b438       0x3e E:/ST/STM32CubeIDE_2.2.0/STM32CubeIDE/plugins/com.st.stm32cube.ide.mcu.externaltools.gnu-tools-for-stm32.14.3.rel1.win32_1.0.100.202602081740/tools/bin/../lib/gcc/arm-none-eabi/14.3.1/../../../../arm-none-eabi/lib/thumb/v7e-m+dp/hard\libc_nano.a(libc_a-mprec.o)
                0x0800b438                __hi0bits
 .text.__lo0bits
                0x0800b476       0x5a E:/ST/STM32CubeIDE_2.2.0/STM32CubeIDE/plugins/com.st.stm32cube.ide.mcu.externaltools.gnu-tools-for-stm32.14.3.rel1.win32_1.0.100.202602081740/tools/bin/../lib/gcc/arm-none-eabi/14.3.1/../../../../arm-none-eabi/lib/thumb/v7e-m+dp/hard\libc_nano.a(libc_a-mprec.o)
                0x0800b476                __lo0bits
 .text.__i2b    0x0800b4d0       0x2c E:/ST/STM32CubeIDE_2.2.0/STM32CubeIDE/plugins/com.st.stm32cube.ide.mcu.externaltools.gnu-tools-for-stm32.14.3.rel1.win32_1.0.100.202602081740/tools/bin/../lib/gcc/arm-none-eabi/14.3.1/../../../../arm-none-eabi/lib/thumb/v7e-m+dp/hard\libc_nano.a(libc_a-mprec.o)
                0x0800b4d0                __i2b
 .text.__multiply
                0x0800b4fc      0x154 E:/ST/STM32CubeIDE_2.2.0/STM32CubeIDE/plugins/com.st.stm32cube.ide.mcu.externaltools.gnu-tools-for-stm32.14.3.rel1.win32_1.0.100.202602081740/tools/bin/../lib/gcc/arm-none-eabi/14.3.1/../../../../arm-none-eabi/lib/thumb/v7e-m+dp/hard\libc_nano.a(libc_a-mprec.o)
                0x0800b4fc                __multiply
 .text.__pow5mult
                0x0800b650       0xb8 E:/ST/STM32CubeIDE_2.2.0/STM32CubeIDE/plugins/com.st.stm32cube.ide.mcu.externaltools.gnu-tools-for-stm32.14.3.rel1.win32_1.0.100.202602081740/tools/bin/../lib/gcc/arm-none-eabi/14.3.1/../../../../arm-none-eabi/lib/thumb/v7e-m+dp/hard\libc_nano.a(libc_a-mprec.o)
                0x0800b650                __pow5mult
 .text.__lshift
                0x0800b708       0xdc E:/ST/STM32CubeIDE_2.2.0/STM32CubeIDE/plugins/com.st.stm32cube.ide.mcu.externaltools.gnu-tools-for-stm32.14.3.rel1.win32_1.0.100.202602081740/tools/bin/../lib/gcc/arm-none-eabi/14.3.1/../../../../arm-none-eabi/lib/thumb/v7e-m+dp/hard\libc_nano.a(libc_a-mprec.o)
                0x0800b708                __lshift
 .text.__mcmp   0x0800b7e4       0x36 E:/ST/STM32CubeIDE_2.2.0/STM32CubeIDE/plugins/com.st.stm32cube.ide.mcu.externaltools.gnu-tools-for-stm32.14.3.rel1.win32_1.0.100.202602081740/tools/bin/../lib/gcc/arm-none-eabi/14.3.1/../../../../arm-none-eabi/lib/thumb/v7e-m+dp/hard\libc_nano.a(libc_a-mprec.o)
                0x0800b7e4                __mcmp
 *fill*         0x0800b81a        0x2 
 .text.__mdiff  0x0800b81c      0x130 E:/ST/STM32CubeIDE_2.2.0/STM32CubeIDE/plugins/com.st.stm32cube.ide.mcu.externaltools.gnu-tools-for-stm32.14.3.rel1.win32_1.0.100.202602081740/tools/bin/../lib/gcc/arm-none-eabi/14.3.1/../../../../arm-none-eabi/lib/thumb/v7e-m+dp/hard\libc_nano.a(libc_a-mprec.o)
                0x0800b81c                __mdiff
 .text.__d2b    0x0800b94c       0xb0 E:/ST/STM32CubeIDE_2.2.0/STM32CubeIDE/plugins/com.st.stm32cube.ide.mcu.externaltools.gnu-tools-for-stm32.14.3.rel1.win32_1.0.100.202602081740/tools/bin/../lib/gcc/arm-none-eabi/14.3.1/../../../../arm-none-eabi/lib/thumb/v7e-m+dp/hard\libc_nano.a(libc_a-mprec.o)
                0x0800b94c                __d2b
 .text.__ssputs_r
                0x0800b9fc       0xc0 E:/ST/STM32CubeIDE_2.2.0/STM32CubeIDE/plugins/com.st.stm32cube.ide.mcu.externaltools.gnu-tools-for-stm32.14.3.rel1.win32_1.0.100.202602081740/tools/bin/../lib/gcc/arm-none-eabi/14.3.1/../../../../arm-none-eabi/lib/thumb/v7e-m+dp/hard\libc_nano.a(libc_a-nano-svfprintf.o)
                0x0800b9fc                __ssputs_r
 .text._svfprintf_r
                0x0800babc      0x1f0 E:/ST/STM32CubeIDE_2.2.0/STM32CubeIDE/plugins/com.st.stm32cube.ide.mcu.externaltools.gnu-tools-for-stm32.14.3.rel1.win32_1.0.100.202602081740/tools/bin/../lib/gcc/arm-none-eabi/14.3.1/../../../../arm-none-eabi/lib/thumb/v7e-m+dp/hard\libc_nano.a(libc_a-nano-svfprintf.o)
                0x0800babc                _svfiprintf_r
                0x0800babc                _svfprintf_r
 .text.__sflush_r
                0x0800bcac      0x104 E:/ST/STM32CubeIDE_2.2.0/STM32CubeIDE/plugins/com.st.stm32cube.ide.mcu.externaltools.gnu-tools-for-stm32.14.3.rel1.win32_1.0.100.202602081740/tools/bin/../lib/gcc/arm-none-eabi/14.3.1/../../../../arm-none-eabi/lib/thumb/v7e-m+dp/hard\libc_nano.a(libc_a-fflush.o)
                0x0800bcac                __sflush_r
 .text._fflush_r
                0x0800bdb0       0x50 E:/ST/STM32CubeIDE_2.2.0/STM32CubeIDE/plugins/com.st.stm32cube.ide.mcu.externaltools.gnu-tools-for-stm32.14.3.rel1.win32_1.0.100.202602081740/tools/bin/../lib/gcc/arm-none-eabi/14.3.1/../../../../arm-none-eabi/lib/thumb/v7e-m+dp/hard\libc_nano.a(libc_a-fflush.o)
                0x0800bdb0                _fflush_r
 .text.memmove  0x0800be00       0x32 E:/ST/STM32CubeIDE_2.2.0/STM32CubeIDE/plugins/com.st.stm32cube.ide.mcu.externaltools.gnu-tools-for-stm32.14.3.rel1.win32_1.0.100.202602081740/tools/bin/../lib/gcc/arm-none-eabi/14.3.1/../../../../arm-none-eabi/lib/thumb/v7e-m+dp/hard\libc_nano.a(libc_a-memmove.o)
                0x0800be00                memmove
 *fill*         0x0800be32        0x2 
 .text._sbrk_r  0x0800be34       0x20 E:/ST/STM32CubeIDE_2.2.0/STM32CubeIDE/plugins/com.st.stm32cube.ide.mcu.externaltools.gnu-tools-for-stm32.14.3.rel1.win32_1.0.100.202602081740/tools/bin/../lib/gcc/arm-none-eabi/14.3.1/../../../../arm-none-eabi/lib/thumb/v7e-m+dp/hard\libc_nano.a(libc_a-sbrkr.o)
                0x0800be34                _sbrk_r
 .text.memcpy   0x0800be54       0x1c E:/ST/STM32CubeIDE_2.2.0/STM32CubeIDE/plugins/com.st.stm32cube.ide.mcu.externaltools.gnu-tools-for-stm32.14.3.rel1.win32_1.0.100.202602081740/tools/bin/../lib/gcc/arm-none-eabi/14.3.1/../../../../arm-none-eabi/lib/thumb/v7e-m+dp/hard\libc_nano.a(libc_a-memcpy-stub.o)
                0x0800be54                memcpy
 .text.__assert_func
                0x0800be70       0x3c E:/ST/STM32CubeIDE_2.2.0/STM32CubeIDE/plugins/com.st.stm32cube.ide.mcu.externaltools.gnu-tools-for-stm32.14.3.rel1.win32_1.0.100.202602081740/tools/bin/../lib/gcc/arm-none-eabi/14.3.1/../../../../arm-none-eabi/lib/thumb/v7e-m+dp/hard\libc_nano.a(libc_a-assert.o)
                0x0800be70                __assert_func
 .text._calloc_r
                0x0800beac       0x28 E:/ST/STM32CubeIDE_2.2.0/STM32CubeIDE/plugins/com.st.stm32cube.ide.mcu.externaltools.gnu-tools-for-stm32.14.3.rel1.win32_1.0.100.202602081740/tools/bin/../lib/gcc/arm-none-eabi/14.3.1/../../../../arm-none-eabi/lib/thumb/v7e-m+dp/hard\libc_nano.a(libc_a-callocr.o)
                0x0800beac                _calloc_r
 .text.__ascii_mbtowc
                0x0800bed4       0x24 E:/ST/STM32CubeIDE_2.2.0/STM32CubeIDE/plugins/com.st.stm32cube.ide.mcu.externaltools.gnu-tools-for-stm32.14.3.rel1.win32_1.0.100.202602081740/tools/bin/../lib/gcc/arm-none-eabi/14.3.1/../../../../arm-none-eabi/lib/thumb/v7e-m+dp/hard\libc_nano.a(libc_a-mbtowc_r.o)
                0x0800bed4                __ascii_mbtowc
 .text._realloc_r
                0x0800bef8       0x5c E:/ST/STM32CubeIDE_2.2.0/STM32CubeIDE/plugins/com.st.stm32cube.ide.mcu.externaltools.gnu-tools-for-stm32.14.3.rel1.win32_1.0.100.202602081740/tools/bin/../lib/gcc/arm-none-eabi/14.3.1/../../../../arm-none-eabi/lib/thumb/v7e-m+dp/hard\libc_nano.a(libc_a-reallocr.o)
                0x0800bef8                _realloc_r
 .text.__ascii_wctomb
                0x0800bf54       0x1a E:/ST/STM32CubeIDE_2.2.0/STM32CubeIDE/plugins/com.st.stm32cube.ide.mcu.externaltools.gnu-tools-for-stm32.14.3.rel1.win32_1.0.100.202602081740/tools/bin/../lib/gcc/arm-none-eabi/14.3.1/../../../../arm-none-eabi/lib/thumb/v7e-m+dp/hard\libc_nano.a(libc_a-wctomb_r.o)
                0x0800bf54                __ascii_wctomb
 *fill*         0x0800bf6e        0x2 
 .text.fprintf  0x0800bf70       0x24 E:/ST/STM32CubeIDE_2.2.0/STM32CubeIDE/plugins/com.st.stm32cube.ide.mcu.externaltools.gnu-tools-for-stm32.14.3.rel1.win32_1.0.100.202602081740/tools/bin/../lib/gcc/arm-none-eabi/14.3.1/../../../../arm-none-eabi/lib/thumb/v7e-m+dp/hard\libc_nano.a(libc_a-fprintf.o)
                0x0800bf70                fiprintf
                0x0800bf70                fprintf
 .text.abort    0x0800bf94        0xe E:/ST/STM32CubeIDE_2.2.0/STM32CubeIDE/plugins/com.st.stm32cube.ide.mcu.externaltools.gnu-tools-for-stm32.14.3.rel1.win32_1.0.100.202602081740/tools/bin/../lib/gcc/arm-none-eabi/14.3.1/../../../../arm-none-eabi/lib/thumb/v7e-m+dp/hard\libc_nano.a(libc_a-abort.o)
                0x0800bf94                abort
 .text._malloc_usable_size_r
                0x0800bfa2       0x10 E:/ST/STM32CubeIDE_2.2.0/STM32CubeIDE/plugins/com.st.stm32cube.ide.mcu.externaltools.gnu-tools-for-stm32.14.3.rel1.win32_1.0.100.202602081740/tools/bin/../lib/gcc/arm-none-eabi/14.3.1/../../../../arm-none-eabi/lib/thumb/v7e-m+dp/hard\libc_nano.a(libc_a-msizer.o)
                0x0800bfa2                _malloc_usable_size_r
 .text.__sfputc_r
                0x0800bfb2       0x2e E:/ST/STM32CubeIDE_2.2.0/STM32CubeIDE/plugins/com.st.stm32cube.ide.mcu.externaltools.gnu-tools-for-stm32.14.3.rel1.win32_1.0.100.202602081740/tools/bin/../lib/gcc/arm-none-eabi/14.3.1/../../../../arm-none-eabi/lib/thumb/v7e-m+dp/hard\libc_nano.a(libc_a-nano-vfprintf.o)
 .text.__sfputs_r
                0x0800bfe0       0x24 E:/ST/STM32CubeIDE_2.2.0/STM32CubeIDE/plugins/com.st.stm32cube.ide.mcu.externaltools.gnu-tools-for-stm32.14.3.rel1.win32_1.0.100.202602081740/tools/bin/../lib/gcc/arm-none-eabi/14.3.1/../../../../arm-none-eabi/lib/thumb/v7e-m+dp/hard\libc_nano.a(libc_a-nano-vfprintf.o)
                0x0800bfe0                __sfputs_r
 .text._vfprintf_r
                0x0800c004      0x228 E:/ST/STM32CubeIDE_2.2.0/STM32CubeIDE/plugins/com.st.stm32cube.ide.mcu.externaltools.gnu-tools-for-stm32.14.3.rel1.win32_1.0.100.202602081740/tools/bin/../lib/gcc/arm-none-eabi/14.3.1/../../../../arm-none-eabi/lib/thumb/v7e-m+dp/hard\libc_nano.a(libc_a-nano-vfprintf.o)
                0x0800c004                _vfprintf_r
                0x0800c004                _vfiprintf_r
 .text.__swbuf_r
                0x0800c22c       0x7c E:/ST/STM32CubeIDE_2.2.0/STM32CubeIDE/plugins/com.st.stm32cube.ide.mcu.externaltools.gnu-tools-for-stm32.14.3.rel1.win32_1.0.100.202602081740/tools/bin/../lib/gcc/arm-none-eabi/14.3.1/../../../../arm-none-eabi/lib/thumb/v7e-m+dp/hard\libc_nano.a(libc_a-wbuf.o)
                0x0800c22c                __swbuf_r
 .text.__swsetup_r
                0x0800c2a8       0xa8 E:/ST/STM32CubeIDE_2.2.0/STM32CubeIDE/plugins/com.st.stm32cube.ide.mcu.externaltools.gnu-tools-for-stm32.14.3.rel1.win32_1.0.100.202602081740/tools/bin/../lib/gcc/arm-none-eabi/14.3.1/../../../../arm-none-eabi/lib/thumb/v7e-m+dp/hard\libc_nano.a(libc_a-wsetup.o)
                0x0800c2a8                __swsetup_r
 .text._raise_r
                0x0800c350       0x50 E:/ST/STM32CubeIDE_2.2.0/STM32CubeIDE/plugins/com.st.stm32cube.ide.mcu.externaltools.gnu-tools-for-stm32.14.3.rel1.win32_1.0.100.202602081740/tools/bin/../lib/gcc/arm-none-eabi/14.3.1/../../../../arm-none-eabi/lib/thumb/v7e-m+dp/hard\libc_nano.a(libc_a-signal.o)
                0x0800c350                _raise_r
 .text.raise    0x0800c3a0       0x10 E:/ST/STM32CubeIDE_2.2.0/STM32CubeIDE/plugins/com.st.stm32cube.ide.mcu.externaltools.gnu-tools-for-stm32.14.3.rel1.win32_1.0.100.202602081740/tools/bin/../lib/gcc/arm-none-eabi/14.3.1/../../../../arm-none-eabi/lib/thumb/v7e-m+dp/hard\libc_nano.a(libc_a-signal.o)
                0x0800c3a0                raise
 .text._kill_r  0x0800c3b0       0x24 E:/ST/STM32CubeIDE_2.2.0/STM32CubeIDE/plugins/com.st.stm32cube.ide.mcu.externaltools.gnu-tools-for-stm32.14.3.rel1.win32_1.0.100.202602081740/tools/bin/../lib/gcc/arm-none-eabi/14.3.1/../../../../arm-none-eabi/lib/thumb/v7e-m+dp/hard\libc_nano.a(libc_a-signalr.o)
                0x0800c3b0                _kill_r
 .text._getpid_r
                0x0800c3d4        0x4 E:/ST/STM32CubeIDE_2.2.0/STM32CubeIDE/plugins/com.st.stm32cube.ide.mcu.externaltools.gnu-tools-for-stm32.14.3.rel1.win32_1.0.100.202602081740/tools/bin/../lib/gcc/arm-none-eabi/14.3.1/../../../../arm-none-eabi/lib/thumb/v7e-m+dp/hard\libc_nano.a(libc_a-signalr.o)
                0x0800c3d4                _getpid_r
 .text.__swhatbuf_r
                0x0800c3d8       0x48 E:/ST/STM32CubeIDE_2.2.0/STM32CubeIDE/plugins/com.st.stm32cube.ide.mcu.externaltools.gnu-tools-for-stm32.14.3.rel1.win32_1.0.100.202602081740/tools/bin/../lib/gcc/arm-none-eabi/14.3.1/../../../../arm-none-eabi/lib/thumb/v7e-m+dp/hard\libc_nano.a(libc_a-makebuf.o)
                0x0800c3d8                __swhatbuf_r
 .text.__smakebuf_r
                0x0800c420       0x72 E:/ST/STM32CubeIDE_2.2.0/STM32CubeIDE/plugins/com.st.stm32cube.ide.mcu.externaltools.gnu-tools-for-stm32.14.3.rel1.win32_1.0.100.202602081740/tools/bin/../lib/gcc/arm-none-eabi/14.3.1/../../../../arm-none-eabi/lib/thumb/v7e-m+dp/hard\libc_nano.a(libc_a-makebuf.o)
                0x0800c420                __smakebuf_r
 *fill*         0x0800c492        0x2 
 .text._fstat_r
                0x0800c494       0x24 E:/ST/STM32CubeIDE_2.2.0/STM32CubeIDE/plugins/com.st.stm32cube.ide.mcu.externaltools.gnu-tools-for-stm32.14.3.rel1.win32_1.0.100.202602081740/tools/bin/../lib/gcc/arm-none-eabi/14.3.1/../../../../arm-none-eabi/lib/thumb/v7e-m+dp/hard\libc_nano.a(libc_a-fstatr.o)
                0x0800c494                _fstat_r
 .text._isatty_r
                0x0800c4b8       0x20 E:/ST/STM32CubeIDE_2.2.0/STM32CubeIDE/plugins/com.st.stm32cube.ide.mcu.externaltools.gnu-tools-for-stm32.14.3.rel1.win32_1.0.100.202602081740/tools/bin/../lib/gcc/arm-none-eabi/14.3.1/../../../../arm-none-eabi/lib/thumb/v7e-m+dp/hard\libc_nano.a(libc_a-isattyr.o)
                0x0800c4b8                _isatty_r
 *(.glue_7)
 .glue_7        0x0800c4d8        0x0 linker stubs
 *(.glue_7t)
 .glue_7t       0x0800c4d8        0x0 linker stubs
 *(.eh_frame)
 .eh_frame      0x0800c4d8        0x0 E:/ST/STM32CubeIDE_2.2.0/STM32CubeIDE/plugins/com.st.stm32cube.ide.mcu.externaltools.gnu-tools-for-stm32.14.3.rel1.win32_1.0.100.202602081740/tools/bin/../lib/gcc/arm-none-eabi/14.3.1/thumb/v7e-m+dp/hard/crtbegin.o
 *(.init)
 .init          0x0800c4d8        0x4 E:/ST/STM32CubeIDE_2.2.0/STM32CubeIDE/plugins/com.st.stm32cube.ide.mcu.externaltools.gnu-tools-for-stm32.14.3.rel1.win32_1.0.100.202602081740/tools/bin/../lib/gcc/arm-none-eabi/14.3.1/thumb/v7e-m+dp/hard/crti.o
                0x0800c4d8                _init
 .init          0x0800c4dc        0x8 E:/ST/STM32CubeIDE_2.2.0/STM32CubeIDE/plugins/com.st.stm32cube.ide.mcu.externaltools.gnu-tools-for-stm32.14.3.rel1.win32_1.0.100.202602081740/tools/bin/../lib/gcc/arm-none-eabi/14.3.1/thumb/v7e-m+dp/hard/crtn.o
 *(.fini)
 .fini          0x0800c4e4        0x4 E:/ST/STM32CubeIDE_2.2.0/STM32CubeIDE/plugins/com.st.stm32cube.ide.mcu.externaltools.gnu-tools-for-stm32.14.3.rel1.win32_1.0.100.202602081740/tools/bin/../lib/gcc/arm-none-eabi/14.3.1/thumb/v7e-m+dp/hard/crti.o
                0x0800c4e4                _fini
 .fini          0x0800c4e8        0x8 E:/ST/STM32CubeIDE_2.2.0/STM32CubeIDE/plugins/com.st.stm32cube.ide.mcu.externaltools.gnu-tools-for-stm32.14.3.rel1.win32_1.0.100.202602081740/tools/bin/../lib/gcc/arm-none-eabi/14.3.1/thumb/v7e-m+dp/hard/crtn.o
                0x0800c4f0                        . = ALIGN (0x4)
                0x0800c4f0                        _etext = .

.vfp11_veneer   0x0800c4f0        0x0
 .vfp11_veneer  0x0800c4f0        0x0 linker stubs

.v4_bx          0x0800c4f0        0x0
 .v4_bx         0x0800c4f0        0x0 linker stubs

.iplt           0x0800c4f0        0x0
 .iplt          0x0800c4f0        0x0 E:/ST/STM32CubeIDE_2.2.0/STM32CubeIDE/plugins/com.st.stm32cube.ide.mcu.externaltools.gnu-tools-for-stm32.14.3.rel1.win32_1.0.100.202602081740/tools/bin/../lib/gcc/arm-none-eabi/14.3.1/thumb/v7e-m+dp/hard/crtbegin.o

.rodata         0x0800c4f0     0x730c
                0x0800c4f0                        . = ALIGN (0x4)
 *(.rodata)
 *(.rodata*)
 .rodata.asc2_1206
                0x0800c4f0      0x474 ./Drivers/BSP/ST7735/lcd.o
                0x0800c4f0                asc2_1206
 .rodata.asc2_1608
                0x0800c964      0x5f0 ./Drivers/BSP/ST7735/lcd.o
                0x0800c964                asc2_1608
 .rodata.LCD_Test.str1.4
                0x0800cf54       0xd4 ./Drivers/BSP/ST7735/lcd.o
                                  0x5 (size before relaxing)
 .rodata.WeActStudiologo_160_80
                0x0800d028     0x6449 ./Drivers/BSP/ST7735/logo_160_80.o
                0x0800d028                WeActStudiologo_160_80
 .rodata.str1.4
                0x08013471       0x2d ./Src/main.o
 .rodata.main.str1.4
                0x08013471       0x9c ./Src/main.o
 *fill*         0x08013471        0x3 
 .rodata.D1CorePrescTable
                0x08013474       0x10 ./Src/system_stm32h7xx.o
                0x08013474                D1CorePrescTable
 .rodata._printf_float.str1.1
                0x08013484      0x171 E:/ST/STM32CubeIDE_2.2.0/STM32CubeIDE/plugins/com.st.stm32cube.ide.mcu.externaltools.gnu-tools-for-stm32.14.3.rel1.win32_1.0.100.202602081740/tools/bin/../lib/gcc/arm-none-eabi/14.3.1/../../../../arm-none-eabi/lib/thumb/v7e-m+dp/hard\libc_nano.a(libc_a-nano-vfprintf_float.o)
                                 0x12 (size before relaxing)
 .rodata._printf_i.str1.1
                0x080135f5       0x22 E:/ST/STM32CubeIDE_2.2.0/STM32CubeIDE/plugins/com.st.stm32cube.ide.mcu.externaltools.gnu-tools-for-stm32.14.3.rel1.win32_1.0.100.202602081740/tools/bin/../lib/gcc/arm-none-eabi/14.3.1/../../../../arm-none-eabi/lib/thumb/v7e-m+dp/hard\libc_nano.a(libc_a-nano-vfprintf_i.o)
 .rodata._dtoa_r.str1.1
                0x080135f5       0x8f E:/ST/STM32CubeIDE_2.2.0/STM32CubeIDE/plugins/com.st.stm32cube.ide.mcu.externaltools.gnu-tools-for-stm32.14.3.rel1.win32_1.0.100.202602081740/tools/bin/../lib/gcc/arm-none-eabi/14.3.1/../../../../arm-none-eabi/lib/thumb/v7e-m+dp/hard\libc_nano.a(libc_a-dtoa.o)
 .rodata._Balloc.str1.1
                0x080135f5       0x70 E:/ST/STM32CubeIDE_2.2.0/STM32CubeIDE/plugins/com.st.stm32cube.ide.mcu.externaltools.gnu-tools-for-stm32.14.3.rel1.win32_1.0.100.202602081740/tools/bin/../lib/gcc/arm-none-eabi/14.3.1/../../../../arm-none-eabi/lib/thumb/v7e-m+dp/hard\libc_nano.a(libc_a-mprec.o)
 .rodata.__multadd.str1.1
                0x080135f5       0x11 E:/ST/STM32CubeIDE_2.2.0/STM32CubeIDE/plugins/com.st.stm32cube.ide.mcu.externaltools.gnu-tools-for-stm32.14.3.rel1.win32_1.0.100.202602081740/tools/bin/../lib/gcc/arm-none-eabi/14.3.1/../../../../arm-none-eabi/lib/thumb/v7e-m+dp/hard\libc_nano.a(libc_a-mprec.o)
 *fill*         0x080135f5        0x3 
 .rodata.p05.0  0x080135f8        0xc E:/ST/STM32CubeIDE_2.2.0/STM32CubeIDE/plugins/com.st.stm32cube.ide.mcu.externaltools.gnu-tools-for-stm32.14.3.rel1.win32_1.0.100.202602081740/tools/bin/../lib/gcc/arm-none-eabi/14.3.1/../../../../arm-none-eabi/lib/thumb/v7e-m+dp/hard\libc_nano.a(libc_a-mprec.o)
 *fill*         0x08013604        0x4 
 .rodata.__mprec_bigtens
                0x08013608       0x28 E:/ST/STM32CubeIDE_2.2.0/STM32CubeIDE/plugins/com.st.stm32cube.ide.mcu.externaltools.gnu-tools-for-stm32.14.3.rel1.win32_1.0.100.202602081740/tools/bin/../lib/gcc/arm-none-eabi/14.3.1/../../../../arm-none-eabi/lib/thumb/v7e-m+dp/hard\libc_nano.a(libc_a-mprec.o)
                0x08013608                __mprec_bigtens
 .rodata.__mprec_tens
                0x08013630       0xc8 E:/ST/STM32CubeIDE_2.2.0/STM32CubeIDE/plugins/com.st.stm32cube.ide.mcu.externaltools.gnu-tools-for-stm32.14.3.rel1.win32_1.0.100.202602081740/tools/bin/../lib/gcc/arm-none-eabi/14.3.1/../../../../arm-none-eabi/lib/thumb/v7e-m+dp/hard\libc_nano.a(libc_a-mprec.o)
                0x08013630                __mprec_tens
 .rodata._svfprintf_r.str1.1
                0x080136f8       0x11 E:/ST/STM32CubeIDE_2.2.0/STM32CubeIDE/plugins/com.st.stm32cube.ide.mcu.externaltools.gnu-tools-for-stm32.14.3.rel1.win32_1.0.100.202602081740/tools/bin/../lib/gcc/arm-none-eabi/14.3.1/../../../../arm-none-eabi/lib/thumb/v7e-m+dp/hard\libc_nano.a(libc_a-nano-svfprintf.o)
 .rodata._setlocale_r.str1.1
                0x080136f8        0x9 E:/ST/STM32CubeIDE_2.2.0/STM32CubeIDE/plugins/com.st.stm32cube.ide.mcu.externaltools.gnu-tools-for-stm32.14.3.rel1.win32_1.0.100.202602081740/tools/bin/../lib/gcc/arm-none-eabi/14.3.1/../../../../arm-none-eabi/lib/thumb/v7e-m+dp/hard\libc_nano.a(libc_a-locale.o)
 .rodata.str1.1
                0x080136f8        0x2 E:/ST/STM32CubeIDE_2.2.0/STM32CubeIDE/plugins/com.st.stm32cube.ide.mcu.externaltools.gnu-tools-for-stm32.14.3.rel1.win32_1.0.100.202602081740/tools/bin/../lib/gcc/arm-none-eabi/14.3.1/../../../../arm-none-eabi/lib/thumb/v7e-m+dp/hard\libc_nano.a(libc_a-locale.o)
 .rodata.__assert_func.str1.1
                0x080136f8       0x3d E:/ST/STM32CubeIDE_2.2.0/STM32CubeIDE/plugins/com.st.stm32cube.ide.mcu.externaltools.gnu-tools-for-stm32.14.3.rel1.win32_1.0.100.202602081740/tools/bin/../lib/gcc/arm-none-eabi/14.3.1/../../../../arm-none-eabi/lib/thumb/v7e-m+dp/hard\libc_nano.a(libc_a-assert.o)
 .rodata._ctype_
                0x080136f8      0x101 E:/ST/STM32CubeIDE_2.2.0/STM32CubeIDE/plugins/com.st.stm32cube.ide.mcu.externaltools.gnu-tools-for-stm32.14.3.rel1.win32_1.0.100.202602081740/tools/bin/../lib/gcc/arm-none-eabi/14.3.1/../../../../arm-none-eabi/lib/thumb/v7e-m+dp/hard\libc_nano.a(libc_a-ctype_.o)
                0x080136f8                _ctype_
 .rodata._vfprintf_r.str1.1
                0x080137f9       0x11 E:/ST/STM32CubeIDE_2.2.0/STM32CubeIDE/plugins/com.st.stm32cube.ide.mcu.externaltools.gnu-tools-for-stm32.14.3.rel1.win32_1.0.100.202602081740/tools/bin/../lib/gcc/arm-none-eabi/14.3.1/../../../../arm-none-eabi/lib/thumb/v7e-m+dp/hard\libc_nano.a(libc_a-nano-vfprintf.o)
                0x0801380c                        . = ALIGN (0x4)
 *fill*         0x080137f9        0x3 

.ARM.extab
 *(.ARM.extab* .gnu.linkonce.armextab.*)

.ARM            0x080137fc        0x8
                0x080137fc                        __exidx_start = .
 *(.ARM.exidx*)
 .ARM.exidx     0x080137fc        0x8 E:/ST/STM32CubeIDE_2.2.0/STM32CubeIDE/plugins/com.st.stm32cube.ide.mcu.externaltools.gnu-tools-for-stm32.14.3.rel1.win32_1.0.100.202602081740/tools/bin/../lib/gcc/arm-none-eabi/14.3.1/../../../../arm-none-eabi/lib/thumb/v7e-m+dp/hard\libc_nano.a(libc_a-memchr.o)
 .ARM.exidx     0x08013804        0x0 E:/ST/STM32CubeIDE_2.2.0/STM32CubeIDE/plugins/com.st.stm32cube.ide.mcu.externaltools.gnu-tools-for-stm32.14.3.rel1.win32_1.0.100.202602081740/tools/bin/../lib/gcc/arm-none-eabi/14.3.1/../../../../arm-none-eabi/lib/thumb/v7e-m+dp/hard\libc_nano.a(libc_a-strlen.o)
                                  0x8 (size before relaxing)
                0x08013804                        __exidx_end = .

.preinit_array  0x08013804        0x0
                0x08013804                        PROVIDE (__preinit_array_start = .)
 *(.preinit_array*)
                0x08013804                        PROVIDE (__preinit_array_end = .)

.init_array     0x08013804        0x4
                0x08013804                        PROVIDE (__init_array_start = .)
 *(SORT_BY_NAME(.init_array.*))
 *(.init_array*)
 .init_array    0x08013804        0x4 E:/ST/STM32CubeIDE_2.2.0/STM32CubeIDE/plugins/com.st.stm32cube.ide.mcu.externaltools.gnu-tools-for-stm32.14.3.rel1.win32_1.0.100.202602081740/tools/bin/../lib/gcc/arm-none-eabi/14.3.1/thumb/v7e-m+dp/hard/crtbegin.o
                0x08013808                        PROVIDE (__init_array_end = .)

.fini_array     0x08013808        0x4
                [!provide]                        PROVIDE (__fini_array_start = .)
 *(SORT_BY_NAME(.fini_array.*))
 *(.fini_array*)
 .fini_array    0x08013808        0x4 E:/ST/STM32CubeIDE_2.2.0/STM32CubeIDE/plugins/com.st.stm32cube.ide.mcu.externaltools.gnu-tools-for-stm32.14.3.rel1.win32_1.0.100.202602081740/tools/bin/../lib/gcc/arm-none-eabi/14.3.1/thumb/v7e-m+dp/hard/crtbegin.o
                [!provide]                        PROVIDE (__fini_array_end = .)
                0x0801380c                        _sidata = LOADADDR (.data)

.rel.dyn        0x0801380c        0x0
 .rel.iplt      0x0801380c        0x0 E:/ST/STM32CubeIDE_2.2.0/STM32CubeIDE/plugins/com.st.stm32cube.ide.mcu.externaltools.gnu-tools-for-stm32.14.3.rel1.win32_1.0.100.202602081740/tools/bin/../lib/gcc/arm-none-eabi/14.3.1/thumb/v7e-m+dp/hard/crtbegin.o

.data           0x24000000      0x284 load address 0x0801380c
                0x24000000                        . = ALIGN (0x4)
                0x24000000                        _sdata = .
 *(.data)
 *(.data*)
 .data.mcf_i2c_addr_8bit
                0x24000000        0x1 ./Drivers/BSP/MCF8316C/mcf8316c.o
                0x24000000                mcf_i2c_addr_8bit
 *fill*         0x24000001        0x3 
 .data.st7735_pIO
                0x24000004       0x20 ./Drivers/BSP/ST7735/lcd.o
                0x24000004                st7735_pIO
 .data.POINT_COLOR
                0x24000024        0x2 ./Drivers/BSP/ST7735/lcd.o
                0x24000024                POINT_COLOR
 *fill*         0x24000026        0x2 
 .data.ST7735_LCD_Driver
                0x24000028       0x4c ./Drivers/BSP/ST7735/st7735.o
                0x24000028                ST7735_LCD_Driver
 .data.OrientationTab
                0x24000074       0x20 ./Drivers/BSP/ST7735/st7735.o
 .data.uwTickPrio
                0x24000094        0x4 ./Drivers/STM32H7xx_HAL_Driver/Src/stm32h7xx_hal.o
                0x24000094                uwTickPrio
 .data.uwTickFreq
                0x24000098        0x1 ./Drivers/STM32H7xx_HAL_Driver/Src/stm32h7xx_hal.o
                0x24000098                uwTickFreq
 *fill*         0x24000099        0x3 
 .data.state_name
                0x2400009c       0x18 ./Src/main.o
 .data.SystemCoreClock
                0x240000b4        0x4 ./Src/system_stm32h7xx.o
                0x240000b4                SystemCoreClock
 .data.SystemD2Clock
                0x240000b8        0x4 ./Src/system_stm32h7xx.o
                0x240000b8                SystemD2Clock
 .data.__sglue  0x240000bc        0xc E:/ST/STM32CubeIDE_2.2.0/STM32CubeIDE/plugins/com.st.stm32cube.ide.mcu.externaltools.gnu-tools-for-stm32.14.3.rel1.win32_1.0.100.202602081740/tools/bin/../lib/gcc/arm-none-eabi/14.3.1/../../../../arm-none-eabi/lib/thumb/v7e-m+dp/hard\libc_nano.a(libc_a-findfp.o)
                0x240000bc                __sglue
 .data._impure_ptr
                0x240000c8        0x4 E:/ST/STM32CubeIDE_2.2.0/STM32CubeIDE/plugins/com.st.stm32cube.ide.mcu.externaltools.gnu-tools-for-stm32.14.3.rel1.win32_1.0.100.202602081740/tools/bin/../lib/gcc/arm-none-eabi/14.3.1/../../../../arm-none-eabi/lib/thumb/v7e-m+dp/hard\libc_nano.a(libc_a-impure.o)
                0x240000c8                _impure_ptr
 .data._impure_data
                0x240000cc       0x4c E:/ST/STM32CubeIDE_2.2.0/STM32CubeIDE/plugins/com.st.stm32cube.ide.mcu.externaltools.gnu-tools-for-stm32.14.3.rel1.win32_1.0.100.202602081740/tools/bin/../lib/gcc/arm-none-eabi/14.3.1/../../../../arm-none-eabi/lib/thumb/v7e-m+dp/hard\libc_nano.a(libc_a-impure.o)
                0x240000cc                _impure_data
 .data.__global_locale
                0x24000118      0x16c E:/ST/STM32CubeIDE_2.2.0/STM32CubeIDE/plugins/com.st.stm32cube.ide.mcu.externaltools.gnu-tools-for-stm32.14.3.rel1.win32_1.0.100.202602081740/tools/bin/../lib/gcc/arm-none-eabi/14.3.1/../../../../arm-none-eabi/lib/thumb/v7e-m+dp/hard\libc_nano.a(libc_a-locale.o)
                0x24000118                __global_locale
 *(.RamFunc)
 *(.RamFunc*)
                0x24000284                        . = ALIGN (0x4)
                0x24000284                        _edata = .

.igot.plt       0x24000284        0x0 load address 0x08013a90
 .igot.plt      0x24000284        0x0 E:/ST/STM32CubeIDE_2.2.0/STM32CubeIDE/plugins/com.st.stm32cube.ide.mcu.externaltools.gnu-tools-for-stm32.14.3.rel1.win32_1.0.100.202602081740/tools/bin/../lib/gcc/arm-none-eabi/14.3.1/thumb/v7e-m+dp/hard/crtbegin.o
                0x24000284                        . = ALIGN (0x4)

.bss            0x24000284      0x910 load address 0x08013a90
                0x24000284                        _sbss = .
                0x24000284                        __bss_start__ = _sbss
 *(.bss)
 .bss           0x24000284       0x1c E:/ST/STM32CubeIDE_2.2.0/STM32CubeIDE/plugins/com.st.stm32cube.ide.mcu.externaltools.gnu-tools-for-stm32.14.3.rel1.win32_1.0.100.202602081740/tools/bin/../lib/gcc/arm-none-eabi/14.3.1/thumb/v7e-m+dp/hard/crtbegin.o
 *(.bss*)
 .bss.st7735_pObj
                0x240002a0       0x38 ./Drivers/BSP/ST7735/lcd.o
                0x240002a0                st7735_pObj
 .bss.st7735_id
                0x240002d8        0x4 ./Drivers/BSP/ST7735/lcd.o
                0x240002d8                st7735_id
 .bss.BACK_COLOR
                0x240002dc        0x2 ./Drivers/BSP/ST7735/lcd.o
                0x240002dc                BACK_COLOR
 *fill*         0x240002de        0x2 
 .bss.ST7735Ctx
                0x240002e0       0x10 ./Drivers/BSP/ST7735/st7735.o
                0x240002e0                ST7735Ctx
 .bss.pdata.1   0x240002f0      0x280 ./Drivers/BSP/ST7735/st7735.o
 .bss.pdata.0   0x24000570      0x280 ./Drivers/BSP/ST7735/st7735.o
 .bss.uwTick    0x240007f0        0x4 ./Drivers/STM32H7xx_HAL_Driver/Src/stm32h7xx_hal.o
                0x240007f0                uwTick
 .bss.hi2c1     0x240007f4       0x54 ./Src/i2c.o
                0x240007f4                hi2c1
 .bss.hi2c4     0x24000848       0x54 ./Src/i2c.o
                0x24000848                hi2c4
 .bss.hspi2     0x2400089c       0x88 ./Src/spi.o
                0x2400089c                hspi2
 .bss.hspi4     0x24000924       0x88 ./Src/spi.o
                0x24000924                hspi4
 .bss.__sbrk_heap_end
                0x240009ac        0x4 ./Src/sysmem.o
 .bss.htim1     0x240009b0       0x4c ./Src/tim.o
                0x240009b0                htim1
 .bss.htim8     0x240009fc       0x4c ./Src/tim.o
                0x240009fc                htim8
 .bss.__sf      0x24000a48      0x138 E:/ST/STM32CubeIDE_2.2.0/STM32CubeIDE/plugins/com.st.stm32cube.ide.mcu.externaltools.gnu-tools-for-stm32.14.3.rel1.win32_1.0.100.202602081740/tools/bin/../lib/gcc/arm-none-eabi/14.3.1/../../../../arm-none-eabi/lib/thumb/v7e-m+dp/hard\libc_nano.a(libc_a-findfp.o)
                0x24000a48                __sf
 .bss.__stdio_exit_handler
                0x24000b80        0x4 E:/ST/STM32CubeIDE_2.2.0/STM32CubeIDE/plugins/com.st.stm32cube.ide.mcu.externaltools.gnu-tools-for-stm32.14.3.rel1.win32_1.0.100.202602081740/tools/bin/../lib/gcc/arm-none-eabi/14.3.1/../../../../arm-none-eabi/lib/thumb/v7e-m+dp/hard\libc_nano.a(libc_a-findfp.o)
                0x24000b80                __stdio_exit_handler
 .bss.errno     0x24000b84        0x4 E:/ST/STM32CubeIDE_2.2.0/STM32CubeIDE/plugins/com.st.stm32cube.ide.mcu.externaltools.gnu-tools-for-stm32.14.3.rel1.win32_1.0.100.202602081740/tools/bin/../lib/gcc/arm-none-eabi/14.3.1/../../../../arm-none-eabi/lib/thumb/v7e-m+dp/hard\libc_nano.a(libc_a-reent.o)
                0x24000b84                errno
 .bss.__lock___malloc_recursive_mutex
                0x24000b88        0x1 E:/ST/STM32CubeIDE_2.2.0/STM32CubeIDE/plugins/com.st.stm32cube.ide.mcu.externaltools.gnu-tools-for-stm32.14.3.rel1.win32_1.0.100.202602081740/tools/bin/../lib/gcc/arm-none-eabi/14.3.1/../../../../arm-none-eabi/lib/thumb/v7e-m+dp/hard\libc_nano.a(libc_a-lock.o)
                0x24000b88                __lock___malloc_recursive_mutex
 .bss.__lock___sfp_recursive_mutex
                0x24000b89        0x1 E:/ST/STM32CubeIDE_2.2.0/STM32CubeIDE/plugins/com.st.stm32cube.ide.mcu.externaltools.gnu-tools-for-stm32.14.3.rel1.win32_1.0.100.202602081740/tools/bin/../lib/gcc/arm-none-eabi/14.3.1/../../../../arm-none-eabi/lib/thumb/v7e-m+dp/hard\libc_nano.a(libc_a-lock.o)
                0x24000b89                __lock___sfp_recursive_mutex
 *fill*         0x24000b8a        0x2 
 .bss.__malloc_sbrk_start
                0x24000b8c        0x4 E:/ST/STM32CubeIDE_2.2.0/STM32CubeIDE/plugins/com.st.stm32cube.ide.mcu.externaltools.gnu-tools-for-stm32.14.3.rel1.win32_1.0.100.202602081740/tools/bin/../lib/gcc/arm-none-eabi/14.3.1/../../../../arm-none-eabi/lib/thumb/v7e-m+dp/hard\libc_nano.a(libc_a-mallocr.o)
                0x24000b8c                __malloc_sbrk_start
 .bss.__malloc_free_list
                0x24000b90        0x4 E:/ST/STM32CubeIDE_2.2.0/STM32CubeIDE/plugins/com.st.stm32cube.ide.mcu.externaltools.gnu-tools-for-stm32.14.3.rel1.win32_1.0.100.202602081740/tools/bin/../lib/gcc/arm-none-eabi/14.3.1/../../../../arm-none-eabi/lib/thumb/v7e-m+dp/hard\libc_nano.a(libc_a-mallocr.o)
                0x24000b90                __malloc_free_list
 *(COMMON)
                0x24000b94                        . = ALIGN (0x4)
                0x24000b94                        _ebss = .
                0x24000b94                        __bss_end__ = _ebss

._user_heap_stack
                0x24000b94      0x604 load address 0x08013a90
                0x24000b98                        . = ALIGN (0x8)
 *fill*         0x24000b94        0x4 
                [!provide]                        PROVIDE (end = .)
                0x24000b98                        PROVIDE (_end = .)
                0x24000d98                        . = (. + _Min_Heap_Size)
 *fill*         0x24000b98      0x200 
                0x24001198                        . = (. + _Min_Stack_Size)
 *fill*         0x24000d98      0x400 
                0x24001198                        . = ALIGN (0x8)

/DISCARD/
 libc.a(*)
 libm.a(*)
 libgcc.a(*)

.ARM.attributes
                0x00000000       0x2e
 *(.ARM.attributes)
 .ARM.attributes
                0x00000000       0x20 E:/ST/STM32CubeIDE_2.2.0/STM32CubeIDE/plugins/com.st.stm32cube.ide.mcu.externaltools.gnu-tools-for-stm32.14.3.rel1.win32_1.0.100.202602081740/tools/bin/../lib/gcc/arm-none-eabi/14.3.1/thumb/v7e-m+dp/hard/crti.o
 .ARM.attributes
                0x00000020       0x32 E:/ST/STM32CubeIDE_2.2.0/STM32CubeIDE/plugins/com.st.stm32cube.ide.mcu.externaltools.gnu-tools-for-stm32.14.3.rel1.win32_1.0.100.202602081740/tools/bin/../lib/gcc/arm-none-eabi/14.3.1/thumb/v7e-m+dp/hard/crtbegin.o
 .ARM.attributes
                0x00000052       0x32 ./Drivers/BSP/MCF8316C/mcf8316c.o
 .ARM.attributes
                0x00000084       0x32 ./Drivers/BSP/ST7735/lcd.o
 .ARM.attributes
                0x000000b6       0x32 ./Drivers/BSP/ST7735/logo_160_80.o
 .ARM.attributes
                0x000000e8       0x32 ./Drivers/BSP/ST7735/st7735.o
 .ARM.attributes
                0x0000011a       0x32 ./Drivers/BSP/ST7735/st7735_reg.o
 .ARM.attributes
                0x0000014c       0x32 ./Drivers/STM32H7xx_HAL_Driver/Src/stm32h7xx_hal.o
 .ARM.attributes
                0x0000017e       0x32 ./Drivers/STM32H7xx_HAL_Driver/Src/stm32h7xx_hal_cortex.o
 .ARM.attributes
                0x000001b0       0x32 ./Drivers/STM32H7xx_HAL_Driver/Src/stm32h7xx_hal_gpio.o
 .ARM.attributes
                0x000001e2       0x32 ./Drivers/STM32H7xx_HAL_Driver/Src/stm32h7xx_hal_i2c.o
 .ARM.attributes
                0x00000214       0x32 ./Drivers/STM32H7xx_HAL_Driver/Src/stm32h7xx_hal_i2c_ex.o
 .ARM.attributes
                0x00000246       0x32 ./Drivers/STM32H7xx_HAL_Driver/Src/stm32h7xx_hal_pwr_ex.o
 .ARM.attributes
                0x00000278       0x32 ./Drivers/STM32H7xx_HAL_Driver/Src/stm32h7xx_hal_rcc.o
 .ARM.attributes
                0x000002aa       0x32 ./Drivers/STM32H7xx_HAL_Driver/Src/stm32h7xx_hal_rcc_ex.o
 .ARM.attributes
                0x000002dc       0x32 ./Drivers/STM32H7xx_HAL_Driver/Src/stm32h7xx_hal_spi.o
 .ARM.attributes
                0x0000030e       0x32 ./Drivers/STM32H7xx_HAL_Driver/Src/stm32h7xx_hal_tim.o
 .ARM.attributes
                0x00000340       0x32 ./Drivers/STM32H7xx_HAL_Driver/Src/stm32h7xx_hal_tim_ex.o
 .ARM.attributes
                0x00000372       0x32 ./Src/gpio.o
 .ARM.attributes
                0x000003a4       0x32 ./Src/i2c.o
 .ARM.attributes
                0x000003d6       0x32 ./Src/main.o
 .ARM.attributes
                0x00000408       0x32 ./Src/spi.o
 .ARM.attributes
                0x0000043a       0x32 ./Src/stm32h7xx_hal_msp.o
 .ARM.attributes
                0x0000046c       0x32 ./Src/stm32h7xx_it.o
 .ARM.attributes
                0x0000049e       0x32 ./Src/syscalls.o
 .ARM.attributes
                0x000004d0       0x32 ./Src/sysmem.o
 .ARM.attributes
                0x00000502       0x32 ./Src/system_stm32h7xx.o
 .ARM.attributes
                0x00000534       0x32 ./Src/tim.o
 .ARM.attributes
                0x00000566       0x21 ./Startup/startup_stm32h743vitx.o
 .ARM.attributes
                0x00000587       0x32 E:/ST/STM32CubeIDE_2.2.0/STM32CubeIDE/plugins/com.st.stm32cube.ide.mcu.externaltools.gnu-tools-for-stm32.14.3.rel1.win32_1.0.100.202602081740/tools/bin/../lib/gcc/arm-none-eabi/14.3.1/../../../../arm-none-eabi/lib/thumb/v7e-m+dp/hard\libc_nano.a(libc_a-nano-vfprintf_float.o)
 .ARM.attributes
                0x000005b9       0x32 E:/ST/STM32CubeIDE_2.2.0/STM32CubeIDE/plugins/com.st.stm32cube.ide.mcu.externaltools.gnu-tools-for-stm32.14.3.rel1.win32_1.0.100.202602081740/tools/bin/../lib/gcc/arm-none-eabi/14.3.1/../../../../arm-none-eabi/lib/thumb/v7e-m+dp/hard\libc_nano.a(libc_a-nano-vfprintf_i.o)
 .ARM.attributes
                0x000005eb       0x32 E:/ST/STM32CubeIDE_2.2.0/STM32CubeIDE/plugins/com.st.stm32cube.ide.mcu.externaltools.gnu-tools-for-stm32.14.3.rel1.win32_1.0.100.202602081740/tools/bin/../lib/gcc/arm-none-eabi/14.3.1/../../../../arm-none-eabi/lib/thumb/v7e-m+dp/hard\libc_nano.a(libc_a-findfp.o)
 .ARM.attributes
                0x0000061d       0x32 E:/ST/STM32CubeIDE_2.2.0/STM32CubeIDE/plugins/com.st.stm32cube.ide.mcu.externaltools.gnu-tools-for-stm32.14.3.rel1.win32_1.0.100.202602081740/tools/bin/../lib/gcc/arm-none-eabi/14.3.1/../../../../arm-none-eabi/lib/thumb/v7e-m+dp/hard\libc_nano.a(libc_a-fwalk.o)
 .ARM.attributes
                0x0000064f       0x32 E:/ST/STM32CubeIDE_2.2.0/STM32CubeIDE/plugins/com.st.stm32cube.ide.mcu.externaltools.gnu-tools-for-stm32.14.3.rel1.win32_1.0.100.202602081740/tools/bin/../lib/gcc/arm-none-eabi/14.3.1/../../../../arm-none-eabi/lib/thumb/v7e-m+dp/hard\libc_nano.a(libc_a-sprintf.o)
 .ARM.attributes
                0x00000681       0x32 E:/ST/STM32CubeIDE_2.2.0/STM32CubeIDE/plugins/com.st.stm32cube.ide.mcu.externaltools.gnu-tools-for-stm32.14.3.rel1.win32_1.0.100.202602081740/tools/bin/../lib/gcc/arm-none-eabi/14.3.1/../../../../arm-none-eabi/lib/thumb/v7e-m+dp/hard\libc_nano.a(libc_a-stdio.o)
 .ARM.attributes
                0x000006b3       0x32 E:/ST/STM32CubeIDE_2.2.0/STM32CubeIDE/plugins/com.st.stm32cube.ide.mcu.externaltools.gnu-tools-for-stm32.14.3.rel1.win32_1.0.100.202602081740/tools/bin/../lib/gcc/arm-none-eabi/14.3.1/../../../../arm-none-eabi/lib/thumb/v7e-m+dp/hard\libc_nano.a(libc_a-memset.o)
 .ARM.attributes
                0x000006e5       0x32 E:/ST/STM32CubeIDE_2.2.0/STM32CubeIDE/plugins/com.st.stm32cube.ide.mcu.externaltools.gnu-tools-for-stm32.14.3.rel1.win32_1.0.100.202602081740/tools/bin/../lib/gcc/arm-none-eabi/14.3.1/../../../../arm-none-eabi/lib/thumb/v7e-m+dp/hard\libc_nano.a(libc_a-localeconv.o)
 .ARM.attributes
                0x00000717       0x32 E:/ST/STM32CubeIDE_2.2.0/STM32CubeIDE/plugins/com.st.stm32cube.ide.mcu.externaltools.gnu-tools-for-stm32.14.3.rel1.win32_1.0.100.202602081740/tools/bin/../lib/gcc/arm-none-eabi/14.3.1/../../../../arm-none-eabi/lib/thumb/v7e-m+dp/hard\libc_nano.a(libc_a-closer.o)
 .ARM.attributes
                0x00000749       0x32 E:/ST/STM32CubeIDE_2.2.0/STM32CubeIDE/plugins/com.st.stm32cube.ide.mcu.externaltools.gnu-tools-for-stm32.14.3.rel1.win32_1.0.100.202602081740/tools/bin/../lib/gcc/arm-none-eabi/14.3.1/../../../../arm-none-eabi/lib/thumb/v7e-m+dp/hard\libc_nano.a(libc_a-reent.o)
 .ARM.attributes
                0x0000077b       0x32 E:/ST/STM32CubeIDE_2.2.0/STM32CubeIDE/plugins/com.st.stm32cube.ide.mcu.externaltools.gnu-tools-for-stm32.14.3.rel1.win32_1.0.100.202602081740/tools/bin/../lib/gcc/arm-none-eabi/14.3.1/../../../../arm-none-eabi/lib/thumb/v7e-m+dp/hard\libc_nano.a(libc_a-impure.o)
 .ARM.attributes
                0x000007ad       0x32 E:/ST/STM32CubeIDE_2.2.0/STM32CubeIDE/plugins/com.st.stm32cube.ide.mcu.externaltools.gnu-tools-for-stm32.14.3.rel1.win32_1.0.100.202602081740/tools/bin/../lib/gcc/arm-none-eabi/14.3.1/../../../../arm-none-eabi/lib/thumb/v7e-m+dp/hard\libc_nano.a(libc_a-lseekr.o)
 .ARM.attributes
                0x000007df       0x32 E:/ST/STM32CubeIDE_2.2.0/STM32CubeIDE/plugins/com.st.stm32cube.ide.mcu.externaltools.gnu-tools-for-stm32.14.3.rel1.win32_1.0.100.202602081740/tools/bin/../lib/gcc/arm-none-eabi/14.3.1/../../../../arm-none-eabi/lib/thumb/v7e-m+dp/hard\libc_nano.a(libc_a-readr.o)
 .ARM.attributes