../Drivers/BSP/MCF8316C/mcf8316c.c:1494:6:MCF8316C_Read_Faults	16	static
../Drivers/BSP/MCF8316C/mcf8316c.c:1502:6:MCF8316C_WriteReg32	40	static
../Drivers/BSP/MCF8316C/mcf8316c.c:1518:10:MCF8316C_ReadReg32	40	static
../Drivers/BSP/MCF8316C/mcf8316c.c:1535:6:MCF8316C_Config_Manual	16	static
../Drivers/BSP/MCF8316C/mcf8316c.c:1570:9:MCF8316C_Check_Connection	8	static
../Drivers/BSP/MCF8316C/mcf8316c.c:1577:6:MCF8316C_Emergency_Recovery	4	static
../Drivers/BSP/MCF8316C/mcf8316c.c:1581:6:MCF8316C_Config_MPET	8	static
../Drivers/BSP/MCF8316C/mcf8316c.c:1586:6:MCF8316C_Start_MPET	16	static
../Drivers/BSP/MCF8316C/mcf8316c.c:1591:6:MCF8316C_Read_MPET_Results	32	static
../Drivers/BSP/MCF8316C/mcf8316c.c:1609:6:MCF8316C_Clear_Faults	16	static
../Drivers/BSP/MCF8316C/mcf8316c.c:1618:6:MCF8316C_Set_Speed	24	static
../Drivers/BSP/MCF8316C/mcf8316c.c:1643:6:MCF8316C_Run_MPET	16	static
../Drivers/BSP/MCF8316C/mcf8316c.c:1650:6:MCF8316C_Brake	24	static
../Drivers/BSP/MCF8316C/mcf8316c.c:1657:6:MCF8316C_SetDir	24	static
../Drivers/BSP/MCF8316C/mcf8316c.c:1664:9:MCF8316C_FindAddress	16	static
