../Drivers/BSP/MCF8316C/mcf8316c.c:1420:6:MCF8316C_Read_Faults	16	static
../Drivers/BSP/MCF8316C/mcf8316c.c:1426:6:MCF8316C_WriteReg32	40	static
../Drivers/BSP/MCF8316C/mcf8316c.c:1442:10:MCF8316C_ReadReg32	40	static
../Drivers/BSP/MCF8316C/mcf8316c.c:1459:6:MCF8316C_Config_Manual	16	static
../Drivers/BSP/MCF8316C/mcf8316c.c:1494:9:MCF8316C_Check_Connection	8	static
../Drivers/BSP/MCF8316C/mcf8316c.c:1500:6:MCF8316C_Emergency_Recovery	4	static
../Drivers/BSP/MCF8316C/mcf8316c.c:1504:6:MCF8316C_Config_MPET	8	static
../Drivers/BSP/MCF8316C/mcf8316c.c:1509:6:MCF8316C_Start_MPET	16	static
../Drivers/BSP/MCF8316C/mcf8316c.c:1514:6:MCF8316C_Read_MPET_Results	32	static
../Drivers/BSP/MCF8316C/mcf8316c.c:1531:6:MCF8316C_Clear_Faults	16	static
../Drivers/BSP/MCF8316C/mcf8316c.c:1540:6:MCF8316C_Set_Speed	24	static
