../Drivers/BSP/MCF8316C/mcf8316c.c:1419:6:MCF8316C_Read_Faults	16	static
../Drivers/BSP/MCF8316C/mcf8316c.c:1425:6:MCF8316C_WriteReg32	40	static
../Drivers/BSP/MCF8316C/mcf8316c.c:1441:10:MCF8316C_ReadReg32	40	static
../Drivers/BSP/MCF8316C/mcf8316c.c:1458:6:MCF8316C_Config_Manual	16	static
../Drivers/BSP/MCF8316C/mcf8316c.c:1493:9:MCF8316C_Check_Connection	8	static
../Drivers/BSP/MCF8316C/mcf8316c.c:1499:6:MCF8316C_Emergency_Recovery	4	static
../Drivers/BSP/MCF8316C/mcf8316c.c:1503:6:MCF8316C_Config_MPET	8	static
../Drivers/BSP/MCF8316C/mcf8316c.c:1508:6:MCF8316C_Start_MPET	16	static
../Drivers/BSP/MCF8316C/mcf8316c.c:1515:6:MCF8316C_Read_MPET_Results	32	static
../Drivers/BSP/MCF8316C/mcf8316c.c:1532:6:MCF8316C_Clear_Faults	16	static
../Drivers/BSP/MCF8316C/mcf8316c.c:1541:6:MCF8316C_Set_Speed	24	static
