../Drivers/BSP/MCF8316C/mcf8316c.c:1476:6:MCF8316C_Read_Faults	16	static
../Drivers/BSP/MCF8316C/mcf8316c.c:1484:6:MCF8316C_WriteReg32	40	static
../Drivers/BSP/MCF8316C/mcf8316c.c:1500:10:MCF8316C_ReadReg32	40	static
../Drivers/BSP/MCF8316C/mcf8316c.c:1517:6:MCF8316C_Config_Manual	16	static
../Drivers/BSP/MCF8316C/mcf8316c.c:1552:9:MCF8316C_Check_Connection	8	static
../Drivers/BSP/MCF8316C/mcf8316c.c:1559:6:MCF8316C_Emergency_Recovery	4	static
../Drivers/BSP/MCF8316C/mcf8316c.c:1563:6:MCF8316C_Config_MPET	8	static
../Drivers/BSP/MCF8316C/mcf8316c.c:1568:6:MCF8316C_Start_MPET	16	static
../Drivers/BSP/MCF8316C/mcf8316c.c:1573:6:MCF8316C_Read_MPET_Results	32	static
../Drivers/BSP/MCF8316C/mcf8316c.c:1591:6:MCF8316C_Clear_Faults	16	static
../Drivers/BSP/MCF8316C/mcf8316c.c:1600:6:MCF8316C_Set_Speed	24	static
../Drivers/BSP/MCF8316C/mcf8316c.c:1625:6:MCF8316C_Run_MPET	16	static
../Drivers/BSP/MCF8316C/mcf8316c.c:1632:6:MCF8316C_Brake	24	static
../Drivers/BSP/MCF8316C/mcf8316c.c:1639:6:MCF8316C_SetDir	24	static
../Drivers/BSP/MCF8316C/mcf8316c.c:1646:9:MCF8316C_FindAddress	16	static
