../Drivers/BSP/MCF8316C/mcf8316c.c:13:6:MCF8316C_Read_Faults	16	static
../Drivers/BSP/MCF8316C/mcf8316c.c:17:6:MCF8316C_WriteReg32	40	static
../Drivers/BSP/MCF8316C/mcf8316c.c:34:9:MCF8316C_WriteAndVerifyReg32	24	static
../Drivers/BSP/MCF8316C/mcf8316c.c:49:10:MCF8316C_ReadReg32	40	static
../Drivers/BSP/MCF8316C/mcf8316c.c:66:9:MCF8316C_Check_Connection	8	static
../Drivers/BSP/MCF8316C/mcf8316c.c:73:6:MCF8316C_Emergency_Recovery	4	static
../Drivers/BSP/MCF8316C/mcf8316c.c:77:6:MCF8316C_Clear_Faults	4	static
../Drivers/BSP/MCF8316C/mcf8316c.c:81:6:MCF8316C_Set_Speed	16	static
../Drivers/BSP/MCF8316C/mcf8316c.c:87:6:MCF8316C_Config_Manual	4	static
../Drivers/BSP/MCF8316C/mcf8316c.c:91:6:MCF8316C_Config_MPET	4	static
../Drivers/BSP/MCF8316C/mcf8316c.c:94:6:MCF8316C_Start_MPET	4	static
../Drivers/BSP/MCF8316C/mcf8316c.c:98:6:MCF8316C_Read_MPET_Results	16	static
