../Drivers/BSP/MCF8316C/mcf8316c.c:1475:6:MCF8316C_Read_Faults	16	static
../Drivers/BSP/MCF8316C/mcf8316c.c:1483:6:MCF8316C_WriteReg32	40	static
../Drivers/BSP/MCF8316C/mcf8316c.c:1499:10:MCF8316C_ReadReg32	40	static
../Drivers/BSP/MCF8316C/mcf8316c.c:1516:6:MCF8316C_Config_Manual	16	static
../Drivers/BSP/MCF8316C/mcf8316c.c:1551:9:MCF8316C_Check_Connection	8	static
../Drivers/BSP/MCF8316C/mcf8316c.c:1558:6:MCF8316C_Emergency_Recovery	4	static
../Drivers/BSP/MCF8316C/mcf8316c.c:1562:6:MCF8316C_Config_MPET	8	static
../Drivers/BSP/MCF8316C/mcf8316c.c:1567:6:MCF8316C_Start_MPET	16	static
../Drivers/BSP/MCF8316C/mcf8316c.c:1572:6:MCF8316C_Read_MPET_Results	32	static
../Drivers/BSP/MCF8316C/mcf8316c.c:1590:6:MCF8316C_Clear_Faults	16	static
../Drivers/BSP/MCF8316C/mcf8316c.c:1599:6:MCF8316C_Set_Speed	24	static
