../Drivers/BSP/ST7735/lcd.c:47:6:LCD_Test	48	static
../Drivers/BSP/ST7735/lcd.c:112:6:LCD_SetBrightness	16	static
../Drivers/BSP/ST7735/lcd.c:117:10:LCD_GetBrightness	4	static
../Drivers/BSP/ST7735/lcd.c:122:6:LCD_Clear	24	static
../Drivers/BSP/ST7735/lcd.c:129:6:LCD_Light	48	static
../Drivers/BSP/ST7735/lcd.c:177:6:LCD_ShowChar	128	dynamic
../Drivers/BSP/ST7735/lcd.c:261:6:LCD_ShowString	40	static
../Drivers/BSP/ST7735/lcd.c:276:16:lcd_init	16	static
../Drivers/BSP/ST7735/lcd.c:283:16:lcd_gettick	8	static
../Drivers/BSP/ST7735/lcd.c:288:16:lcd_writereg	32	static
../Drivers/BSP/ST7735/lcd.c:305:16:lcd_readreg	24	static
../Drivers/BSP/ST7735/lcd.c:322:16:lcd_senddata	24	static
../Drivers/BSP/ST7735/lcd.c:336:16:lcd_recvdata	24	static
